Component: ARM Compiler 5.06 update 2 (build 183) Tool: armlink [4d35b7]

==============================================================================

Section Cross References

    startup_cmsdk_cm0.o(STACK) refers (Special) to heapauxi.o(.text) for __use_two_region_memory
    startup_cmsdk_cm0.o(HEAP) refers (Special) to heapauxi.o(.text) for __use_two_region_memory
    startup_cmsdk_cm0.o(RESET) refers (Special) to heapauxi.o(.text) for __use_two_region_memory
    startup_cmsdk_cm0.o(RESET) refers to startup_cmsdk_cm0.o(STACK) for __initial_sp
    startup_cmsdk_cm0.o(RESET) refers to startup_cmsdk_cm0.o(.text) for Reset_Handler
    startup_cmsdk_cm0.o(RESET) refers to systick.o(.text) for SysTick_Handler
    startup_cmsdk_cm0.o(RESET) refers to console.o(.text) for UART_Handler
    startup_cmsdk_cm0.o(RESET) refers to gpio.o(.text) for GPIO0_Handler
    startup_cmsdk_cm0.o(.text) refers (Special) to heapauxi.o(.text) for __use_two_region_memory
    startup_cmsdk_cm0.o(.text) refers to system_cmsdk.o(.text) for SystemInit
    startup_cmsdk_cm0.o(.text) refers to __main.o(!!!main) for __main
    startup_cmsdk_cm0.o(.text) refers to startup_cmsdk_cm0.o(HEAP) for Heap_Mem
    startup_cmsdk_cm0.o(.text) refers to startup_cmsdk_cm0.o(STACK) for Stack_Mem
    system_cmsdk.o(.text) refers to system_cmsdk.o(.data) for SystemCoreClock
    demo.o(.text) refers to led.o(.text) for ledIOInit
    demo.o(.text) refers to uart.o(.text) for uart1Init
    demo.o(.text) refers to mpu9250.o(.text) for mpu9250Init
    demo.o(.text) refers to oled_dis.o(.text) for oledInit
    demo.o(.text) refers to systick.o(.text) for systickStart
    demo.o(.text) refers to console.o(.text) for uartConsoleInit
    demo.o(.text) refers to touch_detect.o(.text) for touchModuleInit
    hw_i2c.o(.text) refers to hw_i2c.o(.data) for mem_address_size
    gpio.o(.text) refers to gpio.o(.bss) for GPIOHandlerFunction
    mpu9250.o(.text) refers to gpio.o(.text) for GPIO_ConfigurePin
    mpu9250.o(.text) refers to hw_i2c.o(.text) for hwI2CInit
    uart.o(.text) refers to gpio.o(.text) for GPIO_ConfigurePin
    uart.o(.text) refers to rt_memclr.o(.text) for __aeabi_memclr4
    uart.o(.text) refers to vsprintf.o(.text) for vsprintf
    console.o(.text) refers to console.o(i.__ARM_common_switch8) for __ARM_common_switch8
    console.o(.text) refers to led.o(.text) for ledRedOn
    console.o(.text) refers to uart.o(.text) for printf_string
    console.o(.text) refers to oled_dis.o(.text) for oledPowerOn
    console.o(.text) refers to console.o(.constdata) for ccitt_table
    console.o(.text) refers to console.o(.bss) for rxFIFO
    console.o(.text) refers to console.o(.data) for rxFIFOPtr
    led.o(.text) refers to gpio.o(.text) for GPIO_ConfigurePin
    led.o(.text) refers to led.o(.data) for ledPort
    systick.o(.text) refers to systick.o(.data) for callback_function
    oled_dis.o(.text) refers to gpio.o(.text) for GPIO_SetActive
    oled_dis.o(.text) refers to oled_dis.o(.data) for oledI2CSDA
    touch_detect.o(.text) refers to led.o(.text) for ledGreenOff
    touch_detect.o(.text) refers to gpio.o(.text) for GPIO_ConfigurePin
    touch_detect.o(.text) refers to touch_detect.o(.data) for flag
    vsprintf.o(.text) refers (Special) to _printf_a.o(.ARM.Collect$$_printf_percent$$00000006) for _printf_a
    vsprintf.o(.text) refers (Special) to _printf_c.o(.ARM.Collect$$_printf_percent$$00000013) for _printf_c
    vsprintf.o(.text) refers (Special) to _printf_charcount.o(.text) for _printf_charcount
    vsprintf.o(.text) refers (Special) to _printf_d.o(.ARM.Collect$$_printf_percent$$00000009) for _printf_d
    vsprintf.o(.text) refers (Special) to _printf_e.o(.ARM.Collect$$_printf_percent$$00000004) for _printf_e
    vsprintf.o(.text) refers (Special) to _printf_f.o(.ARM.Collect$$_printf_percent$$00000003) for _printf_f
    vsprintf.o(.text) refers (Special) to printf1.o(x$fpl$printf1) for _printf_fp_dec
    vsprintf.o(.text) refers (Special) to printf2.o(x$fpl$printf2) for _printf_fp_hex
    vsprintf.o(.text) refers (Special) to _printf_g.o(.ARM.Collect$$_printf_percent$$00000005) for _printf_g
    vsprintf.o(.text) refers (Special) to _printf_i.o(.ARM.Collect$$_printf_percent$$00000008) for _printf_i
    vsprintf.o(.text) refers (Special) to _printf_dec.o(.text) for _printf_int_dec
    vsprintf.o(.text) refers (Special) to _printf_l.o(.ARM.Collect$$_printf_percent$$00000012) for _printf_l
    vsprintf.o(.text) refers (Special) to _printf_lc.o(.ARM.Collect$$_printf_percent$$00000015) for _printf_lc
    vsprintf.o(.text) refers (Special) to _printf_ll.o(.ARM.Collect$$_printf_percent$$00000007) for _printf_ll
    vsprintf.o(.text) refers (Special) to _printf_lld.o(.ARM.Collect$$_printf_percent$$0000000E) for _printf_lld
    vsprintf.o(.text) refers (Special) to _printf_lli.o(.ARM.Collect$$_printf_percent$$0000000D) for _printf_lli
    vsprintf.o(.text) refers (Special) to _printf_llo.o(.ARM.Collect$$_printf_percent$$00000010) for _printf_llo
[...]
    defsig.o(CL$$defsig) refers to defsig_rtmem_inner.o(.text) for __rt_SIGRTMEM_inner
    defsig_abrt_inner.o(.text) refers to defsig_general.o(.text) for __default_signal_display
    defsig_rtred_inner.o(.text) refers to defsig_general.o(.text) for __default_signal_display
    defsig_stak_inner.o(.text) refers to defsig_general.o(.text) for __default_signal_display
    defsig_pvfn_inner.o(.text) refers to defsig_general.o(.text) for __default_signal_display
    defsig_cppl_inner.o(.text) refers to defsig_general.o(.text) for __default_signal_display
    defsig_segv_inner.o(.text) refers to defsig_general.o(.text) for __default_signal_display
    defsig_other.o(.text) refers to defsig_general.o(.text) for __default_signal_display


==============================================================================

Removing Unused input sections from the image.

    Removing demo.o(.rev16_text), (4 bytes).
    Removing demo.o(.revsh_text), (4 bytes).
    Removing hw_i2c.o(.rev16_text), (4 bytes).
    Removing hw_i2c.o(.revsh_text), (4 bytes).
    Removing gpio.o(.rev16_text), (4 bytes).
    Removing gpio.o(.revsh_text), (4 bytes).
    Removing mpu9250.o(.rev16_text), (4 bytes).
    Removing mpu9250.o(.revsh_text), (4 bytes).
    Removing uart.o(.rev16_text), (4 bytes).
    Removing uart.o(.revsh_text), (4 bytes).
    Removing console.o(.rev16_text), (4 bytes).
    Removing console.o(.revsh_text), (4 bytes).
    Removing led.o(.rev16_text), (4 bytes).
    Removing led.o(.revsh_text), (4 bytes).
    Removing systick.o(.rev16_text), (4 bytes).
    Removing systick.o(.revsh_text), (4 bytes).
    Removing oled_dis.o(.rev16_text), (4 bytes).
    Removing oled_dis.o(.revsh_text), (4 bytes).
    Removing touch_detect.o(.rev16_text), (4 bytes).
    Removing touch_detect.o(.revsh_text), (4 bytes).

20 unused section(s) (total 80 bytes) removed from the image.

==============================================================================

Image Symbol Table

    Local Symbols

    Symbol Name                              Value     Ov Type        Size  Object(Section)

    ../clib/angel/boardlib.s                 0x00000000   Number         0  boardshut.o ABSOLUTE
    ../clib/angel/boardlib.s                 0x00000000   Number         0  boardinit3.o ABSOLUTE
    ../clib/angel/boardlib.s                 0x00000000   Number         0  boardinit2.o ABSOLUTE
    ../clib/angel/boardlib.s                 0x00000000   Number         0  boardinit1.o ABSOLUTE
    ../clib/angel/handlers.s                 0x00000000   Number         0  __scatter_copy.o ABSOLUTE
    ../clib/angel/handlers.s                 0x00000000   Number         0  __scatter_zi.o ABSOLUTE
    ../clib/angel/kernel.s                   0x00000000   Number         0  rtexit.o ABSOLUTE
    ../clib/angel/kernel.s                   0x00000000   Number         0  __rtentry.o ABSOLUTE
    ../clib/angel/kernel.s                   0x00000000   Number         0  __rtentry4.o ABSOLUTE
    ../clib/angel/kernel.s                   0x00000000   Number         0  rtexit2.o ABSOLUTE
    ../clib/angel/kernel.s                   0x00000000   Number         0  __rtentry2.o ABSOLUTE
    ../clib/angel/rt.s                       0x00000000   Number         0  rt_locale.o ABSOLUTE
    ../clib/angel/rt.s                       0x00000000   Number         0  aeabi_idiv0_sigfpe.o ABSOLUTE
    ../clib/angel/rt.s                       0x00000000   Number         0  aeabi_idiv0.o ABSOLUTE
    ../clib/angel/rt.s                       0x00000000   Number         0  rt_ctype_table.o ABSOLUTE
    ../clib/angel/rt.s                       0x00000000   Number         0  rt_div0.o ABSOLUTE
    ../clib/angel/rt.s                       0x00000000   Number         0  rt_locale_intlibspace.o ABSOLUTE
    ../clib/angel/rt.s                       0x00000000   Number         0  rt_raise.o ABSOLUTE
    ../clib/angel/scatterp.s                 0x00000000   Number         0  __scatter.o ABSOLUTE
    ../clib/angel/startup.s                  0x00000000   Number         0  __main.o ABSOLUTE
    ../clib/angel/sys.s                      0x00000000   Number         0  tempstk.o ABSOLUTE
    ../clib/angel/sys.s                      0x00000000   Number         0  use_no_semi.o ABSOLUTE
    ../clib/angel/sys.s                      0x00000000   Number         0  libspace.o ABSOLUTE
    ../clib/angel/sys.s                      0x00000000   Number         0  sys_stackheap_outer.o ABSOLUTE
    ../clib/angel/sys.s                      0x00000000   Number         0  indicate_semi.o ABSOLUTE
    ../clib/angel/sysapp.c                   0x00000000   Number         0  sys_wrch.o ABSOLUTE
    ../clib/angel/sysapp.c                   0x00000000   Number         0  sys_exit.o ABSOLUTE
    ../clib/angel/sysapp.c                   0x00000000   Number         0  sys_command.o ABSOLUTE
    ../clib/armsys.c                         0x00000000   Number         0  argv_veneer.o ABSOLUTE
    ../clib/armsys.c                         0x00000000   Number         0  no_argv.o ABSOLUTE
    ../clib/armsys.c                         0x00000000   Number         0  _get_argv_nomalloc.o ABSOLUTE
    ../clib/bigflt.c                         0x00000000   Number         0  bigflt0.o ABSOLUTE
    ../clib/btod.c                           0x00000000   Number         0  btod.o ABSOLUTE
    ../clib/division.c                       0x00000000   Number         0  rtudiv10.o ABSOLUTE
    ../clib/division.c                       0x00000000   Number         0  lludiv10.o ABSOLUTE
    ../clib/division.s                       0x00000000   Number         0  aeabi_sdiv.o ABSOLUTE
    ../clib/division.s                       0x00000000   Number         0  aeabi_sdiv_div0.o ABSOLUTE
    ../clib/heapalloc.c                      0x00000000   Number         0  hrguard.o ABSOLUTE
    ../clib/heapaux.c                        0x00000000   Number         0  heapauxi.o ABSOLUTE
    ../clib/libinit.s                        0x00000000   Number         0  libinit.o ABSOLUTE
    ../clib/libinit.s                        0x00000000   Number         0  libinit2.o ABSOLUTE
    ../clib/libinit.s                        0x00000000   Number         0  libshutdown.o ABSOLUTE
    ../clib/libinit.s                        0x00000000   Number         0  libshutdown2.o ABSOLUTE
    ../clib/locale.c                         0x00000000   Number         0  _wcrtomb.o ABSOLUTE
    ../clib/locale.s                         0x00000000   Number         0  lc_ctype_c.o ABSOLUTE
    ../clib/locale.s                         0x00000000   Number         0  lc_numeric_c.o ABSOLUTE
    ../clib/memcpset.c                       0x00000000   Number         0  rt_memclr.o ABSOLUTE
    ../clib/misc.s                           0x00000000   Number         0  printf_stubs.o ABSOLUTE
    ../clib/printf.c                         0x00000000   Number         0  _printf_hex_int_ll.o ABSOLUTE
    ../clib/printf.c                         0x00000000   Number         0  _printf_hex_ptr.o ABSOLUTE
    ../clib/printf.c                         0x00000000   Number         0  _printf_hex_int_ptr.o ABSOLUTE
    ../clib/printf.c                         0x00000000   Number         0  _printf_hex_ll_ptr.o ABSOLUTE
    ../clib/printf.c                         0x00000000   Number         0  _printf_hex_int_ll_ptr.o ABSOLUTE
    ../clib/printf.c                         0x00000000   Number         0  __printf_flags.o ABSOLUTE
    ../clib/printf.c                         0x00000000   Number         0  __printf_ss.o ABSOLUTE
    ../clib/printf.c                         0x00000000   Number         0  __printf_flags_ss.o ABSOLUTE
    ../clib/printf.c                         0x00000000   Number         0  _printf_fp_infnan.o ABSOLUTE
    ../clib/printf.c                         0x00000000   Number         0  __printf_wp.o ABSOLUTE
    ../clib/printf.c                         0x00000000   Number         0  __printf_flags_wp.o ABSOLUTE
    ../clib/printf.c                         0x00000000   Number         0  __printf_ss_wp.o ABSOLUTE
    ../clib/printf.c                         0x00000000   Number         0  __printf_flags_ss_wp.o ABSOLUTE
    ../clib/printf.c                         0x00000000   Number         0  _printf_wchar.o ABSOLUTE
    ../clib/printf.c                         0x00000000   Number         0  vsprintf.o ABSOLUTE
    ../clib/printf.c                         0x00000000   Number         0  __printf.o ABSOLUTE
    ../clib/printf.c                         0x00000000   Number         0  _printf_pad.o ABSOLUTE
    ../clib/printf.c                         0x00000000   Number         0  _printf_truncate.o ABSOLUTE
    ../clib/printf.c                         0x00000000   Number         0  _printf_char.o ABSOLUTE
    ../clib/printf.c                         0x00000000   Number         0  _printf_str.o ABSOLUTE
    ../clib/printf.c                         0x00000000   Number         0  __printf_nopercent.o ABSOLUTE
    ../clib/printf.c                         0x00000000   Number         0  _printf_dec.o ABSOLUTE
    ../clib/printf.c                         0x00000000   Number         0  _printf_fp_hex.o ABSOLUTE
    ../clib/printf.c                         0x00000000   Number         0  _printf_charcount.o ABSOLUTE
    ../clib/printf.c                         0x00000000   Number         0  _printf_fp_dec.o ABSOLUTE
    ../clib/printf.c                         0x00000000   Number         0  _printf_char_common.o ABSOLUTE
    ../clib/printf.c                         0x00000000   Number         0  _printf_intcommon.o ABSOLUTE
    ../clib/printf.c                         0x00000000   Number         0  _sputc.o ABSOLUTE
    ../clib/printf.c                         0x00000000   Number         0  _printf_wctomb.o ABSOLUTE
    ../clib/printf.c                         0x00000000   Number         0  _printf_longlong_dec.o ABSOLUTE
    ../clib/printf.c                         0x00000000   Number         0  _printf_oct_ll.o ABSOLUTE
    ../clib/printf.c                         0x00000000   Number         0  _printf_oct_int.o ABSOLUTE
    ../clib/printf.c                         0x00000000   Number         0  _printf_oct_int_ll.o ABSOLUTE
    ../clib/printf.c                         0x00000000   Number         0  _printf_hex_ll.o ABSOLUTE
    ../clib/printf.c                         0x00000000   Number         0  _printf_hex_int.o ABSOLUTE
    ../clib/printf_percent.s                 0x00000000   Number         0  _printf_g.o ABSOLUTE
    ../clib/printf_percent.s                 0x00000000   Number         0  _printf_llx.o ABSOLUTE
    ../clib/printf_percent.s                 0x00000000   Number         0  _printf_e.o ABSOLUTE
    ../clib/printf_percent.s                 0x00000000   Number         0  _printf_lc.o ABSOLUTE
    ../clib/printf_percent.s                 0x00000000   Number         0  _printf_percent_end.o ABSOLUTE
    ../clib/printf_percent.s                 0x00000000   Number         0  _printf_percent.o ABSOLUTE
    ../clib/printf_percent.s                 0x00000000   Number         0  _printf_f.o ABSOLUTE
    ../clib/printf_percent.s                 0x00000000   Number         0  _printf_u.o ABSOLUTE
    ../clib/printf_percent.s                 0x00000000   Number         0  _printf_d.o ABSOLUTE
    ../clib/printf_percent.s                 0x00000000   Number         0  _printf_i.o ABSOLUTE
    ../clib/printf_percent.s                 0x00000000   Number         0  _printf_o.o ABSOLUTE
    ../clib/printf_percent.s                 0x00000000   Number         0  _printf_p.o ABSOLUTE
    ../clib/printf_percent.s                 0x00000000   Number         0  _printf_x.o ABSOLUTE
    ../clib/printf_percent.s                 0x00000000   Number         0  _printf_n.o ABSOLUTE
    ../clib/printf_percent.s                 0x00000000   Number         0  _printf_ll.o ABSOLUTE
    ../clib/printf_percent.s                 0x00000000   Number         0  _printf_c.o ABSOLUTE
    ../clib/printf_percent.s                 0x00000000   Number         0  _printf_l.o ABSOLUTE
    ../clib/printf_percent.s                 0x00000000   Number         0  _printf_llu.o ABSOLUTE
    ../clib/printf_percent.s                 0x00000000   Number         0  _printf_llo.o ABSOLUTE
    ../clib/printf_percent.s                 0x00000000   Number         0  _printf_ls.o ABSOLUTE
    ../clib/printf_percent.s                 0x00000000   Number         0  _printf_lld.o ABSOLUTE
    ../clib/printf_percent.s                 0x00000000   Number         0  _printf_lli.o ABSOLUTE
    ../clib/printf_percent.s                 0x00000000   Number         0  _printf_s.o ABSOLUTE
    ../clib/printf_percent.s                 0x00000000   Number         0  _printf_a.o ABSOLUTE
    ../clib/signal.c                         0x00000000   Number         0  __raise.o ABSOLUTE
    ../clib/signal.c                         0x00000000   Number         0  defsig_segv_inner.o ABSOLUTE
    ../clib/signal.c                         0x00000000   Number         0  defsig_rtmem_inner.o ABSOLUTE
    ../clib/signal.c                         0x00000000   Number         0  defsig_cppl_inner.o ABSOLUTE
    ../clib/signal.c                         0x00000000   Number         0  defsig_pvfn_inner.o ABSOLUTE
    ../clib/signal.c                         0x00000000   Number         0  defsig_general.o ABSOLUTE
    ../clib/signal.c                         0x00000000   Number         0  defsig_rtmem_formal.o ABSOLUTE
    ../clib/signal.c                         0x00000000   Number         0  defsig_rtmem_outer.o ABSOLUTE
    ../clib/signal.c                         0x00000000   Number         0  defsig_stak_inner.o ABSOLUTE
    ../clib/signal.c                         0x00000000   Number         0  defsig_rtred_inner.o ABSOLUTE
    ../clib/signal.c                         0x00000000   Number         0  defsig_abrt_inner.o ABSOLUTE
    ../clib/signal.c                         0x00000000   Number         0  defsig_fpe_inner.o ABSOLUTE
    ../clib/signal.c                         0x00000000   Number         0  defsig_exit.o ABSOLUTE
    ../clib/signal.c                         0x00000000   Number         0  defsig_other.o ABSOLUTE
    ../clib/signal.c                         0x00000000   Number         0  defsig_fpe_formal.o ABSOLUTE
    ../clib/signal.c                         0x00000000   Number         0  defsig_fpe_outer.o ABSOLUTE
    ../clib/signal.s                         0x00000000   Number         0  defsig.o ABSOLUTE
    ../clib/stdlib.c                         0x00000000   Number         0  exit.o ABSOLUTE
    ../clib/string.c                         0x00000000   Number         0  strcmp.o ABSOLUTE
    ../fplib/cfplib/fpinit.c                 0x00000000   Number         0  fpinit.o ABSOLUTE
    ../fplib/cfplib/ieee_status.c            0x00000000   Number         0  ieee_status.o ABSOLUTE
    ../fplib/printf1.s                       0x00000000   Number         0  printf1.o ABSOLUTE
    ../fplib/printf2.s                       0x00000000   Number         0  printf2.o ABSOLUTE
    ../fplib/printf2a.s                      0x00000000   Number         0  printf2a.o ABSOLUTE
    ../fplib/printf2b.s                      0x00000000   Number         0  printf2b.o ABSOLUTE
    ../fplib/usenofp.s                       0x00000000   Number         0  usenofp.o ABSOLUTE
    ../mathlib/fpclassify.c                  0x00000000   Number         0  fpclassify.o ABSOLUTE
    dc.s                                     0x00000000   Number         0  dc.o ABSOLUTE
    src\\console\\console.c                  0x00000000   Number         0  console.o ABSOLUTE
    src\\demo.c                              0x00000000   Number         0  demo.o ABSOLUTE
    src\\gpio\\gpio.c                        0x00000000   Number         0  gpio.o ABSOLUTE
    src\\i2c\\hw_i2c.c                       0x00000000   Number         0  hw_i2c.o ABSOLUTE
    src\\led\\led.c                          0x00000000   Number         0  led.o ABSOLUTE
    src\\mpu9250\\mpu9250.c                  0x00000000   Number         0  mpu9250.o ABSOLUTE
    src\\oled_dis\\oled_dis.c                0x00000000   Number         0  oled_dis.o ABSOLUTE
    src\\systick\\systick.c                  0x00000000   Number         0  systick.o ABSOLUTE
    src\\touch_detect\\touch_detect.c        0x00000000   Number         0  touch_detect.o ABSOLUTE
    src\\uart\\uart.c                        0x00000000   Number         0  uart.o ABSOLUTE
    src\console\console.c                    0x00000000   Number         0  console.o ABSOLUTE
    src\demo.c                               0x00000000   Number         0  demo.o ABSOLUTE
    src\gpio\gpio.c                          0x00000000   Number         0  gpio.o ABSOLUTE
    src\i2c\hw_i2c.c                         0x00000000   Number         0  hw_i2c.o ABSOLUTE
    src\led\led.c                            0x00000000   Number         0  led.o ABSOLUTE
    src\mpu9250\mpu9250.c                    0x00000000   Number         0  mpu9250.o ABSOLUTE
    src\oled_dis\oled_dis.c                  0x00000000   Number         0  oled_dis.o ABSOLUTE
    src\systick\systick.c                    0x00000000   Number         0  systick.o ABSOLUTE
    src\touch_detect\touch_detect.c          0x00000000   Number         0  touch_detect.o ABSOLUTE
    src\uart\uart.c                          0x00000000   Number         0  uart.o ABSOLUTE
    startup\startup_CMSDK_CM0.s              0x00000000   Number         0  startup_cmsdk_cm0.o ABSOLUTE
    startup\system_CMSDK.c                   0x00000000   Number         0  system_cmsdk.o ABSOLUTE
    RESET                                    0x20000000   Section      160  startup_cmsdk_cm0.o(RESET)
    !!!main                                  0x200000a0   Section        8  __main.o(!!!main)
    !!!scatter                               0x200000a8   Section       60  __scatter.o(!!!scatter)
    !!handler_copy                           0x200000e4   Section       26  __scatter_copy.o(!!handler_copy)
    !!handler_zi                             0x20000100   Section       28  __scatter_zi.o(!!handler_zi)
    .ARM.Collect$$_printf_percent$$00000000  0x2000011c   Section        2  _printf_percent.o(.ARM.Collect$$_printf_percent$$00000000)
    .ARM.Collect$$_printf_percent$$00000001  0x2000011e   Section       10  _printf_n.o(.ARM.Collect$$_printf_percent$$00000001)
    .ARM.Collect$$_printf_percent$$00000002  0x20000128   Section       10  _printf_p.o(.ARM.Collect$$_printf_percent$$00000002)
    .ARM.Collect$$_printf_percent$$00000003  0x20000132   Section       10  _printf_f.o(.ARM.Collect$$_printf_percent$$00000003)
    .ARM.Collect$$_printf_percent$$00000004  0x2000013c   Section       10  _printf_e.o(.ARM.Collect$$_printf_percent$$00000004)
    .ARM.Collect$$_printf_percent$$00000005  0x20000146   Section       10  _printf_g.o(.ARM.Collect$$_printf_percent$$00000005)
    .ARM.Collect$$_printf_percent$$00000006  0x20000150   Section       10  _printf_a.o(.ARM.Collect$$_printf_percent$$00000006)
    .ARM.Collect$$_printf_percent$$00000007  0x2000015a   Section       10  _printf_ll.o(.ARM.Collect$$_printf_percent$$00000007)
    .ARM.Collect$$_printf_percent$$00000008  0x20000164   Section       10  _printf_i.o(.ARM.Collect$$_printf_percent$$00000008)
    .ARM.Collect$$_printf_percent$$00000009  0x2000016e   Section       10  _printf_d.o(.ARM.Collect$$_printf_percent$$00000009)
    .ARM.Collect$$_printf_percent$$0000000A  0x20000178   Section       10  _printf_u.o(.ARM.Collect$$_printf_percent$$0000000A)
    .ARM.Collect$$_printf_percent$$0000000B  0x20000182   Section       10  _printf_o.o(.ARM.Collect$$_printf_percent$$0000000B)
    .ARM.Collect$$_printf_percent$$0000000C  0x2000018c   Section       10  _printf_x.o(.ARM.Collect$$_printf_percent$$0000000C)
    .ARM.Collect$$_printf_percent$$0000000D  0x20000196   Section       10  _printf_lli.o(.ARM.Collect$$_printf_percent$$0000000D)
    .ARM.Collect$$_printf_percent$$0000000E  0x200001a0   Section       10  _printf_lld.o(.ARM.Collect$$_printf_percent$$0000000E)
    .ARM.Collect$$_printf_percent$$0000000F  0x200001aa   Section       10  _printf_llu.o(.ARM.Collect$$_printf_percent$$0000000F)
    .ARM.Collect$$_printf_percent$$00000010  0x200001b4   Section       10  _printf_llo.o(.ARM.Collect$$_printf_percent$$00000010)
    .ARM.Collect$$_printf_percent$$00000011  0x200001be   Section       10  _printf_llx.o(.ARM.Collect$$_printf_percent$$00000011)
    .ARM.Collect$$_printf_percent$$00000012  0x200001c8   Section       10  _printf_l.o(.ARM.Collect$$_printf_percent$$00000012)
    .ARM.Collect$$_printf_percent$$00000013  0x200001d2   Section       10  _printf_c.o(.ARM.Collect$$_printf_percent$$00000013)
    .ARM.Collect$$_printf_percent$$00000014  0x200001dc   Section       10  _printf_s.o(.ARM.Collect$$_printf_percent$$00000014)
    .ARM.Collect$$_printf_percent$$00000015  0x200001e6   Section       10  _printf_lc.o(.ARM.Collect$$_printf_percent$$00000015)
    .ARM.Collect$$_printf_percent$$00000016  0x200001f0   Section       10  _printf_ls.o(.ARM.Collect$$_printf_percent$$00000016)
    .ARM.Collect$$_printf_percent$$00000017  0x200001fa   Section        4  _printf_percent_end.o(.ARM.Collect$$_printf_percent$$00000017)
    .ARM.Collect$$libinit$$00000000          0x200001fe   Section        2  libinit.o(.ARM.Collect$$libinit$$00000000)
    .ARM.Collect$$libinit$$00000002          0x20000200   Section        0  libinit2.o(.ARM.Collect$$libinit$$00000002)
    .ARM.Collect$$libinit$$00000004          0x20000200   Section        0  libinit2.o(.ARM.Collect$$libinit$$00000004)
    .ARM.Collect$$libinit$$0000000A          0x20000200   Section        0  libinit2.o(.ARM.Collect$$libinit$$0000000A)
    .ARM.Collect$$libinit$$0000000C          0x20000200   Section        0  libinit2.o(.ARM.Collect$$libinit$$0000000C)
    .ARM.Collect$$libinit$$0000000E          0x20000200   Section        0  libinit2.o(.ARM.Collect$$libinit$$0000000E)
    .ARM.Collect$$libinit$$0000000F          0x20000200   Section        6  libinit2.o(.ARM.Collect$$libinit$$0000000F)
    .ARM.Collect$$libinit$$00000011          0x20000206   Section        0  libinit2.o(.ARM.Collect$$libinit$$00000011)
    .ARM.Collect$$libinit$$00000012          0x20000206   Section       12  libinit2.o(.ARM.Collect$$libinit$$00000012)
    .ARM.Collect$$libinit$$00000013          0x20000212   Section        0  libinit2.o(.ARM.Collect$$libinit$$00000013)
    .ARM.Collect$$libinit$$00000015          0x20000212   Section        0  libinit2.o(.ARM.Collect$$libinit$$00000015)
    .ARM.Collect$$libinit$$00000016          0x20000212   Section       10  libinit2.o(.ARM.Collect$$libinit$$00000016)
    .ARM.Collect$$libinit$$00000017          0x2000021c   Section        0  libinit2.o(.ARM.Collect$$libinit$$00000017)
    .ARM.Collect$$libinit$$00000019          0x2000021c   Section        0  libinit2.o(.ARM.Collect$$libinit$$00000019)
    .ARM.Collect$$libinit$$0000001B          0x2000021c   Section        0  libinit2.o(.ARM.Collect$$libinit$$0000001B)
    .ARM.Collect$$libinit$$0000001D          0x2000021c   Section        0  libinit2.o(.ARM.Collect$$libinit$$0000001D)
    .ARM.Collect$$libinit$$0000001F          0x2000021c   Section        0  libinit2.o(.ARM.Collect$$libinit$$0000001F)
    .ARM.Collect$$libinit$$00000021          0x2000021c   Section        0  libinit2.o(.ARM.Collect$$libinit$$00000021)
    .ARM.Collect$$libinit$$00000023          0x2000021c   Section        0  libinit2.o(.ARM.Collect$$libinit$$00000023)
    .ARM.Collect$$libinit$$00000025          0x2000021c   Section        0  libinit2.o(.ARM.Collect$$libinit$$00000025)
    .ARM.Collect$$libinit$$0000002C          0x2000021c   Section        0  libinit2.o(.ARM.Collect$$libinit$$0000002C)
    .ARM.Collect$$libinit$$0000002E          0x2000021c   Section        0  libinit2.o(.ARM.Collect$$libinit$$0000002E)
    .ARM.Collect$$libinit$$00000030          0x2000021c   Section        0  libinit2.o(.ARM.Collect$$libinit$$00000030)
    .ARM.Collect$$libinit$$00000032          0x2000021c   Section        0  libinit2.o(.ARM.Collect$$libinit$$00000032)
    .ARM.Collect$$libinit$$00000033          0x2000021c   Section        2  libinit2.o(.ARM.Collect$$libinit$$00000033)
    .ARM.Collect$$libshutdown$$00000000      0x2000021e   Section        2  libshutdown.o(.ARM.Collect$$libshutdown$$00000000)
    .ARM.Collect$$libshutdown$$00000002      0x20000220   Section        0  libshutdown2.o(.ARM.Collect$$libshutdown$$00000002)
    .ARM.Collect$$libshutdown$$00000004      0x20000220   Section        0  libshutdown2.o(.ARM.Collect$$libshutdown$$00000004)
    .ARM.Collect$$libshutdown$$00000007      0x20000220   Section        0  libshutdown2.o(.ARM.Collect$$libshutdown$$00000007)
    .ARM.Collect$$libshutdown$$0000000A      0x20000220   Section        0  libshutdown2.o(.ARM.Collect$$libshutdown$$0000000A)
    .ARM.Collect$$libshutdown$$0000000C      0x20000220   Section        0  libshutdown2.o(.ARM.Collect$$libshutdown$$0000000C)
    .ARM.Collect$$libshutdown$$0000000F      0x20000220   Section        0  libshutdown2.o(.ARM.Collect$$libshutdown$$0000000F)
    .ARM.Collect$$libshutdown$$00000010      0x20000220   Section        2  libshutdown2.o(.ARM.Collect$$libshutdown$$00000010)
    .ARM.Collect$$rtentry$$00000000          0x20000222   Section        0  __rtentry.o(.ARM.Collect$$rtentry$$00000000)
    .ARM.Collect$$rtentry$$00000002          0x20000222   Section        0  __rtentry2.o(.ARM.Collect$$rtentry$$00000002)
    .ARM.Collect$$rtentry$$00000004          0x20000222   Section        6  __rtentry4.o(.ARM.Collect$$rtentry$$00000004)
    .ARM.Collect$$rtentry$$00000009          0x20000228   Section        0  __rtentry2.o(.ARM.Collect$$rtentry$$00000009)
    .ARM.Collect$$rtentry$$0000000A          0x20000228   Section        4  __rtentry2.o(.ARM.Collect$$rtentry$$0000000A)
    .ARM.Collect$$rtentry$$0000000C          0x2000022c   Section        0  __rtentry2.o(.ARM.Collect$$rtentry$$0000000C)
    .ARM.Collect$$rtentry$$0000000D          0x2000022c   Section        8  __rtentry2.o(.ARM.Collect$$rtentry$$0000000D)
    .ARM.Collect$$rtexit$$00000000           0x20000234   Section        2  rtexit.o(.ARM.Collect$$rtexit$$00000000)
    .ARM.Collect$$rtexit$$00000002           0x20000236   Section        0  rtexit2.o(.ARM.Collect$$rtexit$$00000002)
    .ARM.Collect$$rtexit$$00000003           0x20000236   Section        4  rtexit2.o(.ARM.Collect$$rtexit$$00000003)
    .ARM.Collect$$rtexit$$00000004           0x2000023a   Section        6  rtexit2.o(.ARM.Collect$$rtexit$$00000004)
    .text                                    0x20000240   Section       56  startup_cmsdk_cm0.o(.text)
    .text                                    0x20000278   Section        0  system_cmsdk.o(.text)
    .text                                    0x20000290   Section        0  demo.o(.text)
    .text                                    0x20000338   Section        0  hw_i2c.o(.text)
    hwI2CSendAddress                         0x20000405   Thumb Code   102  hw_i2c.o(.text)
    __get_PRIMASK                            0x2000065f   Thumb Code     6  hw_i2c.o(.text)
    __set_PRIMASK                            0x20000665   Thumb Code     6  hw_i2c.o(.text)
    .text                                    0x2000067c   Section        0  gpio.o(.text)
    gpioshift16                              0x2000067d   Thumb Code    34  gpio.o(.text)
    NVIC_SetPriority                         0x20000abf   Thumb Code   110  gpio.o(.text)
    .text                                    0x20000b34   Section        0  mpu9250.o(.text)
    .text                                    0x20000c94   Section        0  uart.o(.text)
    NVIC_SetPriority                         0x20000de1   Thumb Code   114  uart.o(.text)
    .text                                    0x20000e64   Section        0  console.o(.text)
    .text                                    0x20001030   Section        0  led.o(.text)
    .text                                    0x200010b8   Section        0  systick.o(.text)
    .text                                    0x2000118c   Section        0  oled_dis.o(.text)
    .text                                    0x20001480   Section        0  touch_detect.o(.text)
    .text                                    0x200014dc   Section        0  vsprintf.o(.text)
    .text                                    0x20001500   Section        0  rt_memclr.o(.text)
    .text                                    0x20001540   Section        0  heapauxi.o(.text)
    .text                                    0x20001546   Section        0  _printf_pad.o(.text)
    .text                                    0x20001594   Section        0  _printf_truncate.o(.text)
    .text                                    0x200015b8   Section        0  _printf_str.o(.text)
    .text                                    0x2000160c   Section        0  _printf_dec.o(.text)
    .text                                    0x20001678   Section        0  _printf_charcount.o(.text)
    .text                                    0x200016a0   Section        0  _printf_char_common.o(.text)
    _printf_input_char                       0x200016a1   Thumb Code    10  _printf_char_common.o(.text)
    .text                                    0x200016d0   Section        0  _sputc.o(.text)
    .text                                    0x200016dc   Section        0  _printf_wctomb.o(.text)
    .text                                    0x20001798   Section        0  _printf_longlong_dec.o(.text)
    .text                                    0x20001808   Section        0  _printf_oct_int_ll.o(.text)
    _printf_longlong_oct_internal            0x20001809   Thumb Code     0  _printf_oct_int_ll.o(.text)
    .text                                    0x20001878   Section        0  _printf_hex_int_ll_ptr.o(.text)
    _printf_hex_common                       0x20001879   Thumb Code     0  _printf_hex_int_ll_ptr.o(.text)
    .text                                    0x20001910   Section        0  __printf_flags_ss_wp.o(.text)
    .text                                    0x20001a98   Section        0  lludiv10.o(.text)
    .text                                    0x20001b12   Section        0  _printf_intcommon.o(.text)
    .text                                    0x20001bc4   Section        0  _printf_fp_dec.o(.text)
    _fp_digits                               0x20001bc7   Thumb Code   408  _printf_fp_dec.o(.text)
    .text                                    0x20001fd8   Section        0  _printf_fp_hex.o(.text)
    .text                                    0x200022b0   Section        0  _printf_char.o(.text)
    .text                                    0x200022de   Section        0  _printf_wchar.o(.text)
    .text                                    0x2000230c   Section        0  _wcrtomb.o(.text)
    .text                                    0x2000234c   Section        0  rtudiv10.o(.text)
    .text                                    0x20002374   Section       62  sys_stackheap_outer.o(.text)
    .text                                    0x200023b4   Section       16  rt_ctype_table.o(.text)
    .text                                    0x200023c4   Section        8  rt_locale_intlibspace.o(.text)
    .text                                    0x200023cc   Section        0  _printf_fp_infnan.o(.text)
    .text                                    0x20002454   Section        0  bigflt0.o(.text)
    .text                                    0x2000251c   Section        0  btod.o(.text)
    btod_internal_mul                        0x2000255d   Thumb Code   456  btod.o(.text)
    btod_internal_div                        0x20002725   Thumb Code   494  btod.o(.text)
    .text                                    0x200029c4   Section        0  exit.o(.text)
    .text                                    0x200029d4   Section      346  aeabi_sdiv.o(.text)
    .text                                    0x20002b30   Section        8  libspace.o(.text)
    .text                                    0x20002b38   Section        0  strcmp.o(.text)
    .text                                    0x20002bc0   Section        0  sys_exit.o(.text)
    .text                                    0x20002bcc   Section        2  use_no_semi.o(.text)
    .text                                    0x20002bce   Section        0  indicate_semi.o(.text)
    i.__ARM_common_ll_muluu                  0x20002bce   Section        0  btod.o(i.__ARM_common_ll_muluu)
    i.__ARM_common_switch8                   0x20002bfe   Section        0  console.o(i.__ARM_common_switch8)
    i.__ARM_fpclassify                       0x20002c1c   Section        0  fpclassify.o(i.__ARM_fpclassify)
    i._is_digit                              0x20002c48   Section        0  __printf_wp.o(i._is_digit)
    locale$$code                             0x20002c58   Section       44  lc_numeric_c.o(locale$$code)
    locale$$code                             0x20002c84   Section       44  lc_ctype_c.o(locale$$code)
    x$fpl$printf1                            0x20002cb0   Section       16  printf1.o(x$fpl$printf1)
    x$fpl$printf2                            0x20002cc0   Section       16  printf2.o(x$fpl$printf2)
    .constdata                               0x20002cd0   Section      512  console.o(.constdata)
    x$fpl$usenofp                            0x20002cd0   Section        0  usenofp.o(x$fpl$usenofp)
    ccitt_table                              0x20002cd0   Data         512  console.o(.constdata)
    .constdata                               0x20002ed0   Section        8  _printf_wctomb.o(.constdata)
    initial_mbstate                          0x20002ed0   Data           8  _printf_wctomb.o(.constdata)
    .constdata                               0x20002ed8   Section       40  _printf_hex_int_ll_ptr.o(.constdata)
    uc_hextab                                0x20002ed8   Data          20  _printf_hex_int_ll_ptr.o(.constdata)
    lc_hextab                                0x20002eec   Data          20  _printf_hex_int_ll_ptr.o(.constdata)
    .constdata                               0x20002f00   Section       17  __printf_flags_ss_wp.o(.constdata)
    maptable                                 0x20002f00   Data          17  __printf_flags_ss_wp.o(.constdata)
    .constdata                               0x20002f11   Section       38  _printf_fp_hex.o(.constdata)
    lc_hextab                                0x20002f11   Data          19  _printf_fp_hex.o(.constdata)
    uc_hextab                                0x20002f24   Data          19  _printf_fp_hex.o(.constdata)
    .constdata                               0x20002f38   Section      148  bigflt0.o(.constdata)
    tenpwrs_x                                0x20002f38   Data          60  bigflt0.o(.constdata)
    tenpwrs_i                                0x20002f74   Data          64  bigflt0.o(.constdata)
    locale$$data                             0x20002fec   Section       28  lc_numeric_c.o(locale$$data)
    __lcnum_c_name                           0x20002ff0   Data           2  lc_numeric_c.o(locale$$data)
    __lcnum_c_start                          0x20002ff8   Data           0  lc_numeric_c.o(locale$$data)
    __lcnum_c_point                          0x20003004   Data           0  lc_numeric_c.o(locale$$data)
    __lcnum_c_thousands                      0x20003006   Data           0  lc_numeric_c.o(locale$$data)
    __lcnum_c_grouping                       0x20003007   Data           0  lc_numeric_c.o(locale$$data)
    locale$$data                             0x20003008   Section      272  lc_ctype_c.o(locale$$data)
    __lcnum_c_end                            0x20003008   Data           0  lc_numeric_c.o(locale$$data)
    __lcctype_c_name                         0x2000300c   Data           2  lc_ctype_c.o(locale$$data)
    __lcctype_c_start                        0x20003014   Data           0  lc_ctype_c.o(locale$$data)
    __lcctype_c_end                          0x20003118   Data           0  lc_ctype_c.o(locale$$data)
    .data                                    0x20008000   Section        8  system_cmsdk.o(.data)
    .data                                    0x20008008   Section        2  hw_i2c.o(.data)
    mem_address_size                         0x20008008   Data           1  hw_i2c.o(.data)
    i2c_dev_address                          0x20008009   Data           1  hw_i2c.o(.data)
    .data                                    0x2000800a   Section        2  console.o(.data)
    rxFIFOPtr                                0x2000800a   Data           2  console.o(.data)
    .data                                    0x2000800c   Section        3  led.o(.data)
    ledPort                                  0x2000800c   Data           1  led.o(.data)
    redPin                                   0x2000800d   Data           1  led.o(.data)
    greenPin                                 0x2000800e   Data           1  led.o(.data)
    .data                                    0x20008010   Section        8  systick.o(.data)
    .data                                    0x20008018   Section        7  oled_dis.o(.data)
    oledPowerControlPort                     0x20008018   Data           1  oled_dis.o(.data)
    oledPowerControlPin                      0x20008019   Data           1  oled_dis.o(.data)
    resetPort                                0x2000801a   Data           1  oled_dis.o(.data)
    resetPin                                 0x2000801b   Data           1  oled_dis.o(.data)
    oledI2CPort                              0x2000801c   Data           1  oled_dis.o(.data)
    oledI2CSCL                               0x2000801d   Data           1  oled_dis.o(.data)
    oledI2CSDA                               0x2000801e   Data           1  oled_dis.o(.data)
    .data                                    0x2000801f   Section        1  touch_detect.o(.data)
    flag                                     0x2000801f   Data           1  touch_detect.o(.data)
    .bss                                     0x20008020   Section       20  gpio.o(.bss)
    .bss                                     0x20008034   Section      128  console.o(.bss)
    rxFIFO                                   0x20008034   Data         128  console.o(.bss)
    .bss                                     0x200080b4   Section       96  libspace.o(.bss)
    HEAP                                     0x20008118   Section      256  startup_cmsdk_cm0.o(HEAP)
    Heap_Mem                                 0x20008118   Data         256  startup_cmsdk_cm0.o(HEAP)
    STACK                                    0x20008218   Section      512  startup_cmsdk_cm0.o(STACK)
    Stack_Mem                                0x20008218   Data         512  startup_cmsdk_cm0.o(STACK)
    __initial_sp                             0x20008418   Data           0  startup_cmsdk_cm0.o(STACK)

    Global Symbols

    Symbol Name                              Value     Ov Type        Size  Object(Section)

    BuildAttributes$$THM_ISAv3M$S$PE$A:L22$X:L11$S22$IEEE1$IW$USESV6$~STKCKD$USESV7$~SHL$OTIME$ROPI$IEEEJ$EBA8$UX$STANDARDLIB$REQ8$PRES8$EABIv2 0x00000000   Number         0  anon$$obj.o ABSOLUTE
    __ARM_use_no_argv                        0x00000000   Number         0  demo.o ABSOLUTE
    _printf_flags                            0x00000000   Number         0  printf_stubs.o ABSOLUTE
    _printf_return_value                     0x00000000   Number         0  printf_stubs.o ABSOLUTE
    _printf_sizespec                         0x00000000   Number         0  printf_stubs.o ABSOLUTE
    _printf_widthprec                        0x00000000   Number         0  printf_stubs.o ABSOLUTE
    __ARM_exceptions_init                     - Undefined Weak Reference
    __alloca_initialize                       - Undefined Weak Reference
    __arm_preinit_                            - Undefined Weak Reference
    __cpp_initialize__aeabi_                  - Undefined Weak Reference
    __cxa_finalize                            - Undefined Weak Reference
    __sigvec_lookup                           - Undefined Weak Reference
    _atexit_init                              - Undefined Weak Reference
    _call_atexit_fns                          - Undefined Weak Reference
    _clock_init                               - Undefined Weak Reference
    _fp_trap_init                             - Undefined Weak Reference
    _fp_trap_shutdown                         - Undefined Weak Reference
    _get_lc_collate                           - Undefined Weak Reference
    _get_lc_monetary                          - Undefined Weak Reference
    _get_lc_time                              - Undefined Weak Reference
    _getenv_init                              - Undefined Weak Reference
    _handle_redirection                       - Undefined Weak Reference
    _init_alloc                               - Undefined Weak Reference
    _init_user_alloc                          - Undefined Weak Reference
    _initio                                   - Undefined Weak Reference
    _printf_mbtowc                            - Undefined Weak Reference
    _printf_wc                                - Undefined Weak Reference
    _rand_init                                - Undefined Weak Reference
    _signal_finish                            - Undefined Weak Reference
    _signal_init                              - Undefined Weak Reference
    _terminate_alloc                          - Undefined Weak Reference
    _terminate_user_alloc                     - Undefined Weak Reference
    _terminateio                              - Undefined Weak Reference
    __Vectors_Size                           0x000000a0   Number         0  startup_cmsdk_cm0.o ABSOLUTE
    __Vectors                                0x20000000   Data           4  startup_cmsdk_cm0.o(RESET)
    __Vectors_End                            0x200000a0   Data           0  startup_cmsdk_cm0.o(RESET)
    __main                                   0x200000a1   Thumb Code     8  __main.o(!!!main)
    __scatterload                            0x200000a9   Thumb Code     0  __scatter.o(!!!scatter)
    __scatterload_rt2                        0x200000a9   Thumb Code    52  __scatter.o(!!!scatter)
    __scatterload_rt2_thumb_only             0x200000a9   Thumb Code     0  __scatter.o(!!!scatter)
    __scatterload_null                       0x200000b9   Thumb Code     0  __scatter.o(!!!scatter)
    __scatterload_copy                       0x200000e5   Thumb Code    26  __scatter_copy.o(!!handler_copy)
    __scatterload_zeroinit                   0x20000101   Thumb Code    28  __scatter_zi.o(!!handler_zi)
    _printf_percent                          0x2000011d   Thumb Code     0  _printf_percent.o(.ARM.Collect$$_printf_percent$$00000000)
    _printf_n                                0x2000011f   Thumb Code     0  _printf_n.o(.ARM.Collect$$_printf_percent$$00000001)
    _printf_p                                0x20000129   Thumb Code     0  _printf_p.o(.ARM.Collect$$_printf_percent$$00000002)
    _printf_f                                0x20000133   Thumb Code     0  _printf_f.o(.ARM.Collect$$_printf_percent$$00000003)
    _printf_e                                0x2000013d   Thumb Code     0  _printf_e.o(.ARM.Collect$$_printf_percent$$00000004)
    _printf_g                                0x20000147   Thumb Code     0  _printf_g.o(.ARM.Collect$$_printf_percent$$00000005)
    _printf_a                                0x20000151   Thumb Code     0  _printf_a.o(.ARM.Collect$$_printf_percent$$00000006)
    _printf_ll                               0x2000015b   Thumb Code     0  _printf_ll.o(.ARM.Collect$$_printf_percent$$00000007)
    _printf_i                                0x20000165   Thumb Code     0  _printf_i.o(.ARM.Collect$$_printf_percent$$00000008)
    _printf_d                                0x2000016f   Thumb Code     0  _printf_d.o(.ARM.Collect$$_printf_percent$$00000009)
    _printf_u                                0x20000179   Thumb Code     0  _printf_u.o(.ARM.Collect$$_printf_percent$$0000000A)
    _printf_o                                0x20000183   Thumb Code     0  _printf_o.o(.ARM.Collect$$_printf_percent$$0000000B)
    _printf_x                                0x2000018d   Thumb Code     0  _printf_x.o(.ARM.Collect$$_printf_percent$$0000000C)
    _printf_lli                              0x20000197   Thumb Code     0  _printf_lli.o(.ARM.Collect$$_printf_percent$$0000000D)
    _printf_lld                              0x200001a1   Thumb Code     0  _printf_lld.o(.ARM.Collect$$_printf_percent$$0000000E)
    _printf_llu                              0x200001ab   Thumb Code     0  _printf_llu.o(.ARM.Collect$$_printf_percent$$0000000F)
    _printf_llo                              0x200001b5   Thumb Code     0  _printf_llo.o(.ARM.Collect$$_printf_percent$$00000010)
    _printf_llx                              0x200001bf   Thumb Code     0  _printf_llx.o(.ARM.Collect$$_printf_percent$$00000011)
    _printf_l                                0x200001c9   Thumb Code     0  _printf_l.o(.ARM.Collect$$_printf_percent$$00000012)
    _printf_c                                0x200001d3   Thumb Code     0  _printf_c.o(.ARM.Collect$$_printf_percent$$00000013)
    _printf_s                                0x200001dd   Thumb Code     0  _printf_s.o(.ARM.Collect$$_printf_percent$$00000014)
    _printf_lc                               0x200001e7   Thumb Code     0  _printf_lc.o(.ARM.Collect$$_printf_percent$$00000015)
    _printf_ls                               0x200001f1   Thumb Code     0  _printf_ls.o(.ARM.Collect$$_printf_percent$$00000016)
    _printf_percent_end                      0x200001fb   Thumb Code     0  _printf_percent_end.o(.ARM.Collect$$_printf_percent$$00000017)
    __rt_lib_init                            0x200001ff   Thumb Code     0  libinit.o(.ARM.Collect$$libinit$$00000000)
    __rt_lib_init_fp_1                       0x20000201   Thumb Code     0  libinit2.o(.ARM.Collect$$libinit$$00000002)
    __rt_lib_init_heap_1                     0x20000201   Thumb Code     0  libinit2.o(.ARM.Collect$$libinit$$0000000A)
    __rt_lib_init_lc_common                  0x20000201   Thumb Code     0  libinit2.o(.ARM.Collect$$libinit$$0000000F)
    __rt_lib_init_preinit_1                  0x20000201   Thumb Code     0  libinit2.o(.ARM.Collect$$libinit$$00000004)
    __rt_lib_init_rand_1                     0x20000201   Thumb Code     0  libinit2.o(.ARM.Collect$$libinit$$0000000E)
    __rt_lib_init_user_alloc_1               0x20000201   Thumb Code     0  libinit2.o(.ARM.Collect$$libinit$$0000000C)
    __rt_lib_init_lc_collate_1               0x20000207   Thumb Code     0  libinit2.o(.ARM.Collect$$libinit$$00000011)
    __rt_lib_init_lc_ctype_2                 0x20000207   Thumb Code     0  libinit2.o(.ARM.Collect$$libinit$$00000012)
    __rt_lib_init_lc_ctype_1                 0x20000213   Thumb Code     0  libinit2.o(.ARM.Collect$$libinit$$00000013)
    __rt_lib_init_lc_monetary_1              0x20000213   Thumb Code     0  libinit2.o(.ARM.Collect$$libinit$$00000015)
    __rt_lib_init_lc_numeric_2               0x20000213   Thumb Code     0  libinit2.o(.ARM.Collect$$libinit$$00000016)
    __rt_lib_init_alloca_1                   0x2000021d   Thumb Code     0  libinit2.o(.ARM.Collect$$libinit$$0000002E)
    __rt_lib_init_argv_1                     0x2000021d   Thumb Code     0  libinit2.o(.ARM.Collect$$libinit$$0000002C)
    __rt_lib_init_atexit_1                   0x2000021d   Thumb Code     0  libinit2.o(.ARM.Collect$$libinit$$0000001B)
    __rt_lib_init_clock_1                    0x2000021d   Thumb Code     0  libinit2.o(.ARM.Collect$$libinit$$00000021)
    __rt_lib_init_cpp_1                      0x2000021d   Thumb Code     0  libinit2.o(.ARM.Collect$$libinit$$00000032)
    __rt_lib_init_exceptions_1               0x2000021d   Thumb Code     0  libinit2.o(.ARM.Collect$$libinit$$00000030)
    __rt_lib_init_fp_trap_1                  0x2000021d   Thumb Code     0  libinit2.o(.ARM.Collect$$libinit$$0000001F)
    __rt_lib_init_getenv_1                   0x2000021d   Thumb Code     0  libinit2.o(.ARM.Collect$$libinit$$00000023)
    __rt_lib_init_lc_numeric_1               0x2000021d   Thumb Code     0  libinit2.o(.ARM.Collect$$libinit$$00000017)
    __rt_lib_init_lc_time_1                  0x2000021d   Thumb Code     0  libinit2.o(.ARM.Collect$$libinit$$00000019)
    __rt_lib_init_return                     0x2000021d   Thumb Code     0  libinit2.o(.ARM.Collect$$libinit$$00000033)
    __rt_lib_init_signal_1                   0x2000021d   Thumb Code     0  libinit2.o(.ARM.Collect$$libinit$$0000001D)
    __rt_lib_init_stdio_1                    0x2000021d   Thumb Code     0  libinit2.o(.ARM.Collect$$libinit$$00000025)
    __rt_lib_shutdown                        0x2000021f   Thumb Code     0  libshutdown.o(.ARM.Collect$$libshutdown$$00000000)
    __rt_lib_shutdown_cpp_1                  0x20000221   Thumb Code     0  libshutdown2.o(.ARM.Collect$$libshutdown$$00000002)
    __rt_lib_shutdown_fp_trap_1              0x20000221   Thumb Code     0  libshutdown2.o(.ARM.Collect$$libshutdown$$00000007)
    __rt_lib_shutdown_heap_1                 0x20000221   Thumb Code     0  libshutdown2.o(.ARM.Collect$$libshutdown$$0000000F)
    __rt_lib_shutdown_return                 0x20000221   Thumb Code     0  libshutdown2.o(.ARM.Collect$$libshutdown$$00000010)
    __rt_lib_shutdown_signal_1               0x20000221   Thumb Code     0  libshutdown2.o(.ARM.Collect$$libshutdown$$0000000A)
    __rt_lib_shutdown_stdio_1                0x20000221   Thumb Code     0  libshutdown2.o(.ARM.Collect$$libshutdown$$00000004)
    __rt_lib_shutdown_user_alloc_1           0x20000221   Thumb Code     0  libshutdown2.o(.ARM.Collect$$libshutdown$$0000000C)
    __rt_entry                               0x20000223   Thumb Code     0  __rtentry.o(.ARM.Collect$$rtentry$$00000000)
    __rt_entry_presh_1                       0x20000223   Thumb Code     0  __rtentry2.o(.ARM.Collect$$rtentry$$00000002)
    __rt_entry_sh                            0x20000223   Thumb Code     0  __rtentry4.o(.ARM.Collect$$rtentry$$00000004)
    __rt_entry_li                            0x20000229   Thumb Code     0  __rtentry2.o(.ARM.Collect$$rtentry$$0000000A)
    __rt_entry_postsh_1                      0x20000229   Thumb Code     0  __rtentry2.o(.ARM.Collect$$rtentry$$00000009)
    __rt_entry_main                          0x2000022d   Thumb Code     0  __rtentry2.o(.ARM.Collect$$rtentry$$0000000D)
    __rt_entry_postli_1                      0x2000022d   Thumb Code     0  __rtentry2.o(.ARM.Collect$$rtentry$$0000000C)
    __rt_exit                                0x20000235   Thumb Code     0  rtexit.o(.ARM.Collect$$rtexit$$00000000)
    __rt_exit_ls                             0x20000237   Thumb Code     0  rtexit2.o(.ARM.Collect$$rtexit$$00000003)
    __rt_exit_prels_1                        0x20000237   Thumb Code     0  rtexit2.o(.ARM.Collect$$rtexit$$00000002)
    __rt_exit_exit                           0x2000023b   Thumb Code     0  rtexit2.o(.ARM.Collect$$rtexit$$00000004)
    Reset_Handler                            0x20000241   Thumb Code     8  startup_cmsdk_cm0.o(.text)
    NMI_Handler                              0x20000249   Thumb Code     2  startup_cmsdk_cm0.o(.text)
    HardFault_Handler                        0x2000024b   Thumb Code     2  startup_cmsdk_cm0.o(.text)
    SVC_Handler                              0x2000024d   Thumb Code     2  startup_cmsdk_cm0.o(.text)
    PendSV_Handler                           0x2000024f   Thumb Code     2  startup_cmsdk_cm0.o(.text)
    ADC_Handler                              0x20000253   Thumb Code     0  startup_cmsdk_cm0.o(.text)
    BLE_CRYPT_Handler                        0x20000253   Thumb Code     0  startup_cmsdk_cm0.o(.text)
    BLE_CSCNT_Handler                        0x20000253   Thumb Code     0  startup_cmsdk_cm0.o(.text)
    BLE_ERROR_Handler                        0x20000253   Thumb Code     0  startup_cmsdk_cm0.o(.text)
    BLE_EVENT_Handler                        0x20000253   Thumb Code     0  startup_cmsdk_cm0.o(.text)
    BLE_FINETGTIM_Handler                    0x20000253   Thumb Code     0  startup_cmsdk_cm0.o(.text)
    BLE_GROSSTGTIM_Handler                   0x20000253   Thumb Code     0  startup_cmsdk_cm0.o(.text)
    BLE_RADIOCNTL_Handler                    0x20000253   Thumb Code     0  startup_cmsdk_cm0.o(.text)
    BLE_RX_Handler                           0x20000253   Thumb Code     0  startup_cmsdk_cm0.o(.text)
    BLE_SLP_Handler                          0x20000253   Thumb Code     0  startup_cmsdk_cm0.o(.text)
    BLE_WAKEUP_LP_Handler                    0x20000253   Thumb Code     0  startup_cmsdk_cm0.o(.text)
    I2C_Handler                              0x20000253   Thumb Code     0  startup_cmsdk_cm0.o(.text)
    KEYBRD_Handler                           0x20000253   Thumb Code     0  startup_cmsdk_cm0.o(.text)
    RFCAL_Handler                            0x20000253   Thumb Code     0  startup_cmsdk_cm0.o(.text)
    SPI_Handler                              0x20000253   Thumb Code     0  startup_cmsdk_cm0.o(.text)
    SWTIM_Handler                            0x20000253   Thumb Code     0  startup_cmsdk_cm0.o(.text)
    UART2_Handler                            0x20000253   Thumb Code     0  startup_cmsdk_cm0.o(.text)
    WUPCT_Handler                            0x20000253   Thumb Code     0  startup_cmsdk_cm0.o(.text)
    __user_initial_stackheap                 0x20000255   Thumb Code     0  startup_cmsdk_cm0.o(.text)
    SystemInit                               0x20000279   Thumb Code     8  system_cmsdk.o(.text)
    SystemCoreClockUpdate                    0x20000281   Thumb Code     8  system_cmsdk.o(.text)
    main                                     0x20000291   Thumb Code   158  demo.o(.text)
    hwI2CInit                                0x20000339   Thumb Code   106  hw_i2c.o(.text)
    hwI2CRelease                             0x200003a3   Thumb Code    24  hw_i2c.o(.text)
    hwI2CWaitAck                             0x200003bb   Thumb Code    74  hw_i2c.o(.text)
    hwI2CReadByte                            0x2000046b   Thumb Code   118  hw_i2c.o(.text)
    hwI2CReadMultipleBytes                   0x200004e1   Thumb Code   158  hw_i2c.o(.text)
    hwI2CWriteByte                           0x2000057f   Thumb Code    98  hw_i2c.o(.text)
    hwI2CWriteMultipleBytes                  0x200005e1   Thumb Code   126  hw_i2c.o(.text)
    GPIO_init                                0x2000069f   Thumb Code     2  gpio.o(.text)
    GPIO_SetPinFunction                      0x200006a1   Thumb Code    28  gpio.o(.text)
    GPIO_SetInactive                         0x200006bd   Thumb Code    24  gpio.o(.text)
    GPIO_SetActive                           0x200006d5   Thumb Code    24  gpio.o(.text)
    GPIO_ConfigurePin                        0x200006ed   Thumb Code    46  gpio.o(.text)
    GPIO_ConfigurePinPower                   0x2000071b   Thumb Code    66  gpio.o(.text)
    GPIO_GetPinStatus                        0x2000075d   Thumb Code    36  gpio.o(.text)
    GPIO_EnableIRQ                           0x20000781   Thumb Code   250  gpio.o(.text)
    GPIO_GetIRQInputLevel                    0x2000087b   Thumb Code   334  gpio.o(.text)
    GPIO_SetIRQInputLevel                    0x200009c9   Thumb Code    48  gpio.o(.text)
    GPIO_ResetIRQ                            0x200009f9   Thumb Code    46  gpio.o(.text)
    GPIO_RegisterCallback                    0x20000a27   Thumb Code    20  gpio.o(.text)
    GPIOn_Handler                            0x20000a3b   Thumb Code    58  gpio.o(.text)
    GPIO0_Handler                            0x20000a75   Thumb Code    10  gpio.o(.text)
    GPIO1_Handler                            0x20000a7f   Thumb Code    34  gpio.o(.text)
    GPIO2_Handler                            0x20000aa1   Thumb Code    10  gpio.o(.text)
    GPIO3_Handler                            0x20000aab   Thumb Code    10  gpio.o(.text)
    GPIO4_Handler                            0x20000ab5   Thumb Code    10  gpio.o(.text)
    delay_ms                                 0x20000b35   Thumb Code    26  mpu9250.o(.text)
    mpu9250Init                              0x20000b4f   Thumb Code   126  mpu9250.o(.text)
    getMPU9250ID                             0x20000bcd   Thumb Code    16  mpu9250.o(.text)
    mpu9250Check                             0x20000bdd   Thumb Code    18  mpu9250.o(.text)
    readMPU9250AccelRaw                      0x20000bef   Thumb Code    64  mpu9250.o(.text)
    readMPU9250GyroRaw                       0x20000c2f   Thumb Code    64  mpu9250.o(.text)
    readMPU9250TempRaw                       0x20000c6f   Thumb Code    36  mpu9250.o(.text)
    uart1Init                                0x20000c95   Thumb Code   146  uart.o(.text)
    uart_receive_byte                        0x20000d27   Thumb Code    22  uart.o(.text)
    uart_send_byte                           0x20000d3d   Thumb Code    22  uart.o(.text)
    printf_string                            0x20000d53   Thumb Code    22  uart.o(.text)
    printf_byte                              0x20000d69   Thumb Code    56  uart.o(.text)
    uart1Printf                              0x20000da1   Thumb Code    64  uart.o(.text)
    crc_ccitt                                0x20000e65   Thumb Code    42  console.o(.text)
    uartConsoleInit                          0x20000e8f   Thumb Code    26  console.o(.text)
    uartConsoleAFrameCommandAnalysis         0x20000ea9   Thumb Code   102  console.o(.text)
    uartReceiveDataIsr                       0x20000f0f   Thumb Code   120  console.o(.text)
    UART_Handler                             0x20000f87   Thumb Code    42  console.o(.text)
    ledIOInit                                0x20001031   Thumb Code    58  led.o(.text)
    ledRedOn                                 0x2000106b   Thumb Code    16  led.o(.text)
    ledRedOff                                0x2000107b   Thumb Code    16  led.o(.text)
    ledGreenOn                               0x2000108b   Thumb Code    16  led.o(.text)
    ledGreenOff                              0x2000109b   Thumb Code    16  led.o(.text)
    systickRegisterCallback                  0x200010b9   Thumb Code     6  systick.o(.text)
    SysTick_Handler                          0x200010bf   Thumb Code    28  systick.o(.text)
    getSystemTime                            0x200010db   Thumb Code     6  systick.o(.text)
    resetSystemTimr                          0x200010e1   Thumb Code     8  systick.o(.text)
    systickStart                             0x200010e9   Thumb Code    80  systick.o(.text)
    systickStop                              0x20001139   Thumb Code    24  systick.o(.text)
    systick_wait                             0x20001151   Thumb Code    36  systick.o(.text)
    systickValue                             0x20001175   Thumb Code    10  systick.o(.text)
    start                                    0x2000118d   Thumb Code    52  oled_dis.o(.text)
    stop                                     0x200011c1   Thumb Code    52  oled_dis.o(.text)
    write_w                                  0x200011f5   Thumb Code   108  oled_dis.o(.text)
    write_i                                  0x20001261   Thumb Code    32  oled_dis.o(.text)
    write_d                                  0x20001281   Thumb Code    32  oled_dis.o(.text)
    delay                                    0x200012a1   Thumb Code    10  oled_dis.o(.text)
    oledSSD1306Initialization                0x200012ab   Thumb Code   194  oled_dis.o(.text)
    oledFill                                 0x2000136d   Thumb Code    90  oled_dis.o(.text)
    oledPowerOn                              0x200013c7   Thumb Code    16  oled_dis.o(.text)
    oledPowerOff                             0x200013d7   Thumb Code    16  oled_dis.o(.text)
    oledInit                                 0x200013e7   Thumb Code   122  oled_dis.o(.text)
    touchDetectIRQ                           0x20001481   Thumb Code    34  touch_detect.o(.text)
    touchModuleInit                          0x200014a3   Thumb Code    50  touch_detect.o(.text)
    vsprintf                                 0x200014dd   Thumb Code    32  vsprintf.o(.text)
    _memset_w                                0x20001501   Thumb Code    26  rt_memclr.o(.text)
    _memset                                  0x2000151b   Thumb Code    30  rt_memclr.o(.text)
    __aeabi_memclr                           0x20001539   Thumb Code     4  rt_memclr.o(.text)
    __rt_memclr                              0x20001539   Thumb Code     0  rt_memclr.o(.text)
    __aeabi_memclr4                          0x2000153d   Thumb Code     0  rt_memclr.o(.text)
    __aeabi_memclr8                          0x2000153d   Thumb Code     0  rt_memclr.o(.text)
    __rt_memclr_w                            0x2000153d   Thumb Code     4  rt_memclr.o(.text)
    __use_two_region_memory                  0x20001541   Thumb Code     2  heapauxi.o(.text)
    __rt_heap_escrow$2region                 0x20001543   Thumb Code     2  heapauxi.o(.text)
    __rt_heap_expand$2region                 0x20001545   Thumb Code     2  heapauxi.o(.text)
    _printf_pre_padding                      0x20001547   Thumb Code    44  _printf_pad.o(.text)
    _printf_post_padding                     0x20001573   Thumb Code    34  _printf_pad.o(.text)
    _printf_truncate_signed                  0x20001595   Thumb Code    18  _printf_truncate.o(.text)
    _printf_truncate_unsigned                0x200015a7   Thumb Code    18  _printf_truncate.o(.text)
    _printf_str                              0x200015b9   Thumb Code    82  _printf_str.o(.text)
    _printf_int_dec                          0x2000160d   Thumb Code    90  _printf_dec.o(.text)
    _printf_charcount                        0x20001679   Thumb Code    38  _printf_charcount.o(.text)
    _printf_char_common                      0x200016ab   Thumb Code    32  _printf_char_common.o(.text)
    _sputc                                   0x200016d1   Thumb Code    10  _sputc.o(.text)
    _printf_wctomb                           0x200016dd   Thumb Code   182  _printf_wctomb.o(.text)
    _printf_longlong_dec                     0x20001799   Thumb Code    94  _printf_longlong_dec.o(.text)
    _printf_longlong_oct                     0x20001809   Thumb Code    68  _printf_oct_int_ll.o(.text)
    _printf_int_oct                          0x2000184d   Thumb Code    24  _printf_oct_int_ll.o(.text)
    _printf_ll_oct                           0x20001865   Thumb Code    10  _printf_oct_int_ll.o(.text)
    _printf_longlong_hex                     0x20001879   Thumb Code    88  _printf_hex_int_ll_ptr.o(.text)
    _printf_int_hex                          0x200018d1   Thumb Code    28  _printf_hex_int_ll_ptr.o(.text)
    _printf_ll_hex                           0x200018ed   Thumb Code    10  _printf_hex_int_ll_ptr.o(.text)
    _printf_hex_ptr                          0x200018f7   Thumb Code    22  _printf_hex_int_ll_ptr.o(.text)
    __printf                                 0x20001911   Thumb Code   386  __printf_flags_ss_wp.o(.text)
    _ll_udiv10                               0x20001a99   Thumb Code   122  lludiv10.o(.text)
    _printf_int_common                       0x20001b13   Thumb Code   176  _printf_intcommon.o(.text)
    __lib_sel_fp_printf                      0x20001bc5   Thumb Code     2  _printf_fp_dec.o(.text)
    _printf_fp_dec_real                      0x20001d5f   Thumb Code   620  _printf_fp_dec.o(.text)
    _printf_fp_hex_real                      0x20001fd9   Thumb Code   718  _printf_fp_hex.o(.text)
    _printf_cs_common                        0x200022b1   Thumb Code    22  _printf_char.o(.text)
    _printf_char                             0x200022c7   Thumb Code    16  _printf_char.o(.text)
    _printf_string                           0x200022d7   Thumb Code     8  _printf_char.o(.text)
    _printf_lcs_common                       0x200022df   Thumb Code    22  _printf_wchar.o(.text)
    _printf_wchar                            0x200022f5   Thumb Code    16  _printf_wchar.o(.text)
    _printf_wstring                          0x20002305   Thumb Code     8  _printf_wchar.o(.text)
    _wcrtomb                                 0x2000230d   Thumb Code    64  _wcrtomb.o(.text)
    __rt_udiv10                              0x2000234d   Thumb Code    40  rtudiv10.o(.text)
    __user_setup_stackheap                   0x20002375   Thumb Code    62  sys_stackheap_outer.o(.text)
    __rt_ctype_table                         0x200023b5   Thumb Code    16  rt_ctype_table.o(.text)
    __rt_locale                              0x200023c5   Thumb Code     8  rt_locale_intlibspace.o(.text)
    _printf_fp_infnan                        0x200023cd   Thumb Code   120  _printf_fp_infnan.o(.text)
    _btod_etento                             0x20002455   Thumb Code   196  bigflt0.o(.text)
    _btod_d2e                                0x2000251d   Thumb Code    64  btod.o(.text)
    _btod_emul                               0x20002913   Thumb Code    24  btod.o(.text)
    _btod_emuld                              0x2000292b   Thumb Code    60  btod.o(.text)
    _btod_ediv                               0x20002967   Thumb Code    22  btod.o(.text)
    _btod_edivd                              0x2000297d   Thumb Code    60  btod.o(.text)
    exit                                     0x200029c5   Thumb Code    16  exit.o(.text)
    __aeabi_uidiv                            0x200029d5   Thumb Code     0  aeabi_sdiv.o(.text)
    __aeabi_uidivmod                         0x200029d5   Thumb Code    20  aeabi_sdiv.o(.text)
    __aeabi_idiv                             0x200029e9   Thumb Code     0  aeabi_sdiv.o(.text)
    __aeabi_idivmod                          0x200029e9   Thumb Code   326  aeabi_sdiv.o(.text)
    __user_libspace                          0x20002b31   Thumb Code     8  libspace.o(.text)
    __user_perproc_libspace                  0x20002b31   Thumb Code     0  libspace.o(.text)
    __user_perthread_libspace                0x20002b31   Thumb Code     0  libspace.o(.text)
    strcmp                                   0x20002b39   Thumb Code   132  strcmp.o(.text)
    _sys_exit                                0x20002bc1   Thumb Code     8  sys_exit.o(.text)
    __I$use$semihosting                      0x20002bcd   Thumb Code     0  use_no_semi.o(.text)
    __use_no_semihosting_swi                 0x20002bcd   Thumb Code     2  use_no_semi.o(.text)
    __ARM_common_ll_muluu                    0x20002bcf   Thumb Code    48  btod.o(i.__ARM_common_ll_muluu)
    __semihosting_library_function           0x20002bcf   Thumb Code     0  indicate_semi.o(.text)
    __ARM_common_switch8                     0x20002bff   Thumb Code    28  console.o(i.__ARM_common_switch8)
    __ARM_fpclassify                         0x20002c1d   Thumb Code    40  fpclassify.o(i.__ARM_fpclassify)
    _is_digit                                0x20002c49   Thumb Code    14  __printf_wp.o(i._is_digit)
    _get_lc_numeric                          0x20002c59   Thumb Code    44  lc_numeric_c.o(locale$$code)
    _get_lc_ctype                            0x20002c85   Thumb Code    44  lc_ctype_c.o(locale$$code)
    _printf_fp_dec                           0x20002cb1   Thumb Code    16  printf1.o(x$fpl$printf1)
    _printf_fp_hex                           0x20002cc1   Thumb Code    16  printf2.o(x$fpl$printf2)
    __I$use$fp                               0x20002cd0   Number         0  usenofp.o(x$fpl$usenofp)
    Region$$Table$$Base                      0x20002fcc   Number         0  anon$$obj.o(Region$$Table)
    Region$$Table$$Limit                     0x20002fec   Number         0  anon$$obj.o(Region$$Table)
    __ctype                                  0x20003015   Data           0  lc_ctype_c.o(locale$$data)
    SystemFrequency                          0x20008000   Data           4  system_cmsdk.o(.data)
    SystemCoreClock                          0x20008004   Data           4  system_cmsdk.o(.data)
    SYSTICK_COUNT                            0x20008010   Data           4  systick.o(.data)
    callback_function                        0x20008014   Data           4  systick.o(.data)
    GPIOHandlerFunction                      0x20008020   Data          20  gpio.o(.bss)
    __libspace_start                         0x200080b4   Data          96  libspace.o(.bss)
    __temporary_stack_top$libspace           0x20008114   Data           0  libspace.o(.bss)



==============================================================================

Memory Map of the image

  Image Entry point : 0x200000a1

  Load Region LR_IROM1 (Base: 0x20000000, Size: 0x00003138, Max: 0x00008000, ABSOLUTE)

    Execution Region ER_IROM1 (Base: 0x20000000, Size: 0x00003118, Max: 0x00008000, ABSOLUTE)

    Base Addr    Size         Type   Attr      Idx    E Section Name        Object

    0x20000000   0x000000a0   Data   RO            3    RESET               startup_cmsdk_cm0.o
    0x200000a0   0x00000008   Code   RO          447  * !!!main             c_p.l(__main.o)
    0x200000a8   0x0000003c   Code   RO          768    !!!scatter          c_p.l(__scatter.o)
    0x200000e4   0x0000001a   Code   RO          770    !!handler_copy      c_p.l(__scatter_copy.o)
    0x200000fe   0x00000002   PAD
    0x20000100   0x0000001c   Code   RO          772    !!handler_zi        c_p.l(__scatter_zi.o)
    0x2000011c   0x00000002   Code   RO          531    .ARM.Collect$$_printf_percent$$00000000  c_p.l(_printf_percent.o)
    0x2000011e   0x0000000a   Code   RO          520    .ARM.Collect$$_printf_percent$$00000001  c_p.l(_printf_n.o)
    0x20000128   0x0000000a   Code   RO          522    .ARM.Collect$$_printf_percent$$00000002  c_p.l(_printf_p.o)
    0x20000132   0x0000000a   Code   RO          527    .ARM.Collect$$_printf_percent$$00000003  c_p.l(_printf_f.o)
    0x2000013c   0x0000000a   Code   RO          528    .ARM.Collect$$_printf_percent$$00000004  c_p.l(_printf_e.o)
    0x20000146   0x0000000a   Code   RO          529    .ARM.Collect$$_printf_percent$$00000005  c_p.l(_printf_g.o)
    0x20000150   0x0000000a   Code   RO          530    .ARM.Collect$$_printf_percent$$00000006  c_p.l(_printf_a.o)
    0x2000015a   0x0000000a   Code   RO          535    .ARM.Collect$$_printf_percent$$00000007  c_p.l(_printf_ll.o)
    0x20000164   0x0000000a   Code   RO          524    .ARM.Collect$$_printf_percent$$00000008  c_p.l(_printf_i.o)
    0x2000016e   0x0000000a   Code   RO          525    .ARM.Collect$$_printf_percent$$00000009  c_p.l(_printf_d.o)
    0x20000178   0x0000000a   Code   RO          526    .ARM.Collect$$_printf_percent$$0000000A  c_p.l(_printf_u.o)
    0x20000182   0x0000000a   Code   RO          523    .ARM.Collect$$_printf_percent$$0000000B  c_p.l(_printf_o.o)
    0x2000018c   0x0000000a   Code   RO          521    .ARM.Collect$$_printf_percent$$0000000C  c_p.l(_printf_x.o)
    0x20000196   0x0000000a   Code   RO          532    .ARM.Collect$$_printf_percent$$0000000D  c_p.l(_printf_lli.o)
    0x200001a0   0x0000000a   Code   RO          533    .ARM.Collect$$_printf_percent$$0000000E  c_p.l(_printf_lld.o)
    0x200001aa   0x0000000a   Code   RO          534    .ARM.Collect$$_printf_percent$$0000000F  c_p.l(_printf_llu.o)
    0x200001b4   0x0000000a   Code   RO          539    .ARM.Collect$$_printf_percent$$00000010  c_p.l(_printf_llo.o)
    0x200001be   0x0000000a   Code   RO          540    .ARM.Collect$$_printf_percent$$00000011  c_p.l(_printf_llx.o)
    0x200001c8   0x0000000a   Code   RO          536    .ARM.Collect$$_printf_percent$$00000012  c_p.l(_printf_l.o)
    0x200001d2   0x0000000a   Code   RO          518    .ARM.Collect$$_printf_percent$$00000013  c_p.l(_printf_c.o)
    0x200001dc   0x0000000a   Code   RO          519    .ARM.Collect$$_printf_percent$$00000014  c_p.l(_printf_s.o)
    0x200001e6   0x0000000a   Code   RO          537    .ARM.Collect$$_printf_percent$$00000015  c_p.l(_printf_lc.o)
    0x200001f0   0x0000000a   Code   RO          538    .ARM.Collect$$_printf_percent$$00000016  c_p.l(_printf_ls.o)
    0x200001fa   0x00000004   Code   RO          579    .ARM.Collect$$_printf_percent$$00000017  c_p.l(_printf_percent_end.o)
    0x200001fe   0x00000002   Code   RO          617    .ARM.Collect$$libinit$$00000000  c_p.l(libinit.o)
    0x20000200   0x00000000   Code   RO          639    .ARM.Collect$$libinit$$00000002  c_p.l(libinit2.o)
    0x20000200   0x00000000   Code   RO          641    .ARM.Collect$$libinit$$00000004  c_p.l(libinit2.o)
    0x20000200   0x00000000   Code   RO          644    .ARM.Collect$$libinit$$0000000A  c_p.l(libinit2.o)
    0x20000200   0x00000000   Code   RO          646    .ARM.Collect$$libinit$$0000000C  c_p.l(libinit2.o)
    0x20000200   0x00000000   Code   RO          648    .ARM.Collect$$libinit$$0000000E  c_p.l(libinit2.o)
    0x20000200   0x00000006   Code   RO          649    .ARM.Collect$$libinit$$0000000F  c_p.l(libinit2.o)
    0x20000206   0x00000000   Code   RO          651    .ARM.Collect$$libinit$$00000011  c_p.l(libinit2.o)
    0x20000206   0x0000000c   Code   RO          652    .ARM.Collect$$libinit$$00000012  c_p.l(libinit2.o)
    0x20000212   0x00000000   Code   RO          653    .ARM.Collect$$libinit$$00000013  c_p.l(libinit2.o)
    0x20000212   0x00000000   Code   RO          655    .ARM.Collect$$libinit$$00000015  c_p.l(libinit2.o)
    0x20000212   0x0000000a   Code   RO          656    .ARM.Collect$$libinit$$00000016  c_p.l(libinit2.o)
    0x2000021c   0x00000000   Code   RO          657    .ARM.Collect$$libinit$$00000017  c_p.l(libinit2.o)
    0x2000021c   0x00000000   Code   RO          659    .ARM.Collect$$libinit$$00000019  c_p.l(libinit2.o)
    0x2000021c   0x00000000   Code   RO          661    .ARM.Collect$$libinit$$0000001B  c_p.l(libinit2.o)
    0x2000021c   0x00000000   Code   RO          663    .ARM.Collect$$libinit$$0000001D  c_p.l(libinit2.o)
    0x2000021c   0x00000000   Code   RO          665    .ARM.Collect$$libinit$$0000001F  c_p.l(libinit2.o)
    0x2000021c   0x00000000   Code   RO          667    .ARM.Collect$$libinit$$00000021  c_p.l(libinit2.o)
    0x2000021c   0x00000000   Code   RO          669    .ARM.Collect$$libinit$$00000023  c_p.l(libinit2.o)
    0x2000021c   0x00000000   Code   RO          671    .ARM.Collect$$libinit$$00000025  c_p.l(libinit2.o)
    0x2000021c   0x00000000   Code   RO          675    .ARM.Collect$$libinit$$0000002C  c_p.l(libinit2.o)
    0x2000021c   0x00000000   Code   RO          677    .ARM.Collect$$libinit$$0000002E  c_p.l(libinit2.o)
    0x2000021c   0x00000000   Code   RO          679    .ARM.Collect$$libinit$$00000030  c_p.l(libinit2.o)
    0x2000021c   0x00000000   Code   RO          681    .ARM.Collect$$libinit$$00000032  c_p.l(libinit2.o)
    0x2000021c   0x00000002   Code   RO          682    .ARM.Collect$$libinit$$00000033  c_p.l(libinit2.o)
    0x2000021e   0x00000002   Code   RO          708    .ARM.Collect$$libshutdown$$00000000  c_p.l(libshutdown.o)
    0x20000220   0x00000000   Code   RO          727    .ARM.Collect$$libshutdown$$00000002  c_p.l(libshutdown2.o)
    0x20000220   0x00000000   Code   RO          729    .ARM.Collect$$libshutdown$$00000004  c_p.l(libshutdown2.o)
    0x20000220   0x00000000   Code   RO          732    .ARM.Collect$$libshutdown$$00000007  c_p.l(libshutdown2.o)
    0x20000220   0x00000000   Code   RO          735    .ARM.Collect$$libshutdown$$0000000A  c_p.l(libshutdown2.o)
    0x20000220   0x00000000   Code   RO          737    .ARM.Collect$$libshutdown$$0000000C  c_p.l(libshutdown2.o)
    0x20000220   0x00000000   Code   RO          740    .ARM.Collect$$libshutdown$$0000000F  c_p.l(libshutdown2.o)
    0x20000220   0x00000002   Code   RO          741    .ARM.Collect$$libshutdown$$00000010  c_p.l(libshutdown2.o)
    0x20000222   0x00000000   Code   RO          449    .ARM.Collect$$rtentry$$00000000  c_p.l(__rtentry.o)
    0x20000222   0x00000000   Code   RO          550    .ARM.Collect$$rtentry$$00000002  c_p.l(__rtentry2.o)
    0x20000222   0x00000006   Code   RO          562    .ARM.Collect$$rtentry$$00000004  c_p.l(__rtentry4.o)
    0x20000228   0x00000000   Code   RO          552    .ARM.Collect$$rtentry$$00000009  c_p.l(__rtentry2.o)
    0x20000228   0x00000004   Code   RO          553    .ARM.Collect$$rtentry$$0000000A  c_p.l(__rtentry2.o)
    0x2000022c   0x00000000   Code   RO          555    .ARM.Collect$$rtentry$$0000000C  c_p.l(__rtentry2.o)
    0x2000022c   0x00000008   Code   RO          556    .ARM.Collect$$rtentry$$0000000D  c_p.l(__rtentry2.o)
    0x20000234   0x00000002   Code   RO          627    .ARM.Collect$$rtexit$$00000000  c_p.l(rtexit.o)
    0x20000236   0x00000000   Code   RO          684    .ARM.Collect$$rtexit$$00000002  c_p.l(rtexit2.o)
    0x20000236   0x00000004   Code   RO          685    .ARM.Collect$$rtexit$$00000003  c_p.l(rtexit2.o)
    0x2000023a   0x00000006   Code   RO          686    .ARM.Collect$$rtexit$$00000004  c_p.l(rtexit2.o)
    0x20000240   0x00000038   Code   RO            4    .text               startup_cmsdk_cm0.o
    0x20000278   0x00000018   Code   RO           10    .text               system_cmsdk.o
    0x20000290   0x000000a8   Code   RO           31    .text               demo.o
    0x20000338   0x00000344   Code   RO          140    .text               hw_i2c.o
    0x2000067c   0x000004b8   Code   RO          181    .text               gpio.o
    0x20000b34   0x0000015e   Code   RO          223    .text               mpu9250.o
    0x20000c92   0x00000002   PAD
    0x20000c94   0x000001d0   Code   RO          266    .text               uart.o
    0x20000e64   0x000001cc   Code   RO          296    .text               console.o
    0x20001030   0x00000088   Code   RO          337    .text               led.o
    0x200010b8   0x000000d4   Code   RO          362    .text               systick.o
    0x2000118c   0x000002f4   Code   RO          388    .text               oled_dis.o
    0x20001480   0x0000005c   Code   RO          416    .text               touch_detect.o
    0x200014dc   0x00000024   Code   RO          441    .text               c_p.l(vsprintf.o)
    0x20001500   0x00000040   Code   RO          443    .text               c_p.l(rt_memclr.o)
    0x20001540   0x00000006   Code   RO          445    .text               c_p.l(heapauxi.o)
    0x20001546   0x0000004e   Code   RO          452    .text               c_p.l(_printf_pad.o)
    0x20001594   0x00000024   Code   RO          454    .text               c_p.l(_printf_truncate.o)
    0x200015b8   0x00000052   Code   RO          456    .text               c_p.l(_printf_str.o)
    0x2000160a   0x00000002   PAD
    0x2000160c   0x0000006c   Code   RO          458    .text               c_p.l(_printf_dec.o)
    0x20001678   0x00000026   Code   RO          460    .text               c_p.l(_printf_charcount.o)
    0x2000169e   0x00000002   PAD
    0x200016a0   0x00000030   Code   RO          462    .text               c_p.l(_printf_char_common.o)
    0x200016d0   0x0000000a   Code   RO          464    .text               c_p.l(_sputc.o)
    0x200016da   0x00000002   PAD
    0x200016dc   0x000000bc   Code   RO          466    .text               c_p.l(_printf_wctomb.o)
    0x20001798   0x00000070   Code   RO          469    .text               c_p.l(_printf_longlong_dec.o)
    0x20001808   0x00000070   Code   RO          475    .text               c_p.l(_printf_oct_int_ll.o)
    0x20001878   0x00000098   Code   RO          495    .text               c_p.l(_printf_hex_int_ll_ptr.o)
    0x20001910   0x00000188   Code   RO          515    .text               c_p.l(__printf_flags_ss_wp.o)
    0x20001a98   0x0000007a   Code   RO          564    .text               c_p.l(lludiv10.o)
    0x20001b12   0x000000b0   Code   RO          566    .text               c_p.l(_printf_intcommon.o)
    0x20001bc2   0x00000002   PAD
    0x20001bc4   0x00000414   Code   RO          568    .text               c_p.l(_printf_fp_dec.o)
    0x20001fd8   0x000002d8   Code   RO          570    .text               c_p.l(_printf_fp_hex.o)
    0x200022b0   0x0000002e   Code   RO          575    .text               c_p.l(_printf_char.o)
    0x200022de   0x0000002e   Code   RO          577    .text               c_p.l(_printf_wchar.o)
    0x2000230c   0x00000040   Code   RO          580    .text               c_p.l(_wcrtomb.o)
    0x2000234c   0x00000028   Code   RO          582    .text               c_p.l(rtudiv10.o)
    0x20002374   0x0000003e   Code   RO          584    .text               c_p.l(sys_stackheap_outer.o)
    0x200023b2   0x00000002   PAD
    0x200023b4   0x00000010   Code   RO          587    .text               c_p.l(rt_ctype_table.o)
    0x200023c4   0x00000008   Code   RO          592    .text               c_p.l(rt_locale_intlibspace.o)
    0x200023cc   0x00000088   Code   RO          594    .text               c_p.l(_printf_fp_infnan.o)
    0x20002454   0x000000c8   Code   RO          596    .text               c_p.l(bigflt0.o)
    0x2000251c   0x000004a8   Code   RO          599    .text               c_p.l(btod.o)
    0x200029c4   0x00000010   Code   RO          606    .text               c_p.l(exit.o)
    0x200029d4   0x0000015a   Code   RO          608    .text               c_p.l(aeabi_sdiv.o)
    0x20002b2e   0x00000002   PAD
    0x20002b30   0x00000008   Code   RO          623    .text               c_p.l(libspace.o)
    0x20002b38   0x00000088   Code   RO          636    .text               c_p.l(strcmp.o)
    0x20002bc0   0x0000000c   Code   RO          696    .text               c_p.l(sys_exit.o)
    0x20002bcc   0x00000002   Code   RO          711    .text               c_p.l(use_no_semi.o)
    0x20002bce   0x00000000   Code   RO          713    .text               c_p.l(indicate_semi.o)
    0x20002bce   0x00000030   Code   RO          601    i.__ARM_common_ll_muluu  c_p.l(btod.o)
    0x20002bfe   0x0000001c   Code   RO          315    i.__ARM_common_switch8  console.o
    0x20002c1a   0x00000002   PAD
    0x20002c1c   0x0000002c   Code   RO          621    i.__ARM_fpclassify  m_ps.l(fpclassify.o)
    0x20002c48   0x0000000e   Code   RO          508    i._is_digit         c_p.l(__printf_wp.o)
    0x20002c56   0x00000002   PAD
    0x20002c58   0x0000002c   Code   RO          604    locale$$code        c_p.l(lc_numeric_c.o)
    0x20002c84   0x0000002c   Code   RO          634    locale$$code        c_p.l(lc_ctype_c.o)
    0x20002cb0   0x00000010   Code   RO          541    x$fpl$printf1       fz_ps.l(printf1.o)
    0x20002cc0   0x00000010   Code   RO          543    x$fpl$printf2       fz_ps.l(printf2.o)
    0x20002cd0   0x00000000   Code   RO          620    x$fpl$usenofp       fz_ps.l(usenofp.o)
    0x20002cd0   0x00000200   Data   RO          298    .constdata          console.o
    0x20002ed0   0x00000008   Data   RO          467    .constdata          c_p.l(_printf_wctomb.o)
    0x20002ed8   0x00000028   Data   RO          496    .constdata          c_p.l(_printf_hex_int_ll_ptr.o)
    0x20002f00   0x00000011   Data   RO          516    .constdata          c_p.l(__printf_flags_ss_wp.o)
    0x20002f11   0x00000026   Data   RO          571    .constdata          c_p.l(_printf_fp_hex.o)
    0x20002f37   0x00000001   PAD
    0x20002f38   0x00000094   Data   RO          597    .constdata          c_p.l(bigflt0.o)
    0x20002fcc   0x00000020   Data   RO          766    Region$$Table       anon$$obj.o
    0x20002fec   0x0000001c   Data   RO          603    locale$$data        c_p.l(lc_numeric_c.o)
    0x20003008   0x00000110   Data   RO          633    locale$$data        c_p.l(lc_ctype_c.o)


    Execution Region RW_IRAM1 (Base: 0x20008000, Size: 0x00000418, Max: 0x00008000, ABSOLUTE)

    Base Addr    Size         Type   Attr      Idx    E Section Name        Object

    0x20008000   0x00000008   Data   RW           11    .data               system_cmsdk.o
    0x20008008   0x00000002   Data   RW          141    .data               hw_i2c.o
    0x2000800a   0x00000002   Data   RW          299    .data               console.o
    0x2000800c   0x00000003   Data   RW          338    .data               led.o
    0x2000800f   0x00000001   PAD
    0x20008010   0x00000008   Data   RW          363    .data               systick.o
    0x20008018   0x00000007   Data   RW          389    .data               oled_dis.o
    0x2000801f   0x00000001   Data   RW          417    .data               touch_detect.o
    0x20008020   0x00000014   Zero   RW          182    .bss                gpio.o
    0x20008034   0x00000080   Zero   RW          297    .bss                console.o
    0x200080b4   0x00000060   Zero   RW          624    .bss                c_p.l(libspace.o)
    0x20008114   0x00000004   PAD
    0x20008118   0x00000100   Zero   RW            2    HEAP                startup_cmsdk_cm0.o
    0x20008218   0x00000200   Zero   RW            1    STACK               startup_cmsdk_cm0.o


==============================================================================

Image component sizes


      Code (inc. data)   RO Data    RW Data    ZI Data      Debug   Object Name

       488        138        512          2        128      16061   console.o
       168         10          0          0          0       6139   demo.o
      1208         32          0          0         20     101776   gpio.o
       836         18          0          2          0       5622   hw_i2c.o
       136         14          0          3          0       1258   led.o
       350          0          0          0          0       2267   mpu9250.o
       756         32          0          7          0       4356   oled_dis.o
        56         26        160          0        768        648   startup_cmsdk_cm0.o
        24          8          0          8          0       5101   system_cmsdk.o
       212         14          0          8          0       2531   systick.o
        92          8          0          1          0        913   touch_detect.o
       464         18          0          0          0       9223   uart.o

    ----------------------------------------------------------------------
      4794        318        704         32        916     155895   Object Totals
         0          0         32          0          0          0   (incl. Generated)
         4          0          0          1          0          0   (incl. Padding)

    ----------------------------------------------------------------------

      Code (inc. data)   RO Data    RW Data    ZI Data      Debug   Library Member Name

         8          0          0          0          0         68   __main.o
       392          6         17          0          0         76   __printf_flags_ss_wp.o
        14          0          0          0          0         60   __printf_wp.o
         0          0          0          0          0          0   __rtentry.o
        12          0          0          0          0          0   __rtentry2.o
         6          0          0          0          0          0   __rtentry4.o
        60          8          0          0          0          0   __scatter.o
        26          0          0          0          0          0   __scatter_copy.o
        28          0          0          0          0          0   __scatter_zi.o
        10          0          0          0          0          0   _printf_a.o
        10          0          0          0          0          0   _printf_c.o
        46          0          0          0          0        100   _printf_char.o
        48          6          0          0          0         88   _printf_char_common.o
        38          0          0          0          0         60   _printf_charcount.o
        10          0          0          0          0          0   _printf_d.o
       108         18          0          0          0         76   _printf_dec.o
        10          0          0          0          0          0   _printf_e.o
        10          0          0          0          0          0   _printf_f.o
      1044         14          0          0          0        176   _printf_fp_dec.o
       728         10         38          0          0         84   _printf_fp_hex.o
       136         16          0          0          0         76   _printf_fp_infnan.o
        10          0          0          0          0          0   _printf_g.o
       152          4         40          0          0        148   _printf_hex_int_ll_ptr.o
        10          0          0          0          0          0   _printf_i.o
       176          0          0          0          0         84   _printf_intcommon.o
        10          0          0          0          0          0   _printf_l.o
        10          0          0          0          0          0   _printf_lc.o
        10          0          0          0          0          0   _printf_ll.o
        10          0          0          0          0          0   _printf_lld.o
        10          0          0          0          0          0   _printf_lli.o
        10          0          0          0          0          0   _printf_llo.o
        10          0          0          0          0          0   _printf_llu.o
        10          0          0          0          0          0   _printf_llx.o
       112         18          0          0          0         76   _printf_longlong_dec.o
        10          0          0          0          0          0   _printf_ls.o
        10          0          0          0          0          0   _printf_n.o
        10          0          0          0          0          0   _printf_o.o
       112         10          0          0          0        112   _printf_oct_int_ll.o
        10          0          0          0          0          0   _printf_p.o
        78          0          0          0          0        100   _printf_pad.o
         2          0          0          0          0          0   _printf_percent.o
         4          0          0          0          0          0   _printf_percent_end.o
        10          0          0          0          0          0   _printf_s.o
        82          0          0          0          0         72   _printf_str.o
        36          0          0          0          0         76   _printf_truncate.o
        10          0          0          0          0          0   _printf_u.o
        46          0          0          0          0        100   _printf_wchar.o
       188          6          8          0          0         80   _printf_wctomb.o
        10          0          0          0          0          0   _printf_x.o
        10          0          0          0          0         60   _sputc.o
        64          0          0          0          0         72   _wcrtomb.o
       346          0          0          0          0         92   aeabi_sdiv.o
       200          4        148          0          0         80   bigflt0.o
      1240         12          0          0          0        316   btod.o
        16          0          0          0          0         68   exit.o
         6          0          0          0          0        136   heapauxi.o
         0          0          0          0          0          0   indicate_semi.o
        44         10        272          0          0         76   lc_ctype_c.o
        44         10         28          0          0         76   lc_numeric_c.o
         2          0          0          0          0          0   libinit.o
        30          0          0          0          0          0   libinit2.o
         2          0          0          0          0          0   libshutdown.o
         2          0          0          0          0          0   libshutdown2.o
         8          4          0          0         96         68   libspace.o
       122          0          0          0          0         72   lludiv10.o
        16          4          0          0          0         76   rt_ctype_table.o
         8          4          0          0          0         68   rt_locale_intlibspace.o
        64          0          0          0          0        108   rt_memclr.o
         2          0          0          0          0          0   rtexit.o
        10          0          0          0          0          0   rtexit2.o
        40          0          0          0          0         60   rtudiv10.o
       136          4          0          0          0         72   strcmp.o
        12          4          0          0          0         60   sys_exit.o
        62          0          0          0          0         80   sys_stackheap_outer.o
         2          0          0          0          0         68   use_no_semi.o
        36          4          0          0          0         68   vsprintf.o
        16          4          0          0          0         76   printf1.o
        16          4          0          0          0         76   printf2.o
         0          0          0          0          0          0   usenofp.o
        44          4          0          0          0         60   fpclassify.o

    ----------------------------------------------------------------------
      6518        188        552          0        100       3700   Library Totals
        16          0          1          0          4          0   (incl. Padding)

    ----------------------------------------------------------------------

      Code (inc. data)   RO Data    RW Data    ZI Data      Debug   Library Name

      6426        176        551          0         96       3488   c_p.l
        32          8          0          0          0        152   fz_ps.l
        44          4          0          0          0         60   m_ps.l

    ----------------------------------------------------------------------
      6518        188        552          0        100       3700   Library Totals

    ----------------------------------------------------------------------

==============================================================================


      Code (inc. data)   RO Data    RW Data    ZI Data      Debug   

     11312        506       1256         32       1016     157115   Grand Totals
     11312        506       1256         32       1016     157115   ELF Image Totals
     11312        506       1256         32          0          0   ROM Totals

==============================================================================

    Total RO  Size (Code + RO Data)                12568 (  12.27kB)
    Total RW  Size (RW Data + ZI Data)              1048 (   1.02kB)
    Total ROM Size (Code + RO Data + RW Data)      12600 (  12.30kB)

==============================================================================

