<html>
<body>
<pre>
<h1>µVision Build Log</h1>
<h2>Tool Versions:</h2>
IDE-Version: ¦ÌVision V5.20.0.0
Copyright (C) 2016 ARM Ltd and ARM Germany GmbH. All rights reserved.
License Information: Nin Feion, SZU, LIC=2TTHL-092DB-343ST-RXUVJ-XARN5-8LDT6
 
Tool Versions:
Toolchain:       MDK-ARM Professional  Version: 5.20
Toolchain Path:  C:\Keil_v5\ARM\ARMCC\Bin
C Compiler:      Armcc.exe V5.06 update 2 (build 183)
Assembler:       Armasm.exe V5.06 update 2 (build 183)
Linker/Locator:  ArmLink.exe V5.06 update 2 (build 183)
Library Manager: ArmAr.exe V5.06 update 2 (build 183)
Hex Converter:   FromElf.exe V5.06 update 2 (build 183)
CPU DLL:         SARMCM3.DLL V5.20
Dialog DLL:      DARMCM1.DLL V1.14.0.0
Target DLL:      Segger\JL2CM3.dll V2.99.20.0
Dialog DLL:      TARMCM1.DLL V1.10.0.0
 
<h2>Project:</h2>
C:\Ninfeion_Git\BBPrisonGod\hardware\firmware\BBPG_fw_v1000\da1458x_template.uvproj
Project File Date:  01/20/2017

<h2>Output:</h2>
*** Using Compiler 'V5.06 update 2 (build 183)', folder: 'C:\Keil_v5\ARM\ARMCC\Bin'
Rebuild target 'Cortex-M0 SDK - Simulator'
*** Scatter Error: no default 'Read/Write' range selected
assembling startup_CMSDK_CM0.s...
compiling system_CMSDK.c...
compiling demo.c...
src\demo.c(79): warning:  #128-D: loop is not reachable
  	while(1)
src\demo.c: 1 warning, 0 errors
compiling hw_i2c.c...
compiling gpio.c...
compiling uart.c...
src\uart\uart.c(72): warning:  #167-D: argument of type "uint8_t *" is incompatible with parameter of type "char *restrict"
  	length = vsprintf(BUF, TarStr, args);
src\uart\uart.c(72): warning:  #167-D: argument of type "uint8_t *" is incompatible with parameter of type "const char *restrict"
  	length = vsprintf(BUF, TarStr, args);
src\uart\uart.c: 2 warnings, 0 errors
compiling mpu9250.c...
compiling console.c...
compiling systick.c...
compiling led.c...
compiling oled_dis.c...
compiling touch_detect.c...
linking...
Program Size: Code=11460 RO-data=1256 RW-data=32 ZI-data=1016  
FromELF: creating hex file...
".\hex\da1458x_template.axf" - 0 Error(s), 3 Warning(s).
Build Time Elapsed:  00:00:02
</pre>
</body>
</html>
