<html>
<body>
<pre>
<h1>µVision Build Log</h1>
<h2>Tool Versions:</h2>
IDE-Version: ¦ÌVision V5.22.0.0
Copyright (C) 2016 ARM Ltd and ARM Germany GmbH. All rights reserved.
License Information: Nin Feion, SZU, LIC=50DUH-WTYSH-ZCZJY-IACAW-U8XH3-EVFM3
 
Tool Versions:
Toolchain:       MDK-ARM Professional  Version: 5.22
Toolchain Path:  C:\Keil_v5\ARM\ARMCC\Bin
C Compiler:      Armcc.exe V5.06 update 4 (build 422)
Assembler:       Armasm.exe V5.06 update 4 (build 422)
Linker/Locator:  ArmLink.exe V5.06 update 4 (build 422)
Library Manager: ArmAr.exe V5.06 update 4 (build 422)
Hex Converter:   FromElf.exe V5.06 update 4 (build 422)
CPU DLL:         SARMCM3.DLL V5.22
Dialog DLL:      DARMCM1.DLL V1.15.0.0
Target DLL:      Segger\JL2CM3.dll V2.99.23.0
Dialog DLL:      TARMCM1.DLL V1.11.0.0
 
<h2>Project:</h2>
C:\Ninfeion_Git\BBPrisonGod\doc\da14583_documentation_software\Software Development Kit\SDK 5.0.4\DA1458x_SDK\5.0.4\projects\host_apps\da1458x\proximity\reporter\host_proxr.uvprojx
Project File Date:  12/28/2016

<h2>Output:</h2>
*** Using Compiler 'V5.06 update 4 (build 422)', folder: 'C:\Keil_v5\ARM\ARMCC\Bin'
Rebuild target 'Cortex-M0 SDK - Simulator'
assembling startup_CMSDK_CM0.s...
compiling system_CMSDK.c...
compiling interrupts.c...
compiling app_task.c...
compiling ble_msg.c...
compiling queue.c...
compiling peripherals.c...
compiling timer.c...
compiling app_button_led.c...
compiling spi_booter.c...
compiling spi.c...
compiling app.c...
compiling gpio.c...
compiling spi_hci_msg.c...
linking...
Program Size: Code=6240 RO-data=13876 RW-data=28 ZI-data=1924  
FromELF: creating hex file...
".\Out\host_proxr.axf" - 0 Error(s), 0 Warning(s).

<h2>Collection of Component include folders:</h2>
  C:\Ninfeion_Git\BBPrisonGod\doc\da14583_documentation_software\Software Development Kit\SDK 5.0.4\DA1458x_SDK\5.0.4\projects\host_apps\da1458x\proximity\reporter\RTE\_Cortex-M0_SDK_-_Simulator
  C:\Keil_v5\ARM\PACK\ARM\CMSIS\5.0.0\Device\ARM\ARMCM0\Include

<h2>Collection of Component Files used:</h2>
Build Time Elapsed:  00:00:03
</pre>
</body>
</html>
