Component: ARM Compiler 5.06 update 4 (build 422) Tool: armlink [4d35d2]

==============================================================================

Section Cross References

    startup_cmsdk_cm0.o(STACK) refers (Special) to heapauxi.o(.text) for __use_two_region_memory
    startup_cmsdk_cm0.o(HEAP) refers (Special) to heapauxi.o(.text) for __use_two_region_memory
    startup_cmsdk_cm0.o(RESET) refers (Special) to heapauxi.o(.text) for __use_two_region_memory
    startup_cmsdk_cm0.o(RESET) refers to startup_cmsdk_cm0.o(STACK) for __initial_sp
    startup_cmsdk_cm0.o(RESET) refers to startup_cmsdk_cm0.o(.text) for Reset_Handler
    startup_cmsdk_cm0.o(RESET) refers to interrupts.o(.text) for HardFault_Handler
    startup_cmsdk_cm0.o(RESET) refers to gpio.o(.text) for GPIO0_Handler
    startup_cmsdk_cm0.o(.text) refers (Special) to heapauxi.o(.text) for __use_two_region_memory
    startup_cmsdk_cm0.o(.text) refers to system_cmsdk.o(.text) for SystemInit
    startup_cmsdk_cm0.o(.text) refers to __main.o(!!!main) for __main
    startup_cmsdk_cm0.o(.text) refers to startup_cmsdk_cm0.o(HEAP) for Heap_Mem
    startup_cmsdk_cm0.o(.text) refers to startup_cmsdk_cm0.o(STACK) for Stack_Mem
    system_cmsdk.o(.text) refers to system_cmsdk.o(.data) for .data
    app_task.o(.text) refers to rt_memcpy.o(.text) for __aeabi_memcpy
    app_task.o(.text) refers to app.o(.text) for app_adv_start
    app_task.o(.text) refers to app_button_led.o(.text) for turn_off_led
    app_task.o(.text) refers to ble_msg.o(.text) for BleMsgAlloc
    app_task.o(.text) refers to memcmp.o(.text) for memcmp
    app_task.o(.text) refers to app.o(.bss) for app_env
    app_task.o(.text) refers to app_task.o(.bss) for .bss
    ble_msg.o(.text) refers to queue.o(.text) for EnQueue
    ble_msg.o(.text) refers to spi_hci_msg.o(.text) for spi_send_hci_msg
    ble_msg.o(.text) refers to h1_free.o(.text) for free
    ble_msg.o(.text) refers to h1_alloc.o(.text) for malloc
    ble_msg.o(.text) refers to rt_memclr.o(.text) for __aeabi_memclr
    ble_msg.o(.text) refers to ble_msg.o(i.__ARM_common_switch8) for __ARM_common_switch8
    ble_msg.o(.text) refers to app_task.o(.text) for gapm_reset_req_evt_handler
    ble_msg.o(.text) refers to app.o(.bss) for app_env
    ble_msg.o(.text) refers to queue.o(.data) for SPITxQueue
    ble_msg.o(.text) refers to queue.o(.data) for SPIRxQueue
    peripherals.o(.text) refers to gpio.o(.text) for GPIO_ConfigurePin
    queue.o(.text) refers to h1_alloc.o(.text) for malloc
    queue.o(.text) refers to h1_free.o(.text) for free
    app_button_led.o(.text) refers to gpio.o(.text) for GPIO_ResetIRQ
    spi_booter.o(.text) refers to spi.o(.text) for spi_cs_high
    spi_booter.o(.text) refers to spi_booter.o(.constdata) for .constdata
    spi_booter.o(.text) refers to spi_booter.o(.data) for .data
    app.o(.text) refers to peripherals.o(.text) for periph_init
    app.o(.text) refers to spi_booter.o(.text) for spi_send_image
    app.o(.text) refers to spi.o(.text) for spi_init
    app.o(.text) refers to spi_hci_msg.o(.text) for dready_irq_enable
    app.o(.text) refers to app_button_led.o(.text) for app_button_enable
    app.o(.text) refers to queue.o(.text) for DeQueue
    app.o(.text) refers to h1_free.o(.text) for free
    app.o(.text) refers to ble_msg.o(.text) for BleReceiveMsg
    app.o(.text) refers to rt_memcpy.o(.text) for __aeabi_memcpy
    app.o(.text) refers to rt_memcpy.o(.emb_text) for __aeabi_memcpy4
    app.o(.text) refers to rand.o(.emb_text) for rand
    app.o(.text) refers to aeabi_sdiv.o(.text) for __aeabi_idivmod
    app.o(.text) refers to rt_memclr.o(.text) for __aeabi_memclr
    app.o(.text) refers to app.o(.data) for .data
    app.o(.text) refers to app.o(.bss) for .bss
    app.o(.text) refers to queue.o(.data) for SPITxQueue
    app.o(.text) refers to app_task.o(.bss) for alert_state
    spi.o(.text) refers to gpio.o(.text) for GPIO_SetInactive
    spi.o(.text) refers to spi.o(.data) for .data
    gpio.o(.text) refers to gpio.o(.bss) for .bss
    spi_hci_msg.o(.text) refers to spi.o(.text) for spi_cs_high
    spi_hci_msg.o(.text) refers to h1_alloc.o(.text) for malloc
    spi_hci_msg.o(.text) refers to rt_memcpy.o(.text) for __aeabi_memcpy
    spi_hci_msg.o(.text) refers to queue.o(.text) for EnQueue
    spi_hci_msg.o(.text) refers to gpio.o(.text) for GPIO_RegisterCallback
    spi_hci_msg.o(.text) refers to app.o(.bss) for app_env
    spi_hci_msg.o(.text) refers to queue.o(.data) for SPIRxQueue
    spi_hci_msg.o(.text) refers to app.o(.bss) for rd_data
    malloc.o(.text) refers (Special) to hguard.o(.text) for __heap$guard
    malloc.o(.text) refers (Special) to init_alloc.o(.text) for _init_alloc
    malloc.o(.text) refers to rt_heap_descriptor_intlibspace.o(.text) for __rt_heap_descriptor
    free.o(.text) refers (Special) to hguard.o(.text) for __heap$guard
    free.o(.text) refers to rt_heap_descriptor_intlibspace.o(.text) for __rt_heap_descriptor
    h1_alloc.o(.text) refers (Special) to h1_init.o(.text) for __Heap_Initialize
    h1_alloc.o(.text) refers to rt_heap_descriptor_intlibspace.o(.text) for __rt_heap_descriptor
    h1_alloc.o(.text) refers to init_alloc.o(.text) for __Heap_Full
    h1_free.o(.text) refers to rt_heap_descriptor_intlibspace.o(.text) for __rt_heap_descriptor
    h1_alloc_mt.o(.text) refers (Special) to h1_init.o(.text) for __Heap_Initialize
    h1_alloc_mt.o(.text) refers to init_alloc.o(.text) for __Heap_Full
    h1_alloc_mt.o(.text) refers to rt_heap_descriptor_intlibspace.o(.text) for __rt_heap_descriptor
    h1_free_mt.o(.text) refers to rt_heap_descriptor_intlibspace.o(.text) for __rt_heap_descriptor
    heap2.o(i._FDIterate) refers to heap2.o(.conststring) for .conststring
    heap2.o(i.___Heap_ProvideMemory$realtime) refers to fdtree.o(i._FDTree_Delete) for _FDTree_Delete
    heap2.o(i.___Heap_ProvideMemory$realtime) refers to fdtree.o(i._FDTree_Insert) for _FDTree_Insert
    heap2.o(i.___Heap_Stats$realtime) refers to heap2.o(i._Heap2_StatsIterate) for _Heap2_StatsIterate
    heap2.o(i.___Heap_Stats$realtime) refers to aeabi_sdiv.o(.text) for __aeabi_uidivmod
    heap2.o(i.___Heap_Valid$realtime) refers to heap2.o(i._FDIterate) for _FDIterate
    heap2.o(i.___Heap_Valid$realtime) refers to heap2.o(.conststring) for .conststring
    heap2.o(i._free$realtime) refers to rt_heap_descriptor_intlibspace.o(.text) for __rt_heap_descriptor
    heap2.o(i._free$realtime) refers to fdtree.o(i._FDTree_Delete) for _FDTree_Delete
    heap2.o(i._free$realtime) refers to fdtree.o(i._FDTree_Insert) for _FDTree_Insert
    heap2.o(i._malloc$realtime) refers to rt_heap_descriptor_intlibspace.o(.text) for __rt_heap_descriptor
    heap2.o(i._malloc$realtime) refers to fdtree.o(i._FDTree_FindFirst) for _FDTree_FindFirst
    heap2.o(i._malloc$realtime) refers to init_alloc.o(.text) for __Heap_Full
    heap2.o(i._malloc$realtime) refers to fdtree.o(i._FDTree_RemoveNode) for _FDTree_RemoveNode
    heap2.o(i._malloc$realtime) refers to fdtree.o(i._FDTree_Insert) for _FDTree_Insert
    heap2.o(i._posix_memalign$realtime) refers to rt_heap_descriptor_intlibspace.o(.text) for __rt_heap_descriptor
    heap2.o(i._posix_memalign$realtime) refers to fdtree.o(i._FDTree_FindFirst) for _FDTree_FindFirst
    heap2.o(i._posix_memalign$realtime) refers to init_alloc.o(.text) for __Heap_Full
    heap2.o(i._posix_memalign$realtime) refers to fdtree.o(i._FDTree_RemoveNode) for _FDTree_RemoveNode
    heap2.o(i._posix_memalign$realtime) refers to fdtree.o(i._FDTree_Insert) for _FDTree_Insert
    heap2.o(i._realloc$realtime) refers to rt_heap_descriptor_intlibspace.o(.text) for __rt_heap_descriptor
    heap2.o(i._realloc$realtime) refers to h1_free.o(.text) for free
    heap2.o(i._realloc$realtime) refers to h1_alloc.o(.text) for malloc
    heap2.o(i._realloc$realtime) refers to fdtree.o(i._FDTree_Delete) for _FDTree_Delete
    heap2.o(i._realloc$realtime) refers to fdtree.o(i._FDTree_Insert) for _FDTree_Insert
    heap2.o(i._realloc$realtime) refers to rt_memcpy.o(.emb_text) for __aeabi_memcpy4
    heap2mt.o(i._FDIterate) refers to heap2mt.o(.conststring) for .conststring
    heap2mt.o(i.___Heap_ProvideMemory$realtime$concurrent) refers to fdtree.o(i._FDTree_Delete) for _FDTree_Delete
    heap2mt.o(i.___Heap_ProvideMemory$realtime$concurrent) refers to fdtree.o(i._FDTree_Insert) for _FDTree_Insert
    heap2mt.o(i.___Heap_Stats$realtime$concurrent) refers to heap2mt.o(i._Heap2_StatsIterate) for _Heap2_StatsIterate
    heap2mt.o(i.___Heap_Stats$realtime$concurrent) refers to aeabi_sdiv.o(.text) for __aeabi_uidivmod
    heap2mt.o(i.___Heap_Valid$realtime$concurrent) refers to heap2mt.o(i._FDIterate) for _FDIterate
    heap2mt.o(i.___Heap_Valid$realtime$concurrent) refers to heap2mt.o(.conststring) for .conststring
    heap2mt.o(i._free$realtime$concurrent) refers to rt_heap_descriptor_intlibspace.o(.text) for __rt_heap_descriptor
    heap2mt.o(i._free$realtime$concurrent) refers to fdtree.o(i._FDTree_Delete) for _FDTree_Delete
    heap2mt.o(i._free$realtime$concurrent) refers to fdtree.o(i._FDTree_Insert) for _FDTree_Insert
    heap2mt.o(i._malloc$realtime$concurrent) refers to rt_heap_descriptor_intlibspace.o(.text) for __rt_heap_descriptor
    heap2mt.o(i._malloc$realtime$concurrent) refers to fdtree.o(i._FDTree_FindFirst) for _FDTree_FindFirst
    heap2mt.o(i._malloc$realtime$concurrent) refers to init_alloc.o(.text) for __Heap_Full
    heap2mt.o(i._malloc$realtime$concurrent) refers to fdtree.o(i._FDTree_RemoveNode) for _FDTree_RemoveNode
    heap2mt.o(i._malloc$realtime$concurrent) refers to fdtree.o(i._FDTree_Insert) for _FDTree_Insert
    heap2mt.o(i._posix_memalign$realtime$concurrent) refers to rt_heap_descriptor_intlibspace.o(.text) for __rt_heap_descriptor
    heap2mt.o(i._posix_memalign$realtime$concurrent) refers to fdtree.o(i._FDTree_FindFirst) for _FDTree_FindFirst
    heap2mt.o(i._posix_memalign$realtime$concurrent) refers to init_alloc.o(.text) for __Heap_Full
    heap2mt.o(i._posix_memalign$realtime$concurrent) refers to fdtree.o(i._FDTree_RemoveNode) for _FDTree_RemoveNode
    heap2mt.o(i._posix_memalign$realtime$concurrent) refers to fdtree.o(i._FDTree_Insert) for _FDTree_Insert
    heap2mt.o(i._realloc$realtime$concurrent) refers to rt_heap_descriptor_intlibspace.o(.text) for __rt_heap_descriptor
    heap2mt.o(i._realloc$realtime$concurrent) refers to h1_free.o(.text) for free
    heap2mt.o(i._realloc$realtime$concurrent) refers to h1_alloc.o(.text) for malloc
    heap2mt.o(i._realloc$realtime$concurrent) refers to fdtree.o(i._FDTree_Delete) for _FDTree_Delete
    heap2mt.o(i._realloc$realtime$concurrent) refers to fdtree.o(i._FDTree_Insert) for _FDTree_Insert
    heap2mt.o(i._realloc$realtime$concurrent) refers to rt_memcpy.o(.emb_text) for __aeabi_memcpy4
    rand.o(.emb_text) refers (Special) to libinit2.o(.ARM.Collect$$libinit$$0000000D) for __rt_lib_init_rand_2
    rand.o(.emb_text) refers to rand.o(.text) for _rand_init
    rand.o(.emb_text) refers to rand.o(.bss) for _random_number_data
    rand.o(.text) refers (Special) to libinit2.o(.ARM.Collect$$libinit$$0000000D) for __rt_lib_init_rand_2
    rand.o(.text) refers to rand.o(.bss) for .bss
    rand.o(.bss) refers (Special) to libinit2.o(.ARM.Collect$$libinit$$0000000D) for __rt_lib_init_rand_2
    rt_memcpy.o(.text) refers to rt_memcpy.o(.emb_text) for __aeabi_memcpy4
    __main.o(!!!main) refers to __rtentry.o(.ARM.Collect$$rtentry$$00000000) for __rt_entry
    __rtentry.o(.ARM.Collect$$rtentry$$00000000) refers (Special) to __rtentry2.o(.ARM.Collect$$rtentry$$0000000A) for __rt_entry_li
    __rtentry.o(.ARM.Collect$$rtentry$$00000000) refers (Special) to __rtentry2.o(.ARM.Collect$$rtentry$$0000000D) for __rt_entry_main
    __rtentry.o(.ARM.Collect$$rtentry$$00000000) refers (Special) to __rtentry2.o(.ARM.Collect$$rtentry$$0000000C) for __rt_entry_postli_1
    __rtentry.o(.ARM.Collect$$rtentry$$00000000) refers (Special) to __rtentry2.o(.ARM.Collect$$rtentry$$00000009) for __rt_entry_postsh_1
    __rtentry.o(.ARM.Collect$$rtentry$$00000000) refers (Special) to __rtentry2.o(.ARM.Collect$$rtentry$$00000002) for __rt_entry_presh_1
    __rtentry.o(.ARM.Collect$$rtentry$$00000000) refers (Special) to __rtentry4.o(.ARM.Collect$$rtentry$$00000004) for __rt_entry_sh
    aeabi_idiv0_sigfpe.o(.text) refers to rt_div0.o(.text) for __rt_div0
    rt_heap_descriptor.o(.text) refers to rt_heap_descriptor.o(.bss) for __rt_heap_descriptor_data
    rt_heap_descriptor_intlibspace.o(.text) refers to libspace.o(.bss) for __libspace_start
    init_alloc.o(.text) refers (Special) to hguard.o(.text) for __heap$guard
    init_alloc.o(.text) refers (Special) to libinit2.o(.ARM.Collect$$libinit$$00000005) for __rt_lib_init_heap_2
    init_alloc.o(.text) refers (Special) to maybetermalloc1.o(.emb_text) for _maybe_terminate_alloc
    init_alloc.o(.text) refers to h1_extend.o(.text) for __Heap_ProvideMemory
    init_alloc.o(.text) refers to defsig_rtmem_outer.o(.text) for __rt_SIGRTMEM
    init_alloc.o(.text) refers to rt_heap_descriptor_intlibspace.o(.text) for __rt_heap_descriptor
    init_alloc.o(.text) refers to h1_init.o(.text) for __Heap_Initialize
    _get_argv.o(.text) refers (Special) to hrguard.o(.text) for __heap_region$guard
    _get_argv.o(.text) refers to h1_alloc.o(.text) for malloc
    _get_argv.o(.text) refers to defsig_rtmem_outer.o(.text) for __rt_SIGRTMEM
    _get_argv.o(.text) refers to sys_command.o(.text) for _sys_command_string
    libinit2.o(.ARM.Collect$$libinit$$00000005) refers (Weak) to init_alloc.o(.text) for _init_alloc
    libinit2.o(.ARM.Collect$$libinit$$0000000D) refers (Weak) to rand.o(.text) for _rand_init
    libinit2.o(.ARM.Collect$$libinit$$00000010) refers to libinit2.o(.ARM.Collect$$libinit$$0000000F) for .ARM.Collect$$libinit$$0000000F
    libinit2.o(.ARM.Collect$$libinit$$00000012) refers to libinit2.o(.ARM.Collect$$libinit$$0000000F) for .ARM.Collect$$libinit$$0000000F
    libinit2.o(.ARM.Collect$$libinit$$00000014) refers to libinit2.o(.ARM.Collect$$libinit$$0000000F) for .ARM.Collect$$libinit$$0000000F
    libinit2.o(.ARM.Collect$$libinit$$00000016) refers to libinit2.o(.ARM.Collect$$libinit$$0000000F) for .ARM.Collect$$libinit$$0000000F
    libinit2.o(.ARM.Collect$$libinit$$00000018) refers to libinit2.o(.ARM.Collect$$libinit$$0000000F) for .ARM.Collect$$libinit$$0000000F
    libinit2.o(.ARM.Collect$$libinit$$00000026) refers to argv_veneer.o(.text) for __ARM_argv_veneer
    libinit2.o(.ARM.Collect$$libinit$$00000027) refers to argv_veneer.o(.text) for __ARM_argv_veneer
    sys_command.o(.text) refers (Special) to use_no_semi.o(.text) for __I$use$semihosting
    sys_command.o(.text) refers (Special) to indicate_semi.o(.text) for __semihosting_library_function
    libspace.o(.text) refers to libspace.o(.bss) for __libspace_start
    __rtentry2.o(.ARM.Collect$$rtentry$$00000008) refers to boardinit2.o(.text) for _platform_post_stackheap_init
    __rtentry2.o(.ARM.Collect$$rtentry$$0000000A) refers to libinit.o(.ARM.Collect$$libinit$$00000000) for __rt_lib_init
    __rtentry2.o(.ARM.Collect$$rtentry$$0000000B) refers to boardinit3.o(.text) for _platform_post_lib_init
    __rtentry2.o(.ARM.Collect$$rtentry$$0000000D) refers to app.o(.text) for main
    __rtentry2.o(.ARM.Collect$$rtentry$$0000000D) refers to exit.o(.text) for exit
    __rtentry2.o(.ARM.exidx) refers to __rtentry2.o(.ARM.Collect$$rtentry$$00000001) for .ARM.Collect$$rtentry$$00000001
    __rtentry2.o(.ARM.exidx) refers to __rtentry2.o(.ARM.Collect$$rtentry$$00000008) for .ARM.Collect$$rtentry$$00000008
    __rtentry2.o(.ARM.exidx) refers to __rtentry2.o(.ARM.Collect$$rtentry$$0000000A) for .ARM.Collect$$rtentry$$0000000A
    __rtentry2.o(.ARM.exidx) refers to __rtentry2.o(.ARM.Collect$$rtentry$$0000000B) for .ARM.Collect$$rtentry$$0000000B
    __rtentry2.o(.ARM.exidx) refers to __rtentry2.o(.ARM.Collect$$rtentry$$0000000D) for .ARM.Collect$$rtentry$$0000000D
    __rtentry4.o(.ARM.Collect$$rtentry$$00000004) refers to sys_stackheap_outer.o(.text) for __user_setup_stackheap
    __rtentry4.o(.ARM.exidx) refers to __rtentry4.o(.ARM.Collect$$rtentry$$00000004) for .ARM.Collect$$rtentry$$00000004
    rt_div0.o(.text) refers to defsig_fpe_outer.o(.text) for __rt_SIGFPE
    maybetermalloc2.o(.emb_text) refers (Special) to term_alloc.o(.text) for _terminate_alloc
    h1_extend.o(.text) refers to h1_free.o(.text) for free
    h1_extend_mt.o(.text) refers to h1_free_mt.o(.text) for _free_internal
    defsig_rtmem_outer.o(.text) refers to defsig_rtmem_inner.o(.text) for __rt_SIGRTMEM_inner
    defsig_rtmem_outer.o(.text) refers to defsig_exit.o(.text) for __sig_exit
    defsig_rtmem_formal.o(.text) refers to rt_raise.o(.text) for __rt_raise
    heapauxa.o(.text) refers to heapauxa.o(.data) for .data
    sys_stackheap_outer.o(.text) refers to libspace.o(.text) for __user_perproc_libspace
    sys_stackheap_outer.o(.text) refers to startup_cmsdk_cm0.o(.text) for __user_initial_stackheap
    sys_stackheap_outer.o(__vectab_stack_and_reset_area) refers to tempstk.o(.text) for __temporary_stack_top
    sys_stackheap_outer.o(__vectab_stack_and_reset_area) refers to __main.o(!!!main) for __main
    rt_raise.o(.text) refers to __raise.o(.text) for __raise
    rt_raise.o(.text) refers to sys_exit.o(.text) for _sys_exit
    term_alloc.o(.text) refers (Special) to libshutdown2.o(.ARM.Collect$$libshutdown$$0000000E) for __rt_lib_shutdown_heap_2
    term_alloc.o(.text) refers to rt_heap_descriptor_intlibspace.o(.text) for __rt_heap_descriptor
    exit.o(.text) refers to rtexit.o(.ARM.Collect$$rtexit$$00000000) for __rt_exit
    defsig_exit.o(.text) refers to sys_exit.o(.text) for _sys_exit
    defsig_fpe_outer.o(.text) refers to defsig_fpe_inner.o(.text) for __rt_SIGFPE_inner
    defsig_fpe_outer.o(.text) refers to defsig_exit.o(.text) for __sig_exit
    defsig_fpe_formal.o(.text) refers to rt_raise.o(.text) for __rt_raise
    defsig_rtmem_inner.o(.text) refers to defsig_general.o(.text) for __default_signal_display
    _get_argv_nomalloc.o(.text) refers (Special) to hrguard.o(.text) for __heap_region$guard
    _get_argv_nomalloc.o(.text) refers to defsig_rtmem_outer.o(.text) for __rt_SIGRTMEM
    _get_argv_nomalloc.o(.text) refers to sys_command.o(.text) for _sys_command_string
    libinit.o(.ARM.Collect$$libinit$$00000000) refers (Special) to libinit2.o(.ARM.Collect$$libinit$$0000002E) for __rt_lib_init_alloca_1
    libinit.o(.ARM.Collect$$libinit$$00000000) refers (Special) to libinit2.o(.ARM.Collect$$libinit$$0000002C) for __rt_lib_init_argv_1
    libinit.o(.ARM.Collect$$libinit$$00000000) refers (Special) to libinit2.o(.ARM.Collect$$libinit$$0000001B) for __rt_lib_init_atexit_1
    libinit.o(.ARM.Collect$$libinit$$00000000) refers (Special) to libinit2.o(.ARM.Collect$$libinit$$00000021) for __rt_lib_init_clock_1
    libinit.o(.ARM.Collect$$libinit$$00000000) refers (Special) to libinit2.o(.ARM.Collect$$libinit$$00000032) for __rt_lib_init_cpp_1
    libinit.o(.ARM.Collect$$libinit$$00000000) refers (Special) to libinit2.o(.ARM.Collect$$libinit$$00000030) for __rt_lib_init_exceptions_1
    libinit.o(.ARM.Collect$$libinit$$00000000) refers (Special) to libinit2.o(.ARM.Collect$$libinit$$00000002) for __rt_lib_init_fp_1
    libinit.o(.ARM.Collect$$libinit$$00000000) refers (Special) to libinit2.o(.ARM.Collect$$libinit$$0000001F) for __rt_lib_init_fp_trap_1
    libinit.o(.ARM.Collect$$libinit$$00000000) refers (Special) to libinit2.o(.ARM.Collect$$libinit$$00000023) for __rt_lib_init_getenv_1
    libinit.o(.ARM.Collect$$libinit$$00000000) refers (Special) to libinit2.o(.ARM.Collect$$libinit$$0000000A) for __rt_lib_init_heap_1
    libinit.o(.ARM.Collect$$libinit$$00000000) refers (Special) to libinit2.o(.ARM.Collect$$libinit$$00000011) for __rt_lib_init_lc_collate_1
    libinit.o(.ARM.Collect$$libinit$$00000000) refers (Special) to libinit2.o(.ARM.Collect$$libinit$$00000013) for __rt_lib_init_lc_ctype_1
    libinit.o(.ARM.Collect$$libinit$$00000000) refers (Special) to libinit2.o(.ARM.Collect$$libinit$$00000015) for __rt_lib_init_lc_monetary_1
    libinit.o(.ARM.Collect$$libinit$$00000000) refers (Special) to libinit2.o(.ARM.Collect$$libinit$$00000017) for __rt_lib_init_lc_numeric_1
    libinit.o(.ARM.Collect$$libinit$$00000000) refers (Special) to libinit2.o(.ARM.Collect$$libinit$$00000019) for __rt_lib_init_lc_time_1
    libinit.o(.ARM.Collect$$libinit$$00000000) refers (Special) to libinit2.o(.ARM.Collect$$libinit$$00000004) for __rt_lib_init_preinit_1
    libinit.o(.ARM.Collect$$libinit$$00000000) refers (Special) to libinit2.o(.ARM.Collect$$libinit$$0000000E) for __rt_lib_init_rand_1
    libinit.o(.ARM.Collect$$libinit$$00000000) refers (Special) to libinit2.o(.ARM.Collect$$libinit$$00000033) for __rt_lib_init_return
    libinit.o(.ARM.Collect$$libinit$$00000000) refers (Special) to libinit2.o(.ARM.Collect$$libinit$$0000001D) for __rt_lib_init_signal_1
    libinit.o(.ARM.Collect$$libinit$$00000000) refers (Special) to libinit2.o(.ARM.Collect$$libinit$$00000025) for __rt_lib_init_stdio_1
    libinit.o(.ARM.Collect$$libinit$$00000000) refers (Special) to libinit2.o(.ARM.Collect$$libinit$$0000000C) for __rt_lib_init_user_alloc_1
    sys_exit.o(.text) refers (Special) to use_no_semi.o(.text) for __I$use$semihosting
    sys_exit.o(.text) refers (Special) to indicate_semi.o(.text) for __semihosting_library_function
    rtexit.o(.ARM.Collect$$rtexit$$00000000) refers (Special) to rtexit2.o(.ARM.Collect$$rtexit$$00000004) for __rt_exit_exit
    rtexit.o(.ARM.Collect$$rtexit$$00000000) refers (Special) to rtexit2.o(.ARM.Collect$$rtexit$$00000003) for __rt_exit_ls
    rtexit.o(.ARM.Collect$$rtexit$$00000000) refers (Special) to rtexit2.o(.ARM.Collect$$rtexit$$00000002) for __rt_exit_prels_1
    rtexit.o(.ARM.exidx) refers (Special) to rtexit2.o(.ARM.Collect$$rtexit$$00000004) for __rt_exit_exit
    rtexit.o(.ARM.exidx) refers (Special) to rtexit2.o(.ARM.Collect$$rtexit$$00000003) for __rt_exit_ls
    rtexit.o(.ARM.exidx) refers (Special) to rtexit2.o(.ARM.Collect$$rtexit$$00000002) for __rt_exit_prels_1
    rtexit.o(.ARM.exidx) refers to rtexit.o(.ARM.Collect$$rtexit$$00000000) for .ARM.Collect$$rtexit$$00000000
    __raise.o(.text) refers to defsig.o(CL$$defsig) for __default_signal_handler
    defsig_general.o(.text) refers to sys_wrch.o(.text) for _ttywrch
    defsig_fpe_inner.o(.text) refers to defsig_general.o(.text) for __default_signal_display
    libshutdown2.o(.ARM.Collect$$libshutdown$$0000000D) refers (Weak) to term_alloc.o(.text) for _terminate_alloc
    sys_wrch.o(.text) refers (Special) to use_no_semi.o(.text) for __I$use$semihosting
    sys_wrch.o(.text) refers (Special) to indicate_semi.o(.text) for __semihosting_library_function
    rtexit2.o(.ARM.Collect$$rtexit$$00000003) refers to libshutdown.o(.ARM.Collect$$libshutdown$$00000000) for __rt_lib_shutdown
    rtexit2.o(.ARM.Collect$$rtexit$$00000004) refers to sys_exit.o(.text) for _sys_exit
    rtexit2.o(.ARM.exidx) refers to rtexit2.o(.ARM.Collect$$rtexit$$00000001) for .ARM.Collect$$rtexit$$00000001
    rtexit2.o(.ARM.exidx) refers to rtexit2.o(.ARM.Collect$$rtexit$$00000003) for .ARM.Collect$$rtexit$$00000003
    rtexit2.o(.ARM.exidx) refers to rtexit2.o(.ARM.Collect$$rtexit$$00000004) for .ARM.Collect$$rtexit$$00000004
    defsig.o(CL$$defsig) refers to defsig_fpe_inner.o(.text) for __rt_SIGFPE_inner
    defsig.o(CL$$defsig) refers to defsig_rtmem_inner.o(.text) for __rt_SIGRTMEM_inner
    defsig_abrt_inner.o(.text) refers to defsig_general.o(.text) for __default_signal_display
    defsig_rtred_inner.o(.text) refers to defsig_general.o(.text) for __default_signal_display
    defsig_stak_inner.o(.text) refers to defsig_general.o(.text) for __default_signal_display
    defsig_pvfn_inner.o(.text) refers to defsig_general.o(.text) for __default_signal_display
    defsig_cppl_inner.o(.text) refers to defsig_general.o(.text) for __default_signal_display
    defsig_segv_inner.o(.text) refers to defsig_general.o(.text) for __default_signal_display
    defsig_other.o(.text) refers to defsig_general.o(.text) for __default_signal_display
    libshutdown.o(.ARM.Collect$$libshutdown$$00000000) refers (Special) to libshutdown2.o(.ARM.Collect$$libshutdown$$00000002) for __rt_lib_shutdown_cpp_1
    libshutdown.o(.ARM.Collect$$libshutdown$$00000000) refers (Special) to libshutdown2.o(.ARM.Collect$$libshutdown$$00000007) for __rt_lib_shutdown_fp_trap_1
    libshutdown.o(.ARM.Collect$$libshutdown$$00000000) refers (Special) to libshutdown2.o(.ARM.Collect$$libshutdown$$0000000F) for __rt_lib_shutdown_heap_1
    libshutdown.o(.ARM.Collect$$libshutdown$$00000000) refers (Special) to libshutdown2.o(.ARM.Collect$$libshutdown$$00000010) for __rt_lib_shutdown_return
    libshutdown.o(.ARM.Collect$$libshutdown$$00000000) refers (Special) to libshutdown2.o(.ARM.Collect$$libshutdown$$0000000A) for __rt_lib_shutdown_signal_1
    libshutdown.o(.ARM.Collect$$libshutdown$$00000000) refers (Special) to libshutdown2.o(.ARM.Collect$$libshutdown$$00000004) for __rt_lib_shutdown_stdio_1
    libshutdown.o(.ARM.Collect$$libshutdown$$00000000) refers (Special) to libshutdown2.o(.ARM.Collect$$libshutdown$$0000000C) for __rt_lib_shutdown_user_alloc_1


==============================================================================

Removing Unused input sections from the image.

    Removing system_cmsdk.o(.data), (4 bytes).
    Removing app_task.o(.rev16_text), (4 bytes).
    Removing app_task.o(.revsh_text), (4 bytes).
    Removing app_task.o(.data), (4 bytes).
    Removing ble_msg.o(.rev16_text), (4 bytes).
    Removing ble_msg.o(.revsh_text), (4 bytes).
    Removing peripherals.o(.rev16_text), (4 bytes).
    Removing peripherals.o(.revsh_text), (4 bytes).
    Removing timer.o(.rev16_text), (4 bytes).
    Removing timer.o(.revsh_text), (4 bytes).
    Removing timer.o(.text), (160 bytes).
    Removing app_button_led.o(.rev16_text), (4 bytes).
    Removing app_button_led.o(.revsh_text), (4 bytes).
    Removing spi_booter.o(.rev16_text), (4 bytes).
    Removing spi_booter.o(.revsh_text), (4 bytes).
    Removing app.o(.rev16_text), (4 bytes).
    Removing app.o(.revsh_text), (4 bytes).
    Removing app.o(.data), (4 bytes).
    Removing app.o(.data), (4 bytes).
    Removing spi.o(.rev16_text), (4 bytes).
    Removing spi.o(.revsh_text), (4 bytes).
    Removing gpio.o(.rev16_text), (4 bytes).
    Removing gpio.o(.revsh_text), (4 bytes).
    Removing spi_hci_msg.o(.rev16_text), (4 bytes).
    Removing spi_hci_msg.o(.revsh_text), (4 bytes).

25 unused section(s) (total 256 bytes) removed from the image.

==============================================================================

Image Symbol Table

    Local Symbols

    Symbol Name                              Value     Ov Type        Size  Object(Section)

    ../clib/angel/boardlib.s                 0x00000000   Number         0  boardshut.o ABSOLUTE
    ../clib/angel/boardlib.s                 0x00000000   Number         0  boardinit3.o ABSOLUTE
    ../clib/angel/boardlib.s                 0x00000000   Number         0  boardinit2.o ABSOLUTE
    ../clib/angel/boardlib.s                 0x00000000   Number         0  boardinit1.o ABSOLUTE
    ../clib/angel/handlers.s                 0x00000000   Number         0  __scatter_zi.o ABSOLUTE
    ../clib/angel/handlers.s                 0x00000000   Number         0  __scatter_copy.o ABSOLUTE
    ../clib/angel/kernel.s                   0x00000000   Number         0  rtexit2.o ABSOLUTE
    ../clib/angel/kernel.s                   0x00000000   Number         0  __rtentry.o ABSOLUTE
    ../clib/angel/kernel.s                   0x00000000   Number         0  rtexit.o ABSOLUTE
    ../clib/angel/kernel.s                   0x00000000   Number         0  __rtentry2.o ABSOLUTE
    ../clib/angel/kernel.s                   0x00000000   Number         0  __rtentry4.o ABSOLUTE
    ../clib/angel/rt.s                       0x00000000   Number         0  rt_raise.o ABSOLUTE
    ../clib/angel/rt.s                       0x00000000   Number         0  rt_div0.o ABSOLUTE
    ../clib/angel/rt.s                       0x00000000   Number         0  rt_heap_descriptor_intlibspace.o ABSOLUTE
    ../clib/angel/rt.s                       0x00000000   Number         0  rt_heap_descriptor.o ABSOLUTE
    ../clib/angel/rt.s                       0x00000000   Number         0  aeabi_idiv0_sigfpe.o ABSOLUTE
    ../clib/angel/rt.s                       0x00000000   Number         0  aeabi_idiv0.o ABSOLUTE
    ../clib/angel/scatterp.s                 0x00000000   Number         0  __scatter.o ABSOLUTE
    ../clib/angel/startup.s                  0x00000000   Number         0  __main.o ABSOLUTE
    ../clib/angel/sys.s                      0x00000000   Number         0  use_no_semi.o ABSOLUTE
    ../clib/angel/sys.s                      0x00000000   Number         0  indicate_semi.o ABSOLUTE
    ../clib/angel/sys.s                      0x00000000   Number         0  mutex_dummy.o ABSOLUTE
    ../clib/angel/sys.s                      0x00000000   Number         0  tempstk.o ABSOLUTE
    ../clib/angel/sys.s                      0x00000000   Number         0  libspace.o ABSOLUTE
    ../clib/angel/sys.s                      0x00000000   Number         0  sys_stackheap_outer.o ABSOLUTE
    ../clib/angel/sysapp.c                   0x00000000   Number         0  sys_exit.o ABSOLUTE
    ../clib/angel/sysapp.c                   0x00000000   Number         0  sys_wrch.o ABSOLUTE
    ../clib/angel/sysapp.c                   0x00000000   Number         0  sys_command.o ABSOLUTE
    ../clib/armsys.c                         0x00000000   Number         0  _get_argv.o ABSOLUTE
    ../clib/armsys.c                         0x00000000   Number         0  no_argv.o ABSOLUTE
    ../clib/armsys.c                         0x00000000   Number         0  _get_argv_nomalloc.o ABSOLUTE
    ../clib/armsys.c                         0x00000000   Number         0  argv_veneer.o ABSOLUTE
    ../clib/division.s                       0x00000000   Number         0  aeabi_sdiv_div0.o ABSOLUTE
    ../clib/division.s                       0x00000000   Number         0  aeabi_sdiv.o ABSOLUTE
    ../clib/heap1.c                          0x00000000   Number         0  h1_alloc.o ABSOLUTE
    ../clib/heap1.c                          0x00000000   Number         0  h1_free.o ABSOLUTE
    ../clib/heap1.c                          0x00000000   Number         0  h1_alloc_mt.o ABSOLUTE
    ../clib/heap1.c                          0x00000000   Number         0  h1_free_mt.o ABSOLUTE
    ../clib/heap1.c                          0x00000000   Number         0  h1_extend.o ABSOLUTE
    ../clib/heap1.c                          0x00000000   Number         0  h1_extend_mt.o ABSOLUTE
    ../clib/heap1.c                          0x00000000   Number         0  h1_init_mt.o ABSOLUTE
    ../clib/heap1.c                          0x00000000   Number         0  h1_init.o ABSOLUTE
    ../clib/heap1.c                          0x00000000   Number         0  h1_final_mt.o ABSOLUTE
    ../clib/heap1.c                          0x00000000   Number         0  h1_final.o ABSOLUTE
    ../clib/heap2.c                          0x00000000   Number         0  heap2.o ABSOLUTE
    ../clib/heap2.c                          0x00000000   Number         0  heap2mt.o ABSOLUTE
    ../clib/heap2.c                          0x00000000   Number         0  fdtree.o ABSOLUTE
    ../clib/heapalloc.c                      0x00000000   Number         0  maybetermalloc2.o ABSOLUTE
    ../clib/heapalloc.c                      0x00000000   Number         0  maybetermalloc2.o ABSOLUTE
    ../clib/heapalloc.c                      0x00000000   Number         0  term_alloc.o ABSOLUTE
    ../clib/heapalloc.c                      0x00000000   Number         0  malloc.o ABSOLUTE
    ../clib/heapalloc.c                      0x00000000   Number         0  free.o ABSOLUTE
    ../clib/heapalloc.c                      0x00000000   Number         0  heapstubs.o ABSOLUTE
    ../clib/heapalloc.c                      0x00000000   Number         0  hrguard.o ABSOLUTE
    ../clib/heapalloc.c                      0x00000000   Number         0  init_alloc.o ABSOLUTE
    ../clib/heapalloc.c                      0x00000000   Number         0  maybetermalloc1.o ABSOLUTE
    ../clib/heapalloc.c                      0x00000000   Number         0  hguard.o ABSOLUTE
    ../clib/heapalloc.c                      0x00000000   Number         0  maybetermalloc1.o ABSOLUTE
    ../clib/heapaux.c                        0x00000000   Number         0  heapauxi.o ABSOLUTE
    ../clib/heapaux.c                        0x00000000   Number         0  heapauxa.o ABSOLUTE
    ../clib/libinit.s                        0x00000000   Number         0  libshutdown.o ABSOLUTE
    ../clib/libinit.s                        0x00000000   Number         0  libshutdown2.o ABSOLUTE
    ../clib/libinit.s                        0x00000000   Number         0  libinit.o ABSOLUTE
    ../clib/libinit.s                        0x00000000   Number         0  libinit2.o ABSOLUTE
    ../clib/memcpset.c                       0x00000000   Number         0  rt_memcpy.o ABSOLUTE
    ../clib/memcpset.c                       0x00000000   Number         0  rt_memcpy.o ABSOLUTE
    ../clib/memcpset.c                       0x00000000   Number         0  rt_memclr.o ABSOLUTE
    ../clib/signal.c                         0x00000000   Number         0  defsig_other.o ABSOLUTE
    ../clib/signal.c                         0x00000000   Number         0  defsig_segv_inner.o ABSOLUTE
    ../clib/signal.c                         0x00000000   Number         0  defsig_cppl_inner.o ABSOLUTE
    ../clib/signal.c                         0x00000000   Number         0  defsig_pvfn_inner.o ABSOLUTE
    ../clib/signal.c                         0x00000000   Number         0  defsig_fpe_formal.o ABSOLUTE
    ../clib/signal.c                         0x00000000   Number         0  defsig_stak_inner.o ABSOLUTE
    ../clib/signal.c                         0x00000000   Number         0  defsig_rtred_inner.o ABSOLUTE
    ../clib/signal.c                         0x00000000   Number         0  defsig_abrt_inner.o ABSOLUTE
    ../clib/signal.c                         0x00000000   Number         0  __raise.o ABSOLUTE
    ../clib/signal.c                         0x00000000   Number         0  defsig_general.o ABSOLUTE
    ../clib/signal.c                         0x00000000   Number         0  defsig_rtmem_inner.o ABSOLUTE
    ../clib/signal.c                         0x00000000   Number         0  defsig_fpe_inner.o ABSOLUTE
    ../clib/signal.c                         0x00000000   Number         0  defsig_rtmem_outer.o ABSOLUTE
    ../clib/signal.c                         0x00000000   Number         0  defsig_fpe_outer.o ABSOLUTE
    ../clib/signal.c                         0x00000000   Number         0  defsig_exit.o ABSOLUTE
    ../clib/signal.c                         0x00000000   Number         0  defsig_rtmem_formal.o ABSOLUTE
    ../clib/signal.s                         0x00000000   Number         0  defsig.o ABSOLUTE
    ../clib/stdlib.c                         0x00000000   Number         0  rand.o ABSOLUTE
    ../clib/stdlib.c                         0x00000000   Number         0  exit.o ABSOLUTE
    ../clib/stdlib.c                         0x00000000   Number         0  rand.o ABSOLUTE
    ../clib/string.c                         0x00000000   Number         0  memcmp.o ABSOLUTE
    ../fplib/cfplib/fpinit.c                 0x00000000   Number         0  fpinit.o ABSOLUTE
    ..\..\..\..\..\sdk\platform\driver\gpio\gpio.c 0x00000000   Number         0  gpio.o ABSOLUTE
    ..\..\..\..\..\sdk\platform\driver\spi\spi.c 0x00000000   Number         0  spi.o ABSOLUTE
    ..\\..\\..\\..\\..\\sdk\\platform\\driver\\gpio\\gpio.c 0x00000000   Number         0  gpio.o ABSOLUTE
    ..\\..\\..\\..\\..\\sdk\\platform\\driver\\spi\\spi.c 0x00000000   Number         0  spi.o ABSOLUTE
    dc.s                                     0x00000000   Number         0  dc.o ABSOLUTE
    src\\app.c                               0x00000000   Number         0  app.o ABSOLUTE
    src\\app_button_led.c                    0x00000000   Number         0  app_button_led.o ABSOLUTE
    src\\app_task.c                          0x00000000   Number         0  app_task.o ABSOLUTE
    src\\ble_msg.c                           0x00000000   Number         0  ble_msg.o ABSOLUTE
    src\\peripherals.c                       0x00000000   Number         0  peripherals.o ABSOLUTE
    src\\spi_booter.c                        0x00000000   Number         0  spi_booter.o ABSOLUTE
    src\\spi_hci_msg.c                       0x00000000   Number         0  spi_hci_msg.o ABSOLUTE
    src\\timer.c                             0x00000000   Number         0  timer.o ABSOLUTE
    src\app.c                                0x00000000   Number         0  app.o ABSOLUTE
    src\app_button_led.c                     0x00000000   Number         0  app_button_led.o ABSOLUTE
    src\app_task.c                           0x00000000   Number         0  app_task.o ABSOLUTE
    src\ble_msg.c                            0x00000000   Number         0  ble_msg.o ABSOLUTE
    src\interrupts.c                         0x00000000   Number         0  interrupts.o ABSOLUTE
    src\peripherals.c                        0x00000000   Number         0  peripherals.o ABSOLUTE
    src\queue.c                              0x00000000   Number         0  queue.o ABSOLUTE
    src\spi_booter.c                         0x00000000   Number         0  spi_booter.o ABSOLUTE
    src\spi_hci_msg.c                        0x00000000   Number         0  spi_hci_msg.o ABSOLUTE
    src\timer.c                              0x00000000   Number         0  timer.o ABSOLUTE
    startup\startup_CMSDK_CM0.s              0x00000000   Number         0  startup_cmsdk_cm0.o ABSOLUTE
    startup\system_CMSDK.c                   0x00000000   Number         0  system_cmsdk.o ABSOLUTE
    RESET                                    0x20000000   Section      160  startup_cmsdk_cm0.o(RESET)
    !!!main                                  0x200000a0   Section        8  __main.o(!!!main)
    !!!scatter                               0x200000a8   Section       60  __scatter.o(!!!scatter)
    !!handler_copy                           0x200000e4   Section       26  __scatter_copy.o(!!handler_copy)
    !!handler_zi                             0x20000100   Section       28  __scatter_zi.o(!!handler_zi)
    .ARM.Collect$$libinit$$00000000          0x2000011c   Section        2  libinit.o(.ARM.Collect$$libinit$$00000000)
    .ARM.Collect$$libinit$$00000002          0x2000011e   Section        0  libinit2.o(.ARM.Collect$$libinit$$00000002)
    .ARM.Collect$$libinit$$00000004          0x2000011e   Section        0  libinit2.o(.ARM.Collect$$libinit$$00000004)
    .ARM.Collect$$libinit$$00000005          0x2000011e   Section        8  libinit2.o(.ARM.Collect$$libinit$$00000005)
    .ARM.Collect$$libinit$$0000000A          0x20000126   Section        0  libinit2.o(.ARM.Collect$$libinit$$0000000A)
    .ARM.Collect$$libinit$$0000000C          0x20000126   Section        0  libinit2.o(.ARM.Collect$$libinit$$0000000C)
    .ARM.Collect$$libinit$$0000000D          0x20000126   Section        4  libinit2.o(.ARM.Collect$$libinit$$0000000D)
    .ARM.Collect$$libinit$$0000000E          0x2000012a   Section        0  libinit2.o(.ARM.Collect$$libinit$$0000000E)
    .ARM.Collect$$libinit$$00000011          0x2000012a   Section        0  libinit2.o(.ARM.Collect$$libinit$$00000011)
    .ARM.Collect$$libinit$$00000013          0x2000012a   Section        0  libinit2.o(.ARM.Collect$$libinit$$00000013)
    .ARM.Collect$$libinit$$00000015          0x2000012a   Section        0  libinit2.o(.ARM.Collect$$libinit$$00000015)
    .ARM.Collect$$libinit$$00000017          0x2000012a   Section        0  libinit2.o(.ARM.Collect$$libinit$$00000017)
    .ARM.Collect$$libinit$$00000019          0x2000012a   Section        0  libinit2.o(.ARM.Collect$$libinit$$00000019)
    .ARM.Collect$$libinit$$0000001B          0x2000012a   Section        0  libinit2.o(.ARM.Collect$$libinit$$0000001B)
    .ARM.Collect$$libinit$$0000001D          0x2000012a   Section        0  libinit2.o(.ARM.Collect$$libinit$$0000001D)
    .ARM.Collect$$libinit$$0000001F          0x2000012a   Section        0  libinit2.o(.ARM.Collect$$libinit$$0000001F)
    .ARM.Collect$$libinit$$00000021          0x2000012a   Section        0  libinit2.o(.ARM.Collect$$libinit$$00000021)
    .ARM.Collect$$libinit$$00000023          0x2000012a   Section        0  libinit2.o(.ARM.Collect$$libinit$$00000023)
    .ARM.Collect$$libinit$$00000025          0x2000012a   Section        0  libinit2.o(.ARM.Collect$$libinit$$00000025)
    .ARM.Collect$$libinit$$0000002C          0x2000012a   Section        0  libinit2.o(.ARM.Collect$$libinit$$0000002C)
    .ARM.Collect$$libinit$$0000002E          0x2000012a   Section        0  libinit2.o(.ARM.Collect$$libinit$$0000002E)
    .ARM.Collect$$libinit$$00000030          0x2000012a   Section        0  libinit2.o(.ARM.Collect$$libinit$$00000030)
    .ARM.Collect$$libinit$$00000032          0x2000012a   Section        0  libinit2.o(.ARM.Collect$$libinit$$00000032)
    .ARM.Collect$$libinit$$00000033          0x2000012a   Section        2  libinit2.o(.ARM.Collect$$libinit$$00000033)
    .ARM.Collect$$libshutdown$$00000000      0x2000012c   Section        2  libshutdown.o(.ARM.Collect$$libshutdown$$00000000)
    .ARM.Collect$$libshutdown$$00000002      0x2000012e   Section        0  libshutdown2.o(.ARM.Collect$$libshutdown$$00000002)
    .ARM.Collect$$libshutdown$$00000004      0x2000012e   Section        0  libshutdown2.o(.ARM.Collect$$libshutdown$$00000004)
    .ARM.Collect$$libshutdown$$00000007      0x2000012e   Section        0  libshutdown2.o(.ARM.Collect$$libshutdown$$00000007)
    .ARM.Collect$$libshutdown$$0000000A      0x2000012e   Section        0  libshutdown2.o(.ARM.Collect$$libshutdown$$0000000A)
    .ARM.Collect$$libshutdown$$0000000C      0x2000012e   Section        0  libshutdown2.o(.ARM.Collect$$libshutdown$$0000000C)
    .ARM.Collect$$libshutdown$$0000000F      0x2000012e   Section        0  libshutdown2.o(.ARM.Collect$$libshutdown$$0000000F)
    .ARM.Collect$$libshutdown$$00000010      0x2000012e   Section        2  libshutdown2.o(.ARM.Collect$$libshutdown$$00000010)
    .ARM.Collect$$rtentry$$00000000          0x20000130   Section        0  __rtentry.o(.ARM.Collect$$rtentry$$00000000)
    .ARM.Collect$$rtentry$$00000002          0x20000130   Section        0  __rtentry2.o(.ARM.Collect$$rtentry$$00000002)
    .ARM.Collect$$rtentry$$00000004          0x20000130   Section        6  __rtentry4.o(.ARM.Collect$$rtentry$$00000004)
    .ARM.Collect$$rtentry$$00000009          0x20000136   Section        0  __rtentry2.o(.ARM.Collect$$rtentry$$00000009)
    .ARM.Collect$$rtentry$$0000000A          0x20000136   Section        4  __rtentry2.o(.ARM.Collect$$rtentry$$0000000A)
    .ARM.Collect$$rtentry$$0000000C          0x2000013a   Section        0  __rtentry2.o(.ARM.Collect$$rtentry$$0000000C)
    .ARM.Collect$$rtentry$$0000000D          0x2000013a   Section        8  __rtentry2.o(.ARM.Collect$$rtentry$$0000000D)
    .ARM.Collect$$rtexit$$00000000           0x20000142   Section        2  rtexit.o(.ARM.Collect$$rtexit$$00000000)
    .ARM.Collect$$rtexit$$00000002           0x20000144   Section        0  rtexit2.o(.ARM.Collect$$rtexit$$00000002)
    .ARM.Collect$$rtexit$$00000003           0x20000144   Section        4  rtexit2.o(.ARM.Collect$$rtexit$$00000003)
    .ARM.Collect$$rtexit$$00000004           0x20000148   Section        6  rtexit2.o(.ARM.Collect$$rtexit$$00000004)
    .emb_text                                0x20000150   Section       56  rand.o(.emb_text)
    .emb_text                                0x20000188   Section       56  rt_memcpy.o(.emb_text)
    .emb_text                                0x200001c0   Section        0  maybetermalloc1.o(.emb_text)
    .text                                    0x200001c0   Section       56  startup_cmsdk_cm0.o(.text)
    .text                                    0x200001f8   Section        0  system_cmsdk.o(.text)
    .text                                    0x20000210   Section        0  app_task.o(.text)
    update_visual_alert_indication           0x20000477   Thumb Code    32  app_task.o(.text)
    .text                                    0x200004ac   Section        0  ble_msg.o(.text)
    .text                                    0x2000068c   Section        0  interrupts.o(.text)
    .text                                    0x20000690   Section        0  peripherals.o(.text)
    .text                                    0x20000734   Section        0  queue.o(.text)
    .text                                    0x20000770   Section        0  app_button_led.o(.text)
    .text                                    0x200008d0   Section        0  spi_booter.o(.text)
    .text                                    0x20000a3c   Section        0  app.o(.text)
    .text                                    0x20000dec   Section        0  spi.o(.text)
    .text                                    0x20000f34   Section        0  gpio.o(.text)
    gpioshift16                              0x200011e5   Thumb Code    32  gpio.o(.text)
    .text                                    0x20001224   Section        0  spi_hci_msg.o(.text)
    .text                                    0x2000138c   Section        0  h1_alloc.o(.text)
    .text                                    0x200013ee   Section        0  h1_free.o(.text)
    .text                                    0x2000143c   Section        0  rand.o(.text)
    .text                                    0x20001478   Section        0  memcmp.o(.text)
    .text                                    0x200014d2   Section        0  rt_memcpy.o(.text)
    .text                                    0x20001554   Section        0  rt_memclr.o(.text)
    .text                                    0x20001594   Section      346  aeabi_sdiv.o(.text)
    .text                                    0x200016ee   Section        0  heapauxi.o(.text)
    .text                                    0x200016f4   Section        8  rt_heap_descriptor_intlibspace.o(.text)
    .text                                    0x200016fc   Section        0  hguard.o(.text)
    .text                                    0x20001700   Section        0  init_alloc.o(.text)
    .text                                    0x20001788   Section        0  h1_init.o(.text)
    .text                                    0x20001798   Section        8  libspace.o(.text)
    .text                                    0x200017a0   Section        0  h1_extend.o(.text)
    .text                                    0x200017d4   Section        0  defsig_rtmem_outer.o(.text)
    .text                                    0x200017e0   Section        2  use_no_semi.o(.text)
    .text                                    0x200017e2   Section       62  sys_stackheap_outer.o(.text)
    .text                                    0x200017e2   Section        0  indicate_semi.o(.text)
    .text                                    0x20001820   Section        0  exit.o(.text)
    .text                                    0x20001830   Section        0  defsig_exit.o(.text)
    .text                                    0x2000183c   Section        0  defsig_rtmem_inner.o(.text)
    .text                                    0x2000188c   Section        0  sys_exit.o(.text)
    .text                                    0x20001898   Section        0  defsig_general.o(.text)
    .text                                    0x200018cc   Section        0  sys_wrch.o(.text)
    i.__ARM_common_switch8                   0x200018d8   Section        0  ble_msg.o(i.__ARM_common_switch8)
    .constdata                               0x20001900   Section    13684  spi_booter.o(.constdata)
    program_t                                0x20001900   Data       13684  spi_booter.o(.constdata)
    .data                                    0x20008000   Section        4  system_cmsdk.o(.data)
    .data                                    0x20008004   Section        8  queue.o(.data)
    .data                                    0x2000800c   Section        8  queue.o(.data)
    .data                                    0x20008014   Section        2  spi_booter.o(.data)
    .data                                    0x20008016   Section        2  app.o(.data)
    .data                                    0x20008018   Section        2  spi.o(.data)
    .bss                                     0x2000801c   Section       12  app_task.o(.bss)
    .bss                                     0x20008028   Section      542  app.o(.bss)
    .bss                                     0x20008246   Section      256  app.o(.bss)
    .bss                                     0x20008348   Section       20  gpio.o(.bss)
    .bss                                     0x2000835c   Section      228  rand.o(.bss)
    .bss                                     0x20008440   Section       96  libspace.o(.bss)
    HEAP                                     0x200084a0   Section      256  startup_cmsdk_cm0.o(HEAP)
    Heap_Mem                                 0x200084a0   Data         256  startup_cmsdk_cm0.o(HEAP)
    STACK                                    0x200085a0   Section      512  startup_cmsdk_cm0.o(STACK)
    Stack_Mem                                0x200085a0   Data         512  startup_cmsdk_cm0.o(STACK)
    __initial_sp                             0x200087a0   Data           0  startup_cmsdk_cm0.o(STACK)

    Global Symbols

    Symbol Name                              Value     Ov Type        Size  Object(Section)

    BuildAttributes$$THM_ISAv3M$S$PE$A:L22$X:L11$S22$IEEE1$IW$USESV6$~STKCKD$USESV7$~SHL$OTIME$ROPI$EBA8$UX$STANDARDLIB$REQ8$PRES8$EABIv2 0x00000000   Number         0  anon$$obj.o ABSOLUTE
    __ARM_use_no_argv                        0x00000000   Number         0  app.o ABSOLUTE
    __ARM_exceptions_init                     - Undefined Weak Reference
    __alloca_initialize                       - Undefined Weak Reference
    __arm_preinit_                            - Undefined Weak Reference
    __cpp_initialize__aeabi_                  - Undefined Weak Reference
    __cxa_finalize                            - Undefined Weak Reference
    __rt_locale                               - Undefined Weak Reference
    __sigvec_lookup                           - Undefined Weak Reference
    __user_heap_extent                        - Undefined Weak Reference
    _atexit_init                              - Undefined Weak Reference
    _call_atexit_fns                          - Undefined Weak Reference
    _clock_init                               - Undefined Weak Reference
    _fp_trap_init                             - Undefined Weak Reference
    _fp_trap_shutdown                         - Undefined Weak Reference
    _get_lc_collate                           - Undefined Weak Reference
    _get_lc_ctype                             - Undefined Weak Reference
    _get_lc_monetary                          - Undefined Weak Reference
    _get_lc_numeric                           - Undefined Weak Reference
    _get_lc_time                              - Undefined Weak Reference
    _getenv_init                              - Undefined Weak Reference
    _handle_redirection                       - Undefined Weak Reference
    _initio                                   - Undefined Weak Reference
    _mutex_acquire                            - Undefined Weak Reference
    _mutex_free                               - Undefined Weak Reference
    _mutex_release                            - Undefined Weak Reference
    _signal_finish                            - Undefined Weak Reference
    _signal_init                              - Undefined Weak Reference
    _terminateio                              - Undefined Weak Reference
    __Vectors_Size                           0x000000a0   Number         0  startup_cmsdk_cm0.o ABSOLUTE
    __Vectors                                0x20000000   Data           4  startup_cmsdk_cm0.o(RESET)
    __Vectors_End                            0x200000a0   Data           0  startup_cmsdk_cm0.o(RESET)
    __main                                   0x200000a1   Thumb Code     8  __main.o(!!!main)
    __scatterload                            0x200000a9   Thumb Code     0  __scatter.o(!!!scatter)
    __scatterload_rt2                        0x200000a9   Thumb Code    52  __scatter.o(!!!scatter)
    __scatterload_rt2_thumb_only             0x200000a9   Thumb Code     0  __scatter.o(!!!scatter)
    __scatterload_null                       0x200000b9   Thumb Code     0  __scatter.o(!!!scatter)
    __scatterload_copy                       0x200000e5   Thumb Code    26  __scatter_copy.o(!!handler_copy)
    __scatterload_zeroinit                   0x20000101   Thumb Code    28  __scatter_zi.o(!!handler_zi)
    __rt_lib_init                            0x2000011d   Thumb Code     0  libinit.o(.ARM.Collect$$libinit$$00000000)
    __rt_lib_init_fp_1                       0x2000011f   Thumb Code     0  libinit2.o(.ARM.Collect$$libinit$$00000002)
    __rt_lib_init_heap_2                     0x2000011f   Thumb Code     0  libinit2.o(.ARM.Collect$$libinit$$00000005)
    __rt_lib_init_preinit_1                  0x2000011f   Thumb Code     0  libinit2.o(.ARM.Collect$$libinit$$00000004)
    __rt_lib_init_heap_1                     0x20000127   Thumb Code     0  libinit2.o(.ARM.Collect$$libinit$$0000000A)
    __rt_lib_init_rand_2                     0x20000127   Thumb Code     0  libinit2.o(.ARM.Collect$$libinit$$0000000D)
    __rt_lib_init_user_alloc_1               0x20000127   Thumb Code     0  libinit2.o(.ARM.Collect$$libinit$$0000000C)
    __rt_lib_init_alloca_1                   0x2000012b   Thumb Code     0  libinit2.o(.ARM.Collect$$libinit$$0000002E)
    __rt_lib_init_argv_1                     0x2000012b   Thumb Code     0  libinit2.o(.ARM.Collect$$libinit$$0000002C)
    __rt_lib_init_atexit_1                   0x2000012b   Thumb Code     0  libinit2.o(.ARM.Collect$$libinit$$0000001B)
    __rt_lib_init_clock_1                    0x2000012b   Thumb Code     0  libinit2.o(.ARM.Collect$$libinit$$00000021)
    __rt_lib_init_cpp_1                      0x2000012b   Thumb Code     0  libinit2.o(.ARM.Collect$$libinit$$00000032)
    __rt_lib_init_exceptions_1               0x2000012b   Thumb Code     0  libinit2.o(.ARM.Collect$$libinit$$00000030)
    __rt_lib_init_fp_trap_1                  0x2000012b   Thumb Code     0  libinit2.o(.ARM.Collect$$libinit$$0000001F)
    __rt_lib_init_getenv_1                   0x2000012b   Thumb Code     0  libinit2.o(.ARM.Collect$$libinit$$00000023)
    __rt_lib_init_lc_collate_1               0x2000012b   Thumb Code     0  libinit2.o(.ARM.Collect$$libinit$$00000011)
    __rt_lib_init_lc_ctype_1                 0x2000012b   Thumb Code     0  libinit2.o(.ARM.Collect$$libinit$$00000013)
    __rt_lib_init_lc_monetary_1              0x2000012b   Thumb Code     0  libinit2.o(.ARM.Collect$$libinit$$00000015)
    __rt_lib_init_lc_numeric_1               0x2000012b   Thumb Code     0  libinit2.o(.ARM.Collect$$libinit$$00000017)
    __rt_lib_init_lc_time_1                  0x2000012b   Thumb Code     0  libinit2.o(.ARM.Collect$$libinit$$00000019)
    __rt_lib_init_rand_1                     0x2000012b   Thumb Code     0  libinit2.o(.ARM.Collect$$libinit$$0000000E)
    __rt_lib_init_return                     0x2000012b   Thumb Code     0  libinit2.o(.ARM.Collect$$libinit$$00000033)
    __rt_lib_init_signal_1                   0x2000012b   Thumb Code     0  libinit2.o(.ARM.Collect$$libinit$$0000001D)
    __rt_lib_init_stdio_1                    0x2000012b   Thumb Code     0  libinit2.o(.ARM.Collect$$libinit$$00000025)
    __rt_lib_shutdown                        0x2000012d   Thumb Code     0  libshutdown.o(.ARM.Collect$$libshutdown$$00000000)
    __rt_lib_shutdown_cpp_1                  0x2000012f   Thumb Code     0  libshutdown2.o(.ARM.Collect$$libshutdown$$00000002)
    __rt_lib_shutdown_fp_trap_1              0x2000012f   Thumb Code     0  libshutdown2.o(.ARM.Collect$$libshutdown$$00000007)
    __rt_lib_shutdown_heap_1                 0x2000012f   Thumb Code     0  libshutdown2.o(.ARM.Collect$$libshutdown$$0000000F)
    __rt_lib_shutdown_return                 0x2000012f   Thumb Code     0  libshutdown2.o(.ARM.Collect$$libshutdown$$00000010)
    __rt_lib_shutdown_signal_1               0x2000012f   Thumb Code     0  libshutdown2.o(.ARM.Collect$$libshutdown$$0000000A)
    __rt_lib_shutdown_stdio_1                0x2000012f   Thumb Code     0  libshutdown2.o(.ARM.Collect$$libshutdown$$00000004)
    __rt_lib_shutdown_user_alloc_1           0x2000012f   Thumb Code     0  libshutdown2.o(.ARM.Collect$$libshutdown$$0000000C)
    __rt_entry                               0x20000131   Thumb Code     0  __rtentry.o(.ARM.Collect$$rtentry$$00000000)
    __rt_entry_presh_1                       0x20000131   Thumb Code     0  __rtentry2.o(.ARM.Collect$$rtentry$$00000002)
    __rt_entry_sh                            0x20000131   Thumb Code     0  __rtentry4.o(.ARM.Collect$$rtentry$$00000004)
    __rt_entry_li                            0x20000137   Thumb Code     0  __rtentry2.o(.ARM.Collect$$rtentry$$0000000A)
    __rt_entry_postsh_1                      0x20000137   Thumb Code     0  __rtentry2.o(.ARM.Collect$$rtentry$$00000009)
    __rt_entry_main                          0x2000013b   Thumb Code     0  __rtentry2.o(.ARM.Collect$$rtentry$$0000000D)
    __rt_entry_postli_1                      0x2000013b   Thumb Code     0  __rtentry2.o(.ARM.Collect$$rtentry$$0000000C)
    __rt_exit                                0x20000143   Thumb Code     0  rtexit.o(.ARM.Collect$$rtexit$$00000000)
    __rt_exit_ls                             0x20000145   Thumb Code     0  rtexit2.o(.ARM.Collect$$rtexit$$00000003)
    __rt_exit_prels_1                        0x20000145   Thumb Code     0  rtexit2.o(.ARM.Collect$$rtexit$$00000002)
    __rt_exit_exit                           0x20000149   Thumb Code     0  rtexit2.o(.ARM.Collect$$rtexit$$00000004)
    rand                                     0x20000151   Thumb Code    52  rand.o(.emb_text)
    __aeabi_memcpy4                          0x20000189   Thumb Code    56  rt_memcpy.o(.emb_text)
    __aeabi_memcpy8                          0x20000189   Thumb Code     0  rt_memcpy.o(.emb_text)
    Reset_Handler                            0x200001c1   Thumb Code     8  startup_cmsdk_cm0.o(.text)
    _maybe_terminate_alloc                   0x200001c1   Thumb Code     0  maybetermalloc1.o(.emb_text)
    NMI_Handler                              0x200001c9   Thumb Code     2  startup_cmsdk_cm0.o(.text)
    SVC_Handler                              0x200001cd   Thumb Code     2  startup_cmsdk_cm0.o(.text)
    PendSV_Handler                           0x200001cf   Thumb Code     2  startup_cmsdk_cm0.o(.text)
    SysTick_Handler                          0x200001d1   Thumb Code     2  startup_cmsdk_cm0.o(.text)
    ADC_Handler                              0x200001d3   Thumb Code     0  startup_cmsdk_cm0.o(.text)
    BLE_CRYPT_Handler                        0x200001d3   Thumb Code     0  startup_cmsdk_cm0.o(.text)
    BLE_CSCNT_Handler                        0x200001d3   Thumb Code     0  startup_cmsdk_cm0.o(.text)
    BLE_ERROR_Handler                        0x200001d3   Thumb Code     0  startup_cmsdk_cm0.o(.text)
    BLE_EVENT_Handler                        0x200001d3   Thumb Code     0  startup_cmsdk_cm0.o(.text)
    BLE_FINETGTIM_Handler                    0x200001d3   Thumb Code     0  startup_cmsdk_cm0.o(.text)
    BLE_GROSSTGTIM_Handler                   0x200001d3   Thumb Code     0  startup_cmsdk_cm0.o(.text)
    BLE_RADIOCNTL_Handler                    0x200001d3   Thumb Code     0  startup_cmsdk_cm0.o(.text)
    BLE_RX_Handler                           0x200001d3   Thumb Code     0  startup_cmsdk_cm0.o(.text)
    BLE_SLP_Handler                          0x200001d3   Thumb Code     0  startup_cmsdk_cm0.o(.text)
    BLE_WAKEUP_LP_Handler                    0x200001d3   Thumb Code     0  startup_cmsdk_cm0.o(.text)
    I2C_Handler                              0x200001d3   Thumb Code     0  startup_cmsdk_cm0.o(.text)
    KEYBRD_Handler                           0x200001d3   Thumb Code     0  startup_cmsdk_cm0.o(.text)
    RFCAL_Handler                            0x200001d3   Thumb Code     0  startup_cmsdk_cm0.o(.text)
    SPI_Handler                              0x200001d3   Thumb Code     0  startup_cmsdk_cm0.o(.text)
    SWTIM_Handler                            0x200001d3   Thumb Code     0  startup_cmsdk_cm0.o(.text)
    UART2_Handler                            0x200001d3   Thumb Code     0  startup_cmsdk_cm0.o(.text)
    UART_Handler                             0x200001d3   Thumb Code     0  startup_cmsdk_cm0.o(.text)
    WUPCT_Handler                            0x200001d3   Thumb Code     0  startup_cmsdk_cm0.o(.text)
    __user_initial_stackheap                 0x200001d5   Thumb Code     0  startup_cmsdk_cm0.o(.text)
    SystemInit                               0x200001f9   Thumb Code     8  system_cmsdk.o(.text)
    SystemCoreClockUpdate                    0x20000201   Thumb Code     8  system_cmsdk.o(.text)
    app_find_device_name                     0x20000211   Thumb Code    60  app_task.o(.text)
    gapm_set_mode_req_evt_handler            0x2000024d   Thumb Code    16  app_task.o(.text)
    gap_ready_evt_handler                    0x2000025d   Thumb Code    14  app_task.o(.text)
    gap_dev_inq_req_cmp_evt_handler          0x2000026b   Thumb Code     8  app_task.o(.text)
    gap_dev_inq_result_handler               0x20000273   Thumb Code    18  app_task.o(.text)
    gap_le_create_conn_req_ind_handler       0x20000285   Thumb Code    90  app_task.o(.text)
    gap_discon_cmp_evt_handler               0x200002df   Thumb Code    36  app_task.o(.text)
    gap_read_rssi_cmp_evt_handler            0x20000303   Thumb Code    12  app_task.o(.text)
    gap_bond_ind_handler                     0x2000030f   Thumb Code   138  app_task.o(.text)
    gapm_reset_req_evt_handler               0x20000399   Thumb Code    28  app_task.o(.text)
    gap_bond_req_ind_handler                 0x200003b5   Thumb Code    12  app_task.o(.text)
    gapc_encrypt_req_ind_handler             0x200003c1   Thumb Code    98  app_task.o(.text)
    gapc_encrypt_ind_handler                 0x20000423   Thumb Code     4  app_task.o(.text)
    llc_rd_tx_pw_lvl_cmp_evt_handler         0x20000427   Thumb Code    36  app_task.o(.text)
    app_create_db_cfm_handler                0x2000044b   Thumb Code    18  app_task.o(.text)
    proxr_level_upd_ind_handler              0x2000045d   Thumb Code    16  app_task.o(.text)
    proxr_lls_alert_ind_handler              0x2000046d   Thumb Code    10  app_task.o(.text)
    BleSendMsg                               0x200004ad   Thumb Code    50  ble_msg.o(.text)
    BleMsgAlloc                              0x200004df   Thumb Code    52  ble_msg.o(.text)
    BleFreeMsg                               0x20000513   Thumb Code    10  ble_msg.o(.text)
    HadleGapcCmpEvt                          0x2000051d   Thumb Code     6  ble_msg.o(.text)
    HadleGapmCmpEvt                          0x20000523   Thumb Code    42  ble_msg.o(.text)
    HandleBleMsg                             0x2000054d   Thumb Code   260  ble_msg.o(.text)
    BleReceiveMsg                            0x20000651   Thumb Code    30  ble_msg.o(.text)
    HardFault_Handler                        0x2000068d   Thumb Code     2  interrupts.o(.text)
    set_pad_functions                        0x20000691   Thumb Code    96  peripherals.o(.text)
    periph_init                              0x200006f1   Thumb Code    62  peripherals.o(.text)
    EnQueue                                  0x20000735   Thumb Code    36  queue.o(.text)
    DeQueue                                  0x20000759   Thumb Code    24  queue.o(.text)
    red_blink_start                          0x20000771   Thumb Code    70  app_button_led.o(.text)
    green_blink_slow                         0x200007b7   Thumb Code    68  app_button_led.o(.text)
    green_blink_fast                         0x200007fb   Thumb Code    70  app_button_led.o(.text)
    turn_off_led                             0x20000841   Thumb Code    50  app_button_led.o(.text)
    button_isr                               0x20000873   Thumb Code    32  app_button_led.o(.text)
    app_button_enable                        0x20000893   Thumb Code    38  app_button_led.o(.text)
    send_payload                             0x200008d1   Thumb Code   144  spi_booter.o(.text)
    send_header                              0x20000961   Thumb Code    86  spi_booter.o(.text)
    calc_crc                                 0x200009b7   Thumb Code    44  spi_booter.o(.text)
    spi_send_image                           0x200009e3   Thumb Code    78  spi_booter.o(.text)
    main                                     0x20000a3d   Thumb Code   116  app.o(.text)
    app_rst_gap                              0x20000ab1   Thumb Code    56  app.o(.text)
    app_proxr_db_create                      0x20000ae9   Thumb Code    24  app.o(.text)
    app_set_mode                             0x20000b01   Thumb Code    56  app.o(.text)
    app_adv_start                            0x20000b39   Thumb Code   166  app.o(.text)
    app_connect_confirm                      0x20000bdf   Thumb Code    44  app.o(.text)
    app_disconnect                           0x20000c0b   Thumb Code    40  app.o(.text)
    app_proxr_enable                         0x20000c33   Thumb Code    42  app.o(.text)
    app_sec_gen_ltk                          0x20000c5d   Thumb Code    92  app.o(.text)
    app_gen_tk                               0x20000cb9   Thumb Code    18  app.o(.text)
    app_gap_bond_cfm                         0x20000ccb   Thumb Code   184  app.o(.text)
    app_send_disconnect                      0x20000d83   Thumb Code    30  app.o(.text)
    spi_cs_low                               0x20000ded   Thumb Code    14  spi.o(.text)
    spi_cs_high                              0x20000dfb   Thumb Code    14  spi.o(.text)
    spi_init                                 0x20000e09   Thumb Code   138  spi.o(.text)
    spi_set_bitmode                          0x20000e93   Thumb Code    34  spi.o(.text)
    spi_release                              0x20000eb5   Thumb Code    38  spi.o(.text)
    spi_disable                              0x20000edb   Thumb Code    12  spi.o(.text)
    spi_access                               0x20000ee7   Thumb Code    46  spi.o(.text)
    spi_transaction                          0x20000f15   Thumb Code    24  spi.o(.text)
    GPIO_init                                0x20000f35   Thumb Code     2  gpio.o(.text)
    GPIO_SetPinFunction                      0x20000f37   Thumb Code    24  gpio.o(.text)
    GPIO_SetInactive                         0x20000f4f   Thumb Code    20  gpio.o(.text)
    GPIO_SetActive                           0x20000f63   Thumb Code    20  gpio.o(.text)
    GPIO_ConfigurePin                        0x20000f77   Thumb Code    38  gpio.o(.text)
    GPIO_ConfigurePinPower                   0x20000f9d   Thumb Code    44  gpio.o(.text)
    GPIO_GetPinStatus                        0x20000fc9   Thumb Code    26  gpio.o(.text)
    GPIO_EnableIRQ                           0x20000fe3   Thumb Code   224  gpio.o(.text)
    GPIO_GetIRQInputLevel                    0x200010c3   Thumb Code   140  gpio.o(.text)
    GPIO_SetIRQInputLevel                    0x2000114f   Thumb Code    30  gpio.o(.text)
    GPIO_ResetIRQ                            0x2000116d   Thumb Code    32  gpio.o(.text)
    GPIO_RegisterCallback                    0x2000118d   Thumb Code    20  gpio.o(.text)
    GPIOn_Handler                            0x200011a1   Thumb Code    48  gpio.o(.text)
    GPIO0_Handler                            0x200011d1   Thumb Code     4  gpio.o(.text)
    GPIO1_Handler                            0x200011d5   Thumb Code     4  gpio.o(.text)
    GPIO2_Handler                            0x200011d9   Thumb Code     4  gpio.o(.text)
    GPIO3_Handler                            0x200011dd   Thumb Code     4  gpio.o(.text)
    GPIO4_Handler                            0x200011e1   Thumb Code     4  gpio.o(.text)
    spi_receive_hci_msg                      0x20001225   Thumb Code   182  spi_hci_msg.o(.text)
    spi_dready_isr                           0x200012db   Thumb Code    36  spi_hci_msg.o(.text)
    dready_irq_enable                        0x200012ff   Thumb Code    28  spi_hci_msg.o(.text)
    spi_send_hci_msg                         0x2000131b   Thumb Code    84  spi_hci_msg.o(.text)
    malloc                                   0x2000138d   Thumb Code    98  h1_alloc.o(.text)
    free                                     0x200013ef   Thumb Code    76  h1_free.o(.text)
    srand                                    0x2000143d   Thumb Code    44  rand.o(.text)
    _rand_init                               0x20001469   Thumb Code     4  rand.o(.text)
    memcmp                                   0x20001479   Thumb Code    90  memcmp.o(.text)
    __aeabi_memcpy                           0x200014d3   Thumb Code   130  rt_memcpy.o(.text)
    __rt_memcpy                              0x200014d3   Thumb Code     0  rt_memcpy.o(.text)
    _memset_w                                0x20001555   Thumb Code    26  rt_memclr.o(.text)
    _memset                                  0x2000156f   Thumb Code    30  rt_memclr.o(.text)
    __aeabi_memclr                           0x2000158d   Thumb Code     4  rt_memclr.o(.text)
    __rt_memclr                              0x2000158d   Thumb Code     0  rt_memclr.o(.text)
    __aeabi_memclr4                          0x20001591   Thumb Code     0  rt_memclr.o(.text)
    __aeabi_memclr8                          0x20001591   Thumb Code     0  rt_memclr.o(.text)
    __rt_memclr_w                            0x20001591   Thumb Code     4  rt_memclr.o(.text)
    __aeabi_uidiv                            0x20001595   Thumb Code     0  aeabi_sdiv.o(.text)
    __aeabi_uidivmod                         0x20001595   Thumb Code    20  aeabi_sdiv.o(.text)
    __aeabi_idiv                             0x200015a9   Thumb Code     0  aeabi_sdiv.o(.text)
    __aeabi_idivmod                          0x200015a9   Thumb Code   326  aeabi_sdiv.o(.text)
    __use_two_region_memory                  0x200016ef   Thumb Code     2  heapauxi.o(.text)
    __rt_heap_escrow                         0x200016f1   Thumb Code     2  heapauxi.o(.text)
    __rt_heap_expand                         0x200016f3   Thumb Code     2  heapauxi.o(.text)
    __rt_heap_descriptor                     0x200016f5   Thumb Code     8  rt_heap_descriptor_intlibspace.o(.text)
    __use_no_heap                            0x200016fd   Thumb Code     2  hguard.o(.text)
    __heap$guard                             0x200016ff   Thumb Code     2  hguard.o(.text)
    _terminate_user_alloc                    0x20001701   Thumb Code     2  init_alloc.o(.text)
    _init_user_alloc                         0x20001703   Thumb Code     2  init_alloc.o(.text)
    __Heap_Full                              0x20001705   Thumb Code    32  init_alloc.o(.text)
    __Heap_Broken                            0x20001725   Thumb Code    10  init_alloc.o(.text)
    _init_alloc                              0x2000172f   Thumb Code    90  init_alloc.o(.text)
    __Heap_Initialize                        0x20001789   Thumb Code    10  h1_init.o(.text)
    __Heap_DescSize                          0x20001793   Thumb Code     4  h1_init.o(.text)
    __user_libspace                          0x20001799   Thumb Code     8  libspace.o(.text)
    __user_perproc_libspace                  0x20001799   Thumb Code     0  libspace.o(.text)
    __user_perthread_libspace                0x20001799   Thumb Code     0  libspace.o(.text)
    __Heap_ProvideMemory                     0x200017a1   Thumb Code    52  h1_extend.o(.text)
    __rt_SIGRTMEM                            0x200017d5   Thumb Code    12  defsig_rtmem_outer.o(.text)
    __I$use$semihosting                      0x200017e1   Thumb Code     0  use_no_semi.o(.text)
    __use_no_semihosting_swi                 0x200017e1   Thumb Code     2  use_no_semi.o(.text)
    __semihosting_library_function           0x200017e3   Thumb Code     0  indicate_semi.o(.text)
    __user_setup_stackheap                   0x200017e3   Thumb Code    62  sys_stackheap_outer.o(.text)
    exit                                     0x20001821   Thumb Code    16  exit.o(.text)
    __sig_exit                               0x20001831   Thumb Code    12  defsig_exit.o(.text)
    __rt_SIGRTMEM_inner                      0x2000183d   Thumb Code    22  defsig_rtmem_inner.o(.text)
    _sys_exit                                0x2000188d   Thumb Code     8  sys_exit.o(.text)
    __default_signal_display                 0x20001899   Thumb Code    52  defsig_general.o(.text)
    _ttywrch                                 0x200018cd   Thumb Code    12  sys_wrch.o(.text)
    __ARM_common_switch8                     0x200018d9   Thumb Code    26  ble_msg.o(i.__ARM_common_switch8)
    Region$$Table$$Base                      0x20004e74   Number         0  anon$$obj.o(Region$$Table)
    Region$$Table$$Limit                     0x20004e94   Number         0  anon$$obj.o(Region$$Table)
    SystemCoreClock                          0x20008000   Data           4  system_cmsdk.o(.data)
    SPIRxQueue                               0x20008004   Data           8  queue.o(.data)
    SPITxQueue                               0x2000800c   Data           8  queue.o(.data)
    spi_booter_pad                           0x20008014   Data           2  spi_booter.o(.data)
    spi_hci_pad                              0x20008016   Data           2  app.o(.data)
    spi_driver_cs_pad                        0x20008018   Data           2  spi.o(.data)
    alert_state                              0x2000801c   Data          12  app_task.o(.bss)
    app_env                                  0x20008028   Data         542  app.o(.bss)
    rd_data                                  0x20008246   Data         256  app.o(.bss)
    GPIOHandlerFunction                      0x20008348   Data          20  gpio.o(.bss)
    _random_number_data                      0x2000835c   Data         228  rand.o(.bss)
    __libspace_start                         0x20008440   Data          96  libspace.o(.bss)
    __temporary_stack_top$libspace           0x200084a0   Data           0  libspace.o(.bss)



==============================================================================

Memory Map of the image

  Image Entry point : 0x200000a1

  Load Region LR_IROM1 (Base: 0x20000000, Size: 0x00004eb0, Max: 0x00008000, ABSOLUTE)

    Execution Region ER_IROM1 (Base: 0x20000000, Size: 0x00004e94, Max: 0x00008000, ABSOLUTE)

    Base Addr    Size         Type   Attr      Idx    E Section Name        Object

    0x20000000   0x000000a0   Data   RO            3    RESET               startup_cmsdk_cm0.o
    0x200000a0   0x00000008   Code   RO          648  * !!!main             c_p.l(__main.o)
    0x200000a8   0x0000003c   Code   RO          861    !!!scatter          c_p.l(__scatter.o)
    0x200000e4   0x0000001a   Code   RO          863    !!handler_copy      c_p.l(__scatter_copy.o)
    0x200000fe   0x00000002   PAD
    0x20000100   0x0000001c   Code   RO          865    !!handler_zi        c_p.l(__scatter_zi.o)
    0x2000011c   0x00000002   Code   RO          799    .ARM.Collect$$libinit$$00000000  c_p.l(libinit.o)
    0x2000011e   0x00000000   Code   RO          685    .ARM.Collect$$libinit$$00000002  c_p.l(libinit2.o)
    0x2000011e   0x00000000   Code   RO          687    .ARM.Collect$$libinit$$00000004  c_p.l(libinit2.o)
    0x2000011e   0x00000008   Code   RO          688    .ARM.Collect$$libinit$$00000005  c_p.l(libinit2.o)
    0x20000126   0x00000000   Code   RO          690    .ARM.Collect$$libinit$$0000000A  c_p.l(libinit2.o)
    0x20000126   0x00000000   Code   RO          692    .ARM.Collect$$libinit$$0000000C  c_p.l(libinit2.o)
    0x20000126   0x00000004   Code   RO          693    .ARM.Collect$$libinit$$0000000D  c_p.l(libinit2.o)
    0x2000012a   0x00000000   Code   RO          694    .ARM.Collect$$libinit$$0000000E  c_p.l(libinit2.o)
    0x2000012a   0x00000000   Code   RO          697    .ARM.Collect$$libinit$$00000011  c_p.l(libinit2.o)
    0x2000012a   0x00000000   Code   RO          699    .ARM.Collect$$libinit$$00000013  c_p.l(libinit2.o)
    0x2000012a   0x00000000   Code   RO          701    .ARM.Collect$$libinit$$00000015  c_p.l(libinit2.o)
    0x2000012a   0x00000000   Code   RO          703    .ARM.Collect$$libinit$$00000017  c_p.l(libinit2.o)
    0x2000012a   0x00000000   Code   RO          705    .ARM.Collect$$libinit$$00000019  c_p.l(libinit2.o)
    0x2000012a   0x00000000   Code   RO          707    .ARM.Collect$$libinit$$0000001B  c_p.l(libinit2.o)
    0x2000012a   0x00000000   Code   RO          709    .ARM.Collect$$libinit$$0000001D  c_p.l(libinit2.o)
    0x2000012a   0x00000000   Code   RO          711    .ARM.Collect$$libinit$$0000001F  c_p.l(libinit2.o)
    0x2000012a   0x00000000   Code   RO          713    .ARM.Collect$$libinit$$00000021  c_p.l(libinit2.o)
    0x2000012a   0x00000000   Code   RO          715    .ARM.Collect$$libinit$$00000023  c_p.l(libinit2.o)
    0x2000012a   0x00000000   Code   RO          717    .ARM.Collect$$libinit$$00000025  c_p.l(libinit2.o)
    0x2000012a   0x00000000   Code   RO          721    .ARM.Collect$$libinit$$0000002C  c_p.l(libinit2.o)
    0x2000012a   0x00000000   Code   RO          723    .ARM.Collect$$libinit$$0000002E  c_p.l(libinit2.o)
    0x2000012a   0x00000000   Code   RO          725    .ARM.Collect$$libinit$$00000030  c_p.l(libinit2.o)
    0x2000012a   0x00000000   Code   RO          727    .ARM.Collect$$libinit$$00000032  c_p.l(libinit2.o)
    0x2000012a   0x00000002   Code   RO          728    .ARM.Collect$$libinit$$00000033  c_p.l(libinit2.o)
    0x2000012c   0x00000002   Code   RO          858    .ARM.Collect$$libshutdown$$00000000  c_p.l(libshutdown.o)
    0x2000012e   0x00000000   Code   RO          816    .ARM.Collect$$libshutdown$$00000002  c_p.l(libshutdown2.o)
    0x2000012e   0x00000000   Code   RO          818    .ARM.Collect$$libshutdown$$00000004  c_p.l(libshutdown2.o)
    0x2000012e   0x00000000   Code   RO          821    .ARM.Collect$$libshutdown$$00000007  c_p.l(libshutdown2.o)
    0x2000012e   0x00000000   Code   RO          824    .ARM.Collect$$libshutdown$$0000000A  c_p.l(libshutdown2.o)
    0x2000012e   0x00000000   Code   RO          826    .ARM.Collect$$libshutdown$$0000000C  c_p.l(libshutdown2.o)
    0x2000012e   0x00000000   Code   RO          829    .ARM.Collect$$libshutdown$$0000000F  c_p.l(libshutdown2.o)
    0x2000012e   0x00000002   Code   RO          830    .ARM.Collect$$libshutdown$$00000010  c_p.l(libshutdown2.o)
    0x20000130   0x00000000   Code   RO          652    .ARM.Collect$$rtentry$$00000000  c_p.l(__rtentry.o)
    0x20000130   0x00000000   Code   RO          735    .ARM.Collect$$rtentry$$00000002  c_p.l(__rtentry2.o)
    0x20000130   0x00000006   Code   RO          747    .ARM.Collect$$rtentry$$00000004  c_p.l(__rtentry4.o)
    0x20000136   0x00000000   Code   RO          737    .ARM.Collect$$rtentry$$00000009  c_p.l(__rtentry2.o)
    0x20000136   0x00000004   Code   RO          738    .ARM.Collect$$rtentry$$0000000A  c_p.l(__rtentry2.o)
    0x2000013a   0x00000000   Code   RO          740    .ARM.Collect$$rtentry$$0000000C  c_p.l(__rtentry2.o)
    0x2000013a   0x00000008   Code   RO          741    .ARM.Collect$$rtentry$$0000000D  c_p.l(__rtentry2.o)
    0x20000142   0x00000002   Code   RO          803    .ARM.Collect$$rtexit$$00000000  c_p.l(rtexit.o)
    0x20000144   0x00000000   Code   RO          834    .ARM.Collect$$rtexit$$00000002  c_p.l(rtexit2.o)
    0x20000144   0x00000004   Code   RO          835    .ARM.Collect$$rtexit$$00000003  c_p.l(rtexit2.o)
    0x20000148   0x00000006   Code   RO          836    .ARM.Collect$$rtexit$$00000004  c_p.l(rtexit2.o)
    0x2000014e   0x00000002   PAD
    0x20000150   0x00000038   Code   RO          629    .emb_text           c_p.l(rand.o)
    0x20000188   0x00000038   Code   RO          636    .emb_text           c_p.l(rt_memcpy.o)
    0x200001c0   0x00000000   Code   RO          753    .emb_text           c_p.l(maybetermalloc1.o)
    0x200001c0   0x00000038   Code   RO            4    .text               startup_cmsdk_cm0.o
    0x200001f8   0x00000018   Code   RO           10    .text               system_cmsdk.o
    0x20000210   0x0000029c   Code   RO           35    .text               app_task.o
    0x200004ac   0x000001e0   Code   RO          218    .text               ble_msg.o
    0x2000068c   0x00000002   Code   RO          278    .text               interrupts.o
    0x2000068e   0x00000002   PAD
    0x20000690   0x000000a4   Code   RO          292    .text               peripherals.o
    0x20000734   0x0000003c   Code   RO          348    .text               queue.o
    0x20000770   0x00000160   Code   RO          369    .text               app_button_led.o
    0x200008d0   0x0000016c   Code   RO          392    .text               spi_booter.o
    0x20000a3c   0x000003b0   Code   RO          425    .text               app.o
    0x20000dec   0x00000148   Code   RO          483    .text               spi.o
    0x20000f34   0x000002f0   Code   RO          510    .text               gpio.o
    0x20001224   0x00000168   Code   RO          543    .text               spi_hci_msg.o
    0x2000138c   0x00000062   Code   RO          571    .text               c_p.l(h1_alloc.o)
    0x200013ee   0x0000004c   Code   RO          573    .text               c_p.l(h1_free.o)
    0x2000143a   0x00000002   PAD
    0x2000143c   0x0000003c   Code   RO          630    .text               c_p.l(rand.o)
    0x20001478   0x0000005a   Code   RO          634    .text               c_p.l(memcmp.o)
    0x200014d2   0x00000082   Code   RO          637    .text               c_p.l(rt_memcpy.o)
    0x20001554   0x00000040   Code   RO          640    .text               c_p.l(rt_memclr.o)
    0x20001594   0x0000015a   Code   RO          642    .text               c_p.l(aeabi_sdiv.o)
    0x200016ee   0x00000006   Code   RO          646    .text               c_p.l(heapauxi.o)
    0x200016f4   0x00000008   Code   RO          660    .text               c_p.l(rt_heap_descriptor_intlibspace.o)
    0x200016fc   0x00000004   Code   RO          662    .text               c_p.l(hguard.o)
    0x20001700   0x00000088   Code   RO          664    .text               c_p.l(init_alloc.o)
    0x20001788   0x0000000e   Code   RO          668    .text               c_p.l(h1_init.o)
    0x20001796   0x00000002   PAD
    0x20001798   0x00000008   Code   RO          731    .text               c_p.l(libspace.o)
    0x200017a0   0x00000034   Code   RO          755    .text               c_p.l(h1_extend.o)
    0x200017d4   0x0000000c   Code   RO          759    .text               c_p.l(defsig_rtmem_outer.o)
    0x200017e0   0x00000002   Code   RO          770    .text               c_p.l(use_no_semi.o)
    0x200017e2   0x00000000   Code   RO          772    .text               c_p.l(indicate_semi.o)
    0x200017e2   0x0000003e   Code   RO          773    .text               c_p.l(sys_stackheap_outer.o)
    0x20001820   0x00000010   Code   RO          780    .text               c_p.l(exit.o)
    0x20001830   0x0000000c   Code   RO          782    .text               c_p.l(defsig_exit.o)
    0x2000183c   0x00000050   Code   RO          788    .text               c_p.l(defsig_rtmem_inner.o)
    0x2000188c   0x0000000c   Code   RO          800    .text               c_p.l(sys_exit.o)
    0x20001898   0x00000034   Code   RO          811    .text               c_p.l(defsig_general.o)
    0x200018cc   0x0000000c   Code   RO          831    .text               c_p.l(sys_wrch.o)
    0x200018d8   0x0000001a   Code   RO          233    i.__ARM_common_switch8  ble_msg.o
    0x200018f2   0x0000000e   PAD
    0x20001900   0x00003574   Data   RO          393    .constdata          spi_booter.o
    0x20004e74   0x00000020   Data   RO          859    Region$$Table       anon$$obj.o


    Execution Region RW_IRAM1 (Base: 0x20008000, Size: 0x000007a0, Max: 0x00002800, ABSOLUTE)

    Base Addr    Size         Type   Attr      Idx    E Section Name        Object

    0x20008000   0x00000004   Data   RW           12    .data               system_cmsdk.o
    0x20008004   0x00000008   Data   RW          349    .data               queue.o
    0x2000800c   0x00000008   Data   RW          350    .data               queue.o
    0x20008014   0x00000002   Data   RW          394    .data               spi_booter.o
    0x20008016   0x00000002   Data   RW          430    .data               app.o
    0x20008018   0x00000002   Data   RW          484    .data               spi.o
    0x2000801a   0x00000002   PAD
    0x2000801c   0x0000000c   Zero   RW           36    .bss                app_task.o
    0x20008028   0x0000021e   Zero   RW          426    .bss                app.o
    0x20008246   0x00000100   Zero   RW          427    .bss                app.o
    0x20008346   0x00000002   PAD
    0x20008348   0x00000014   Zero   RW          511    .bss                gpio.o
    0x2000835c   0x000000e4   Zero   RW          631    .bss                c_p.l(rand.o)
    0x20008440   0x00000060   Zero   RW          732    .bss                c_p.l(libspace.o)
    0x200084a0   0x00000100   Zero   RW            2    HEAP                startup_cmsdk_cm0.o
    0x200085a0   0x00000200   Zero   RW            1    STACK               startup_cmsdk_cm0.o


==============================================================================

Image component sizes


      Code (inc. data)   RO Data    RW Data    ZI Data      Debug   Object Name

       944         76          0          2        798       7259   app.o
       352         24          0          0          0       7330   app_button_led.o
       668         22          0          0         12     166372   app_task.o
       506         36          0          0          0       6313   ble_msg.o
       752         32          0          0         20      13558   gpio.o
         2          0          0          0          0        504   interrupts.o
       164          6          0          0          0      89792   peripherals.o
        60          0          0         16          0       2194   queue.o
       328          8          0          2          0       4215   spi.o
       364         12      13684          2          0       3664   spi_booter.o
       360         30          0          0          0       8374   spi_hci_msg.o
        56         26        160          0        768        752   startup_cmsdk_cm0.o
        24          8          0          4          0       5529   system_cmsdk.o

    ----------------------------------------------------------------------
      4596        280      13876         28       1600     315856   Object Totals
         0          0         32          0          0          0   (incl. Generated)
        16          0          0          2          2          0   (incl. Padding)

    ----------------------------------------------------------------------

      Code (inc. data)   RO Data    RW Data    ZI Data      Debug   Library Member Name

         8          0          0          0          0         68   __main.o
         0          0          0          0          0          0   __rtentry.o
        12          0          0          0          0          0   __rtentry2.o
         6          0          0          0          0          0   __rtentry4.o
        60          8          0          0          0          0   __scatter.o
        26          0          0          0          0          0   __scatter_copy.o
        28          0          0          0          0          0   __scatter_zi.o
       346          0          0          0          0         92   aeabi_sdiv.o
        12          0          0          0          0         68   defsig_exit.o
        52          0          0          0          0         72   defsig_general.o
        80         58          0          0          0         68   defsig_rtmem_inner.o
        12          0          0          0          0         68   defsig_rtmem_outer.o
        16          0          0          0          0         68   exit.o
        98          0          0          0          0         72   h1_alloc.o
        52          0          0          0          0         68   h1_extend.o
        76          0          0          0          0         72   h1_free.o
        14          0          0          0          0         76   h1_init.o
         6          0          0          0          0        136   heapauxi.o
         4          0          0          0          0        120   hguard.o
         0          0          0          0          0          0   indicate_semi.o
       136          0          0          0          0        160   init_alloc.o
         2          0          0          0          0          0   libinit.o
        14          0          0          0          0          0   libinit2.o
         2          0          0          0          0          0   libshutdown.o
         2          0          0          0          0          0   libshutdown2.o
         8          4          0          0         96         68   libspace.o
         0          0          0          0          0          0   maybetermalloc1.o
        90          0          0          0          0         68   memcmp.o
       116         16          0          0        228        156   rand.o
         8          4          0          0          0         68   rt_heap_descriptor_intlibspace.o
        64          0          0          0          0        108   rt_memclr.o
       186          0          0          0          0        144   rt_memcpy.o
         2          0          0          0          0          0   rtexit.o
        10          0          0          0          0          0   rtexit2.o
        12          4          0          0          0         60   sys_exit.o
        62          0          0          0          0         80   sys_stackheap_outer.o
        12          0          0          0          0         68   sys_wrch.o
         2          0          0          0          0         68   use_no_semi.o

    ----------------------------------------------------------------------
      1644         94          0          0        324       2096   Library Totals
         8          0          0          0          0          0   (incl. Padding)

    ----------------------------------------------------------------------

      Code (inc. data)   RO Data    RW Data    ZI Data      Debug   Library Name

      1636         94          0          0        324       2096   c_p.l

    ----------------------------------------------------------------------
      1644         94          0          0        324       2096   Library Totals

    ----------------------------------------------------------------------

==============================================================================


      Code (inc. data)   RO Data    RW Data    ZI Data      Debug   

      6240        374      13876         28       1924     316068   Grand Totals
      6240        374      13876         28       1924     316068   ELF Image Totals
      6240        374      13876         28          0          0   ROM Totals

==============================================================================

    Total RO  Size (Code + RO Data)                20116 (  19.64kB)
    Total RW  Size (RW Data + ZI Data)              1952 (   1.91kB)
    Total ROM Size (Code + RO Data + RW Data)      20144 (  19.67kB)

==============================================================================

