Component: ARM Compiler 5.06 update 2 (build 183) Tool: armlink [4d35b7]

==============================================================================

Section Cross References

    boot_vectors.o(RESET) refers to boot_vectors.o(STACK) for __initial_sp
    boot_vectors.o(RESET) refers to boot_vectors.o(.text) for Reset_Handler
    boot_vectors.o(RESET) refers to per_ex_hard_fault.o(.text) for HardFault_Handler
    boot_vectors.o(RESET) refers to pwm.o(.text) for SWTIM_Handler
    boot_vectors.o(RESET) refers to uart2.o(.text) for UART2_Handler
    boot_vectors.o(RESET) refers to gpio.o(.text) for GPIO0_Handler
    boot_vectors.o(.text) refers to system_armcm0.o(.text) for SystemInit
    boot_vectors.o(.text) refers to entry.o(.ARM.Collect$$$$00000000) for __main
    gpio.o(.text) refers to gpio.o(.bss) for GPIOHandlerFunction
    pwm.o(.text) refers to pwm.o(i.timer2_enable) for timer2_enable
    pwm.o(.text) refers to pwm.o(i.timer2_set_hw_pause) for timer2_set_hw_pause
    pwm.o(.text) refers to pwm.o(i.timer2_set_sw_pause) for timer2_set_sw_pause
    pwm.o(.text) refers to pwm.o(i.timer2_set_pwm_frequency) for timer2_set_pwm_frequency
    pwm.o(.text) refers to pwm.o(.ARM.__AT_0x50003400) for timer0_ctrl_reg
    pwm.o(.text) refers to pwm.o(.data) for TIMER0_callback
    uart2.o(.text) refers to uart2.o(retention_mem_area0) for uart2_env
    common_uart.o(.text) refers to uart2.o(.text) for uart2_write
    common_uart.o(.text) refers to strlen.o(.text) for strlen
    common_uart.o(.text) refers to idiv.o(.text) for __aeabi_idivmod
    main.o(.text) refers to common_uart.o(.text) for printf_string
    main.o(.text) refers to gpio.o(.text) for GPIO_ConfigurePin
    main.o(.text) refers to pwm.o(i.set_tmr_enable) for set_tmr_enable
    main.o(.text) refers to pwm.o(i.set_tmr_div) for set_tmr_div
    main.o(.text) refers to pwm.o(.text) for timer2_init
    main.o(.text) refers to pwm.o(i.timer2_set_pwm2_duty_cycle) for timer2_set_pwm2_duty_cycle
    main.o(.text) refers to pwm.o(i.timer2_set_pwm3_duty_cycle) for timer2_set_pwm3_duty_cycle
    main.o(.text) refers to pwm.o(i.timer2_set_pwm4_duty_cycle) for timer2_set_pwm4_duty_cycle
    main.o(.text) refers to pwm.o(i.timer2_set_sw_pause) for timer2_set_sw_pause
    main.o(.text) refers to pwm.o(i.timer2_stop) for timer2_stop
    main.o(.text) refers to user_periph_setup.o(.text) for periph_init
    user_periph_setup.o(.text) refers to gpio.o(.text) for GPIO_ConfigurePin
    user_periph_setup.o(.text) refers to uart2.o(.text) for uart2_init
    entry.o(.ARM.Collect$$$$00000000) refers (Special) to entry10a.o(.ARM.Collect$$$$0000000D) for __rt_final_cpp
    entry.o(.ARM.Collect$$$$00000000) refers (Special) to entry11a.o(.ARM.Collect$$$$0000000F) for __rt_final_exit
    entry.o(.ARM.Collect$$$$00000000) refers (Special) to entry7b.o(.ARM.Collect$$$$00000008) for _main_clock
    entry.o(.ARM.Collect$$$$00000000) refers (Special) to entry8b.o(.ARM.Collect$$$$0000000A) for _main_cpp_init
    entry.o(.ARM.Collect$$$$00000000) refers (Special) to entry9a.o(.ARM.Collect$$$$0000000B) for _main_init
    entry.o(.ARM.Collect$$$$00000000) refers (Special) to entry5.o(.ARM.Collect$$$$00000004) for _main_scatterload
    entry.o(.ARM.Collect$$$$00000000) refers (Special) to entry2.o(.ARM.Collect$$$$00000001) for _main_stk
    idiv.o(.text) refers to uidiv.o(.text) for __aeabi_uidivmod
    entry2.o(.ARM.Collect$$$$00000001) refers to entry2.o(.ARM.Collect$$$$00002712) for __lit__00000000
    entry2.o(.ARM.Collect$$$$00002712) refers to boot_vectors.o(STACK) for __initial_sp
    entry2.o(__vectab_stack_and_reset_area) refers to boot_vectors.o(STACK) for __initial_sp
    entry2.o(__vectab_stack_and_reset_area) refers to entry.o(.ARM.Collect$$$$00000000) for __main
    entry5.o(.ARM.Collect$$$$00000004) refers to init.o(.text) for __scatterload
    entry9a.o(.ARM.Collect$$$$0000000B) refers to main.o(.text) for main
    entry9b.o(.ARM.Collect$$$$0000000C) refers to main.o(.text) for main
    init.o(.text) refers to entry5.o(.ARM.Collect$$$$00000004) for __main_after_scatterload
    pwm.o(i.set_tmr_enable) refers to pwm.o(.ARM.__AT_0x50000004) for clk_per_reg
    pwm.o(i.set_tmr_div) refers to pwm.o(.ARM.__AT_0x50000004) for clk_per_reg
    pwm.o(i.timer0_start) refers to pwm.o(.ARM.__AT_0x50003400) for timer0_ctrl_reg
    pwm.o(i.timer0_stop) refers to pwm.o(.ARM.__AT_0x50003400) for timer0_ctrl_reg
    pwm.o(i.timer0_release) refers to pwm.o(i.timer0_stop) for timer0_stop
    pwm.o(i.timer0_register_callback) refers to pwm.o(.data) for TIMER0_callback
    pwm.o(i.timer2_enable) refers to pwm.o(.ARM.__AT_0x50003410) for triple_pwm_ctrl_reg
    pwm.o(i.timer2_set_hw_pause) refers to pwm.o(.ARM.__AT_0x50003410) for triple_pwm_ctrl_reg
    pwm.o(i.timer2_set_sw_pause) refers to pwm.o(.ARM.__AT_0x50003410) for triple_pwm_ctrl_reg
    pwm.o(i.timer2_stop) refers to pwm.o(i.timer2_enable) for timer2_enable


==============================================================================

Removing Unused input sections from the image.

    Removing boot_vectors.o(HEAP), (256 bytes).
    Removing system_armcm0.o(.rev16_text), (4 bytes).
    Removing system_armcm0.o(.revsh_text), (4 bytes).
    Removing gpio.o(.rev16_text), (4 bytes).
    Removing gpio.o(.revsh_text), (4 bytes).
    Removing pwm.o(.rev16_text), (4 bytes).
    Removing pwm.o(.revsh_text), (4 bytes).
    Removing uart2.o(.rev16_text), (4 bytes).
    Removing uart2.o(.revsh_text), (4 bytes).
    Removing common_uart.o(.rev16_text), (4 bytes).
    Removing common_uart.o(.revsh_text), (4 bytes).
    Removing main.o(.rev16_text), (4 bytes).
    Removing main.o(.revsh_text), (4 bytes).
    Removing user_periph_setup.o(.rev16_text), (4 bytes).
    Removing user_periph_setup.o(.revsh_text), (4 bytes).
    Removing pwm.o(i.timer0_start), (20 bytes).
    Removing pwm.o(i.timer0_stop), (20 bytes).
    Removing pwm.o(i.timer0_release), (8 bytes).
    Removing pwm.o(i.timer0_set_pwm_on_counter), (12 bytes).
    Removing pwm.o(i.timer0_set_pwm_high_counter), (12 bytes).
    Removing pwm.o(i.timer0_set_pwm_low_counter), (12 bytes).
    Removing pwm.o(i.timer0_register_callback), (12 bytes).

22 unused section(s) (total 408 bytes) removed from the image.

==============================================================================

Image Symbol Table

    Local Symbols

    Symbol Name                              Value     Ov Type        Size  Object(Section)

    ../clib/microlib/division.c              0x00000000   Number         0  uidiv.o ABSOLUTE
    ../clib/microlib/division.c              0x00000000   Number         0  idiv.o ABSOLUTE
    ../clib/microlib/init/entry.s            0x00000000   Number         0  entry9a.o ABSOLUTE
    ../clib/microlib/init/entry.s            0x00000000   Number         0  entry8b.o ABSOLUTE
    ../clib/microlib/init/entry.s            0x00000000   Number         0  entry8a.o ABSOLUTE
    ../clib/microlib/init/entry.s            0x00000000   Number         0  entry7b.o ABSOLUTE
    ../clib/microlib/init/entry.s            0x00000000   Number         0  entry7a.o ABSOLUTE
    ../clib/microlib/init/entry.s            0x00000000   Number         0  entry5.o ABSOLUTE
    ../clib/microlib/init/entry.s            0x00000000   Number         0  entry2.o ABSOLUTE
    ../clib/microlib/init/entry.s            0x00000000   Number         0  entry.o ABSOLUTE
    ../clib/microlib/init/entry.s            0x00000000   Number         0  entry10b.o ABSOLUTE
    ../clib/microlib/init/entry.s            0x00000000   Number         0  entry11b.o ABSOLUTE
    ../clib/microlib/init/entry.s            0x00000000   Number         0  entry11a.o ABSOLUTE
    ../clib/microlib/init/entry.s            0x00000000   Number         0  entry10a.o ABSOLUTE
    ../clib/microlib/init/entry.s            0x00000000   Number         0  entry9b.o ABSOLUTE
    ../clib/microlib/string/strlen.c         0x00000000   Number         0  strlen.o ABSOLUTE
    ..\..\..\..\..\..\sdk\platform\driver\gpio\gpio.c 0x00000000   Number         0  gpio.o ABSOLUTE
    ..\..\..\..\..\..\sdk\platform\driver\pwm\pwm.c 0x00000000   Number         0  pwm.o ABSOLUTE
    ..\..\..\..\..\..\sdk\platform\driver\uart\uart2.c 0x00000000   Number         0  uart2.o ABSOLUTE
    ..\..\..\shared\common_uart\common_uart.c 0x00000000   Number         0  common_uart.o ABSOLUTE
    ..\..\..\shared\startup\boot_vectors.s   0x00000000   Number         0  boot_vectors.o ABSOLUTE
    ..\..\..\shared\startup\per_ex_hard_fault.c 0x00000000   Number         0  per_ex_hard_fault.o ABSOLUTE
    ..\..\..\shared\startup\system_ARMCM0.c  0x00000000   Number         0  system_armcm0.o ABSOLUTE
    ..\\..\\..\\..\\..\\..\\sdk\\platform\\driver\\gpio\\gpio.c 0x00000000   Number         0  gpio.o ABSOLUTE
    ..\\..\\..\\..\\..\\..\\sdk\\platform\\driver\\pwm\\pwm.c 0x00000000   Number         0  pwm.o ABSOLUTE
    ..\\..\\..\\..\\..\\..\\sdk\\platform\\driver\\uart\\uart2.c 0x00000000   Number         0  uart2.o ABSOLUTE
    ..\\..\\..\\shared\\common_uart\\common_uart.c 0x00000000   Number         0  common_uart.o ABSOLUTE
    ..\\..\\..\\shared\\startup\\system_ARMCM0.c 0x00000000   Number         0  system_armcm0.o ABSOLUTE
    ..\\src\\main.c                          0x00000000   Number         0  main.o ABSOLUTE
    ..\\src\\user_periph_setup.c             0x00000000   Number         0  user_periph_setup.o ABSOLUTE
    ..\src\main.c                            0x00000000   Number         0  main.o ABSOLUTE
    ..\src\user_periph_setup.c               0x00000000   Number         0  user_periph_setup.o ABSOLUTE
    dc.s                                     0x00000000   Number         0  dc.o ABSOLUTE
    handlers.s                               0x00000000   Number         0  handlers.o ABSOLUTE
    init.s                                   0x00000000   Number         0  init.o ABSOLUTE
    RESET                                    0x20000000   Section      160  boot_vectors.o(RESET)
    .ARM.Collect$$$$00000000                 0x200000a0   Section        0  entry.o(.ARM.Collect$$$$00000000)
    .ARM.Collect$$$$00000001                 0x200000a0   Section        4  entry2.o(.ARM.Collect$$$$00000001)
    .ARM.Collect$$$$00000004                 0x200000a4   Section        4  entry5.o(.ARM.Collect$$$$00000004)
    .ARM.Collect$$$$00000008                 0x200000a8   Section        0  entry7b.o(.ARM.Collect$$$$00000008)
    .ARM.Collect$$$$0000000A                 0x200000a8   Section        0  entry8b.o(.ARM.Collect$$$$0000000A)
    .ARM.Collect$$$$0000000B                 0x200000a8   Section        8  entry9a.o(.ARM.Collect$$$$0000000B)
    .ARM.Collect$$$$0000000D                 0x200000b0   Section        0  entry10a.o(.ARM.Collect$$$$0000000D)
    .ARM.Collect$$$$0000000F                 0x200000b0   Section        0  entry11a.o(.ARM.Collect$$$$0000000F)
    .ARM.Collect$$$$00002712                 0x200000b0   Section        4  entry2.o(.ARM.Collect$$$$00002712)
    __lit__00000000                          0x200000b0   Data           4  entry2.o(.ARM.Collect$$$$00002712)
    .text                                    0x200000b4   Section       28  boot_vectors.o(.text)
    .text                                    0x200000d0   Section        0  system_armcm0.o(.text)
    .text                                    0x2000012c   Section        0  per_ex_hard_fault.o(.text)
    .text                                    0x20000130   Section        0  gpio.o(.text)
    gpioshift16                              0x20000131   Thumb Code    34  gpio.o(.text)
    NVIC_SetPriority                         0x20000573   Thumb Code   110  gpio.o(.text)
    .text                                    0x200005e8   Section        0  pwm.o(.text)
    NVIC_SetPriority                         0x20000693   Thumb Code   110  pwm.o(.text)
    .text                                    0x20000714   Section        0  uart2.o(.text)
    uart2_rec_data_avail_isr                 0x20000715   Thumb Code   106  uart2.o(.text)
    uart2_rec_error_isr                      0x2000077f   Thumb Code    46  uart2.o(.text)
    uart2_thr_empty_isr                      0x200007ad   Thumb Code   108  uart2.o(.text)
    uart2_is_rx_fifo_empty                   0x20000819   Thumb Code    22  uart2.o(.text)
    NVIC_SetPriority                         0x200009f1   Thumb Code   114  uart2.o(.text)
    .text                                    0x20000a78   Section        0  common_uart.o(.text)
    .text                                    0x20000bac   Section        0  main.o(.text)
    .text                                    0x20000d1c   Section        0  user_periph_setup.o(.text)
    .text                                    0x20000de8   Section        0  idiv.o(.text)
    .text                                    0x20000e10   Section        0  strlen.o(.text)
    .text                                    0x20000e1e   Section        0  uidiv.o(.text)
    .text                                    0x20000e4c   Section       36  init.o(.text)
    i.__scatterload_copy                     0x20000e70   Section       14  handlers.o(i.__scatterload_copy)
    i.__scatterload_null                     0x20000e7e   Section        2  handlers.o(i.__scatterload_null)
    i.__scatterload_zeroinit                 0x20000e80   Section       14  handlers.o(i.__scatterload_zeroinit)
    i.set_tmr_div                            0x20000e90   Section        0  pwm.o(i.set_tmr_div)
    i.set_tmr_enable                         0x20000ea8   Section        0  pwm.o(i.set_tmr_enable)
    i.timer2_enable                          0x20000ec4   Section        0  pwm.o(i.timer2_enable)
    i.timer2_set_hw_pause                    0x20000edc   Section        0  pwm.o(i.timer2_set_hw_pause)
    i.timer2_set_pwm2_duty_cycle             0x20000ef8   Section        0  pwm.o(i.timer2_set_pwm2_duty_cycle)
    i.timer2_set_pwm3_duty_cycle             0x20000f04   Section        0  pwm.o(i.timer2_set_pwm3_duty_cycle)
    i.timer2_set_pwm4_duty_cycle             0x20000f10   Section        0  pwm.o(i.timer2_set_pwm4_duty_cycle)
    i.timer2_set_pwm_frequency               0x20000f1c   Section        0  pwm.o(i.timer2_set_pwm_frequency)
    i.timer2_set_sw_pause                    0x20000f28   Section        0  pwm.o(i.timer2_set_sw_pause)
    i.timer2_stop                            0x20000f44   Section        0  pwm.o(i.timer2_stop)
    .data                                    0x20000f60   Section        4  pwm.o(.data)
    .bss                                     0x20000f64   Section       20  gpio.o(.bss)
    retention_mem_area0                      0x20000f78   Section       28  uart2.o(retention_mem_area0)
    uart2_env                                0x20000f78   Data          28  uart2.o(retention_mem_area0)
    STACK                                    0x20009600   Section      512  boot_vectors.o(STACK)
    .ARM.__AT_0x50000004                     0x50000004   Section        4  pwm.o(.ARM.__AT_0x50000004)
    .ARM.__AT_0x50003400                     0x50003400   Section        4  pwm.o(.ARM.__AT_0x50003400)
    .ARM.__AT_0x50003410                     0x50003410   Section        4  pwm.o(.ARM.__AT_0x50003410)

    Global Symbols

    Symbol Name                              Value     Ov Type        Size  Object(Section)

    BuildAttributes$$THM_ISAv3M$S$PE$A:L22$X:L11$S22$IEEE1$IW$USESV6$~STKCKD$USESV7$~SHL$OSPACE$EBA8$MICROLIB$REQ8$PRES8$EABIv2 0x00000000   Number         0  anon$$obj.o ABSOLUTE
    __ARM_use_no_argv                        0x00000000   Number         0  main.o ABSOLUTE
    __cpp_initialize__aeabi_                  - Undefined Weak Reference
    __cxa_finalize                            - Undefined Weak Reference
    __decompress                              - Undefined Weak Reference
    _clock_init                               - Undefined Weak Reference
    _microlib_exit                            - Undefined Weak Reference
    __Vectors_Size                           0x000000a0   Number         0  boot_vectors.o ABSOLUTE
    __Vectors                                0x20000000   Data           4  boot_vectors.o(RESET)
    __Vectors_End                            0x200000a0   Data           0  boot_vectors.o(RESET)
    __main                                   0x200000a1   Thumb Code     0  entry.o(.ARM.Collect$$$$00000000)
    _main_stk                                0x200000a1   Thumb Code     0  entry2.o(.ARM.Collect$$$$00000001)
    _main_scatterload                        0x200000a5   Thumb Code     0  entry5.o(.ARM.Collect$$$$00000004)
    __main_after_scatterload                 0x200000a9   Thumb Code     0  entry5.o(.ARM.Collect$$$$00000004)
    _main_clock                              0x200000a9   Thumb Code     0  entry7b.o(.ARM.Collect$$$$00000008)
    _main_cpp_init                           0x200000a9   Thumb Code     0  entry8b.o(.ARM.Collect$$$$0000000A)
    _main_init                               0x200000a9   Thumb Code     0  entry9a.o(.ARM.Collect$$$$0000000B)
    __rt_final_cpp                           0x200000b1   Thumb Code     0  entry10a.o(.ARM.Collect$$$$0000000D)
    __rt_final_exit                          0x200000b1   Thumb Code     0  entry11a.o(.ARM.Collect$$$$0000000F)
    Reset_Handler                            0x200000b5   Thumb Code     8  boot_vectors.o(.text)
    NMI_Handler                              0x200000bd   Thumb Code     2  boot_vectors.o(.text)
    SVC_Handler                              0x200000c1   Thumb Code     2  boot_vectors.o(.text)
    PendSV_Handler                           0x200000c3   Thumb Code     2  boot_vectors.o(.text)
    SysTick_Handler                          0x200000c5   Thumb Code     2  boot_vectors.o(.text)
    ADC_Handler                              0x200000c7   Thumb Code     0  boot_vectors.o(.text)
    BLE_CRYPT_Handler                        0x200000c7   Thumb Code     0  boot_vectors.o(.text)
    BLE_CSCNT_Handler                        0x200000c7   Thumb Code     0  boot_vectors.o(.text)
    BLE_ERROR_Handler                        0x200000c7   Thumb Code     0  boot_vectors.o(.text)
    BLE_EVENT_Handler                        0x200000c7   Thumb Code     0  boot_vectors.o(.text)
    BLE_FINETGTIM_Handler                    0x200000c7   Thumb Code     0  boot_vectors.o(.text)
    BLE_GROSSTGTIM_Handler                   0x200000c7   Thumb Code     0  boot_vectors.o(.text)
    BLE_RADIOCNTL_Handler                    0x200000c7   Thumb Code     0  boot_vectors.o(.text)
    BLE_RX_Handler                           0x200000c7   Thumb Code     0  boot_vectors.o(.text)
    BLE_SLP_Handler                          0x200000c7   Thumb Code     0  boot_vectors.o(.text)
    BLE_WAKEUP_LP_Handler                    0x200000c7   Thumb Code     0  boot_vectors.o(.text)
    I2C_Handler                              0x200000c7   Thumb Code     0  boot_vectors.o(.text)
    KEYBRD_Handler                           0x200000c7   Thumb Code     0  boot_vectors.o(.text)
    RFCAL_Handler                            0x200000c7   Thumb Code     0  boot_vectors.o(.text)
    SPI_Handler                              0x200000c7   Thumb Code     0  boot_vectors.o(.text)
    UART_Handler                             0x200000c7   Thumb Code     0  boot_vectors.o(.text)
    WKUP_QUADEC_Handler                      0x200000c7   Thumb Code     0  boot_vectors.o(.text)
    SystemInit                               0x200000d1   Thumb Code    82  system_armcm0.o(.text)
    HardFault_Handler                        0x2000012d   Thumb Code     4  per_ex_hard_fault.o(.text)
    GPIO_init                                0x20000153   Thumb Code     2  gpio.o(.text)
    GPIO_SetPinFunction                      0x20000155   Thumb Code    28  gpio.o(.text)
    GPIO_SetInactive                         0x20000171   Thumb Code    24  gpio.o(.text)
    GPIO_SetActive                           0x20000189   Thumb Code    24  gpio.o(.text)
    GPIO_ConfigurePin                        0x200001a1   Thumb Code    46  gpio.o(.text)
    GPIO_ConfigurePinPower                   0x200001cf   Thumb Code    66  gpio.o(.text)
    GPIO_GetPinStatus                        0x20000211   Thumb Code    36  gpio.o(.text)
    GPIO_EnableIRQ                           0x20000235   Thumb Code   250  gpio.o(.text)
    GPIO_GetIRQInputLevel                    0x2000032f   Thumb Code   334  gpio.o(.text)
    GPIO_SetIRQInputLevel                    0x2000047d   Thumb Code    48  gpio.o(.text)
    GPIO_ResetIRQ                            0x200004ad   Thumb Code    46  gpio.o(.text)
    GPIO_RegisterCallback                    0x200004db   Thumb Code    20  gpio.o(.text)
    GPIOn_Handler                            0x200004ef   Thumb Code    58  gpio.o(.text)
    GPIO0_Handler                            0x20000529   Thumb Code    10  gpio.o(.text)
    GPIO1_Handler                            0x20000533   Thumb Code    34  gpio.o(.text)
    GPIO2_Handler                            0x20000555   Thumb Code    10  gpio.o(.text)
    GPIO3_Handler                            0x2000055f   Thumb Code    10  gpio.o(.text)
    GPIO4_Handler                            0x20000569   Thumb Code    10  gpio.o(.text)
    timer0_init                              0x200005e9   Thumb Code    78  pwm.o(.text)
    timer0_set                               0x20000637   Thumb Code    10  pwm.o(.text)
    timer0_enable_irq                        0x20000641   Thumb Code    14  pwm.o(.text)
    timer0_disable_irq                       0x2000064f   Thumb Code    16  pwm.o(.text)
    SWTIM_Handler                            0x2000065f   Thumb Code    18  pwm.o(.text)
    timer2_init                              0x20000671   Thumb Code    34  pwm.o(.text)
    uart2_init                               0x2000082f   Thumb Code   132  uart2.o(.text)
    uart2_flow_on                            0x200008b3   Thumb Code     8  uart2.o(.text)
    uart2_flow_off                           0x200008bb   Thumb Code    90  uart2.o(.text)
    uart2_finish_transfers                   0x20000915   Thumb Code    66  uart2.o(.text)
    uart2_read                               0x20000957   Thumb Code    28  uart2.o(.text)
    uart2_write                              0x20000973   Thumb Code    52  uart2.o(.text)
    UART2_Handler                            0x200009a7   Thumb Code    74  uart2.o(.text)
    printf_byte                              0x20000a79   Thumb Code    96  common_uart.o(.text)
    printf_string                            0x20000ad9   Thumb Code    28  common_uart.o(.text)
    print_hword                              0x20000af5   Thumb Code    20  common_uart.o(.text)
    print_word                               0x20000b09   Thumb Code    34  common_uart.o(.text)
    reverse                                  0x20000b2b   Thumb Code    34  common_uart.o(.text)
    itoa                                     0x20000b4d   Thumb Code    68  common_uart.o(.text)
    printf_byte_dec                          0x20000b91   Thumb Code    28  common_uart.o(.text)
    simple_delay                             0x20000bad   Thumb Code    12  main.o(.text)
    timer2_test                              0x20000bb9   Thumb Code   150  main.o(.text)
    system_init                              0x20000c4f   Thumb Code    64  main.o(.text)
    main                                     0x20000c8f   Thumb Code    16  main.o(.text)
    periph_init                              0x20000d1d   Thumb Code   200  user_periph_setup.o(.text)
    __aeabi_idiv                             0x20000de9   Thumb Code     0  idiv.o(.text)
    __aeabi_idivmod                          0x20000de9   Thumb Code    40  idiv.o(.text)
    strlen                                   0x20000e11   Thumb Code    14  strlen.o(.text)
    __aeabi_uidiv                            0x20000e1f   Thumb Code     0  uidiv.o(.text)
    __aeabi_uidivmod                         0x20000e1f   Thumb Code    44  uidiv.o(.text)
    __scatterload                            0x20000e4d   Thumb Code    28  init.o(.text)
    __scatterload_rt2                        0x20000e4d   Thumb Code     0  init.o(.text)
    __scatterload_copy                       0x20000e71   Thumb Code    14  handlers.o(i.__scatterload_copy)
    __scatterload_null                       0x20000e7f   Thumb Code     2  handlers.o(i.__scatterload_null)
    __scatterload_zeroinit                   0x20000e81   Thumb Code    14  handlers.o(i.__scatterload_zeroinit)
    set_tmr_div                              0x20000e91   Thumb Code    20  pwm.o(i.set_tmr_div)
    set_tmr_enable                           0x20000ea9   Thumb Code    22  pwm.o(i.set_tmr_enable)
    timer2_enable                            0x20000ec5   Thumb Code    20  pwm.o(i.timer2_enable)
    timer2_set_hw_pause                      0x20000edd   Thumb Code    22  pwm.o(i.timer2_set_hw_pause)
    timer2_set_pwm2_duty_cycle               0x20000ef9   Thumb Code     6  pwm.o(i.timer2_set_pwm2_duty_cycle)
    timer2_set_pwm3_duty_cycle               0x20000f05   Thumb Code     6  pwm.o(i.timer2_set_pwm3_duty_cycle)
    timer2_set_pwm4_duty_cycle               0x20000f11   Thumb Code     6  pwm.o(i.timer2_set_pwm4_duty_cycle)
    timer2_set_pwm_frequency                 0x20000f1d   Thumb Code     6  pwm.o(i.timer2_set_pwm_frequency)
    timer2_set_sw_pause                      0x20000f29   Thumb Code    22  pwm.o(i.timer2_set_sw_pause)
    timer2_stop                              0x20000f45   Thumb Code    10  pwm.o(i.timer2_stop)
    Region$$Table$$Base                      0x20000f50   Number         0  anon$$obj.o(Region$$Table)
    Region$$Table$$Limit                     0x20000f60   Number         0  anon$$obj.o(Region$$Table)
    TIMER0_callback                          0x20000f60   Data           4  pwm.o(.data)
    GPIOHandlerFunction                      0x20000f64   Data          20  gpio.o(.bss)
    __initial_sp                             0x20009800   Data           0  boot_vectors.o(STACK)
    clk_per_reg                              0x50000004   Data           4  pwm.o(.ARM.__AT_0x50000004)
    timer0_ctrl_reg                          0x50003400   Data           4  pwm.o(.ARM.__AT_0x50003400)
    triple_pwm_ctrl_reg                      0x50003410   Data           4  pwm.o(.ARM.__AT_0x50003410)



==============================================================================

Memory Map of the image

  Image Entry point : 0x200000a1

  Load Region LR_IROM1 (Base: 0x20000000, Size: 0x00000f64, Max: 0x00009800, ABSOLUTE)

    Execution Region ER_IROM1 (Base: 0x20000000, Size: 0x00000f64, Max: 0x00008000, ABSOLUTE)

    Base Addr    Size         Type   Attr      Idx    E Section Name        Object

    0x20000000   0x000000a0   Data   RO            3    RESET               boot_vectors.o
    0x200000a0   0x00000000   Code   RO          391  * .ARM.Collect$$$$00000000  mc_p.l(entry.o)
    0x200000a0   0x00000004   Code   RO          398    .ARM.Collect$$$$00000001  mc_p.l(entry2.o)
    0x200000a4   0x00000004   Code   RO          401    .ARM.Collect$$$$00000004  mc_p.l(entry5.o)
    0x200000a8   0x00000000   Code   RO          403    .ARM.Collect$$$$00000008  mc_p.l(entry7b.o)
    0x200000a8   0x00000000   Code   RO          405    .ARM.Collect$$$$0000000A  mc_p.l(entry8b.o)
    0x200000a8   0x00000008   Code   RO          406    .ARM.Collect$$$$0000000B  mc_p.l(entry9a.o)
    0x200000b0   0x00000000   Code   RO          408    .ARM.Collect$$$$0000000D  mc_p.l(entry10a.o)
    0x200000b0   0x00000000   Code   RO          410    .ARM.Collect$$$$0000000F  mc_p.l(entry11a.o)
    0x200000b0   0x00000004   Code   RO          399    .ARM.Collect$$$$00002712  mc_p.l(entry2.o)
    0x200000b4   0x0000001c   Code   RO            4    .text               boot_vectors.o
    0x200000d0   0x0000005c   Code   RO           12    .text               system_armcm0.o
    0x2000012c   0x00000004   Code   RO           59    .text               per_ex_hard_fault.o
    0x20000130   0x000004b8   Code   RO           70    .text               gpio.o
    0x200005e8   0x0000012c   Code   RO          136    .text               pwm.o
    0x20000714   0x00000364   Code   RO          286    .text               uart2.o
    0x20000a78   0x00000134   Code   RO          320    .text               common_uart.o
    0x20000bac   0x00000170   Code   RO          346    .text               main.o
    0x20000d1c   0x000000cc   Code   RO          373    .text               user_periph_setup.o
    0x20000de8   0x00000028   Code   RO          394    .text               mc_p.l(idiv.o)
    0x20000e10   0x0000000e   Code   RO          396    .text               mc_p.l(strlen.o)
    0x20000e1e   0x0000002c   Code   RO          412    .text               mc_p.l(uidiv.o)
    0x20000e4a   0x00000002   PAD
    0x20000e4c   0x00000024   Code   RO          414    .text               mc_p.l(init.o)
    0x20000e70   0x0000000e   Code   RO          418    i.__scatterload_copy  mc_p.l(handlers.o)
    0x20000e7e   0x00000002   Code   RO          419    i.__scatterload_null  mc_p.l(handlers.o)
    0x20000e80   0x0000000e   Code   RO          420    i.__scatterload_zeroinit  mc_p.l(handlers.o)
    0x20000e8e   0x00000002   PAD
    0x20000e90   0x00000018   Code   RO          163    i.set_tmr_div       pwm.o
    0x20000ea8   0x0000001c   Code   RO          157    i.set_tmr_enable    pwm.o
    0x20000ec4   0x00000018   Code   RO          210    i.timer2_enable     pwm.o
    0x20000edc   0x0000001c   Code   RO          215    i.timer2_set_hw_pause  pwm.o
    0x20000ef8   0x0000000c   Code   RO          236    i.timer2_set_pwm2_duty_cycle  pwm.o
    0x20000f04   0x0000000c   Code   RO          242    i.timer2_set_pwm3_duty_cycle  pwm.o
    0x20000f10   0x0000000c   Code   RO          248    i.timer2_set_pwm4_duty_cycle  pwm.o
    0x20000f1c   0x0000000c   Code   RO          225    i.timer2_set_pwm_frequency  pwm.o
    0x20000f28   0x0000001c   Code   RO          220    i.timer2_set_sw_pause  pwm.o
    0x20000f44   0x0000000a   Code   RO          230    i.timer2_stop       pwm.o
    0x20000f4e   0x00000002   PAD
    0x20000f50   0x00000010   Data   RO          416    Region$$Table       anon$$obj.o
    0x20000f60   0x00000004   Data   RW          140    .data               pwm.o


    Execution Region ER_IROM2 (Base: 0x20000f64, Size: 0x00000030, Max: 0xffffffff, ABSOLUTE)

    Base Addr    Size         Type   Attr      Idx    E Section Name        Object

    0x20000f64   0x00000014   Zero   RW           71    .bss                gpio.o
    0x20000f78   0x0000001c   Zero   RW          287    retention_mem_area0  uart2.o


    Execution Region RW_IRAM1 (Base: 0x20009600, Size: 0x00000200, Max: 0x00000200, ABSOLUTE, UNINIT)

    Base Addr    Size         Type   Attr      Idx    E Section Name        Object

    0x20009600   0x00000200   Zero   RW            1    STACK               boot_vectors.o



  Load Region LR$$.ARM.__AT_0x50000004 (Base: 0x50000004, Size: 0x00000000, Max: 0x00000004, ABSOLUTE)

    Execution Region ER$$.ARM.__AT_0x50000004 (Base: 0x50000004, Size: 0x00000004, Max: 0x00000004, ABSOLUTE, UNINIT)

    Base Addr    Size         Type   Attr      Idx    E Section Name        Object

    0x50000004   0x00000004   Zero   RW          137    .ARM.__AT_0x50000004  pwm.o



  Load Region LR$$.ARM.__AT_0x50003400 (Base: 0x50003400, Size: 0x00000000, Max: 0x00000004, ABSOLUTE)

    Execution Region ER$$.ARM.__AT_0x50003400 (Base: 0x50003400, Size: 0x00000004, Max: 0x00000004, ABSOLUTE, UNINIT)

    Base Addr    Size         Type   Attr      Idx    E Section Name        Object

    0x50003400   0x00000004   Zero   RW          138    .ARM.__AT_0x50003400  pwm.o



  Load Region LR$$.ARM.__AT_0x50003410 (Base: 0x50003410, Size: 0x00000000, Max: 0x00000004, ABSOLUTE)

    Execution Region ER$$.ARM.__AT_0x50003410 (Base: 0x50003410, Size: 0x00000004, Max: 0x00000004, ABSOLUTE, UNINIT)

    Base Addr    Size         Type   Attr      Idx    E Section Name        Object

    0x50003410   0x00000004   Zero   RW          139    .ARM.__AT_0x50003410  pwm.o


==============================================================================

Image component sizes


      Code (inc. data)   RO Data    RW Data    ZI Data      Debug   Object Name

        28          8        160          0        512        788   boot_vectors.o
       308          0          0          0          0       1932   common_uart.o
      1208         32          0          0         20      13944   gpio.o
       368        126          0          0          0       1040   main.o
         4          0          0          0          0        584   per_ex_hard_fault.o
       490         70          0          4         12     107549   pwm.o
        92         10          0          0          0     100857   system_armcm0.o
       868         22          0          0         28      25638   uart2.o
       204          4          0          0          0        618   user_periph_setup.o

    ----------------------------------------------------------------------
      3572        272        176          4        572     252950   Object Totals
         0          0         16          0          0          0   (incl. Generated)
         2          0          0          0          0          0   (incl. Padding)

    ----------------------------------------------------------------------

      Code (inc. data)   RO Data    RW Data    ZI Data      Debug   Library Member Name

         0          0          0          0          0          0   entry.o
         0          0          0          0          0          0   entry10a.o
         0          0          0          0          0          0   entry11a.o
         8          4          0          0          0          0   entry2.o
         4          0          0          0          0          0   entry5.o
         0          0          0          0          0          0   entry7b.o
         0          0          0          0          0          0   entry8b.o
         8          4          0          0          0          0   entry9a.o
        30          0          0          0          0          0   handlers.o
        40          0          0          0          0         72   idiv.o
        36          8          0          0          0         68   init.o
        14          0          0          0          0         60   strlen.o
        44          0          0          0          0         72   uidiv.o

    ----------------------------------------------------------------------
       188         16          0          0          0        272   Library Totals
         4          0          0          0          0          0   (incl. Padding)

    ----------------------------------------------------------------------

      Code (inc. data)   RO Data    RW Data    ZI Data      Debug   Library Name

       184         16          0          0          0        272   mc_p.l

    ----------------------------------------------------------------------
       188         16          0          0          0        272   Library Totals

    ----------------------------------------------------------------------

==============================================================================


      Code (inc. data)   RO Data    RW Data    ZI Data      Debug   

      3760        288        176          4        572     252538   Grand Totals
      3760        288        176          4        572     252538   ELF Image Totals
      3760        288        176          4          0          0   ROM Totals

==============================================================================

    Total RO  Size (Code + RO Data)                 3936 (   3.84kB)
    Total RW  Size (RW Data + ZI Data)               576 (   0.56kB)
    Total ROM Size (Code + RO Data + RW Data)       3940 (   3.85kB)

==============================================================================

