Component: ARM Compiler 5.06 update 4 (build 422) Tool: armlink [4d35d2]

==============================================================================

Section Cross References

    system_cmsdk.o(i.SystemCoreClockUpdate) refers to system_cmsdk.o(.data) for SystemCoreClock
    system_cmsdk.o(i.SystemInit) refers to system_cmsdk.o(.data) for SystemCoreClock
    startup_cmsdk_cm0.o(STACK) refers (Special) to heapauxi.o(.text) for __use_two_region_memory
    startup_cmsdk_cm0.o(HEAP) refers (Special) to heapauxi.o(.text) for __use_two_region_memory
    startup_cmsdk_cm0.o(RESET) refers (Special) to heapauxi.o(.text) for __use_two_region_memory
    startup_cmsdk_cm0.o(RESET) refers to startup_cmsdk_cm0.o(STACK) for __initial_sp
    startup_cmsdk_cm0.o(RESET) refers to startup_cmsdk_cm0.o(.text) for Reset_Handler
    startup_cmsdk_cm0.o(.text) refers (Special) to heapauxi.o(.text) for __use_two_region_memory
    startup_cmsdk_cm0.o(.text) refers to system_cmsdk.o(i.SystemInit) for SystemInit
    startup_cmsdk_cm0.o(.text) refers to __main.o(!!!main) for __main
    startup_cmsdk_cm0.o(.text) refers to startup_cmsdk_cm0.o(HEAP) for Heap_Mem
    startup_cmsdk_cm0.o(.text) refers to startup_cmsdk_cm0.o(STACK) for Stack_Mem
    __main.o(!!!main) refers to __rtentry.o(.ARM.Collect$$rtentry$$00000000) for __rt_entry
    __rtentry.o(.ARM.Collect$$rtentry$$00000000) refers (Special) to __rtentry2.o(.ARM.Collect$$rtentry$$0000000A) for __rt_entry_li
    __rtentry.o(.ARM.Collect$$rtentry$$00000000) refers (Special) to __rtentry2.o(.ARM.Collect$$rtentry$$0000000D) for __rt_entry_main
    __rtentry.o(.ARM.Collect$$rtentry$$00000000) refers (Special) to __rtentry2.o(.ARM.Collect$$rtentry$$0000000C) for __rt_entry_postli_1
    __rtentry.o(.ARM.Collect$$rtentry$$00000000) refers (Special) to __rtentry2.o(.ARM.Collect$$rtentry$$00000009) for __rt_entry_postsh_1
    __rtentry.o(.ARM.Collect$$rtentry$$00000000) refers (Special) to __rtentry2.o(.ARM.Collect$$rtentry$$00000002) for __rt_entry_presh_1
    __rtentry.o(.ARM.Collect$$rtentry$$00000000) refers (Special) to __rtentry4.o(.ARM.Collect$$rtentry$$00000004) for __rt_entry_sh
    __rtentry2.o(.ARM.Collect$$rtentry$$00000008) refers to boardinit2.o(.text) for _platform_post_stackheap_init
    __rtentry2.o(.ARM.Collect$$rtentry$$0000000A) refers to libinit.o(.ARM.Collect$$libinit$$00000000) for __rt_lib_init
    __rtentry2.o(.ARM.Collect$$rtentry$$0000000B) refers to boardinit3.o(.text) for _platform_post_lib_init
    __rtentry2.o(.ARM.Collect$$rtentry$$0000000D) refers to main.o(i.main) for main
    __rtentry2.o(.ARM.Collect$$rtentry$$0000000D) refers to exit.o(.text) for exit
    __rtentry2.o(.ARM.exidx) refers to __rtentry2.o(.ARM.Collect$$rtentry$$00000001) for .ARM.Collect$$rtentry$$00000001
    __rtentry2.o(.ARM.exidx) refers to __rtentry2.o(.ARM.Collect$$rtentry$$00000008) for .ARM.Collect$$rtentry$$00000008
    __rtentry2.o(.ARM.exidx) refers to __rtentry2.o(.ARM.Collect$$rtentry$$0000000A) for .ARM.Collect$$rtentry$$0000000A
    __rtentry2.o(.ARM.exidx) refers to __rtentry2.o(.ARM.Collect$$rtentry$$0000000B) for .ARM.Collect$$rtentry$$0000000B
    __rtentry2.o(.ARM.exidx) refers to __rtentry2.o(.ARM.Collect$$rtentry$$0000000D) for .ARM.Collect$$rtentry$$0000000D
    __rtentry4.o(.ARM.Collect$$rtentry$$00000004) refers to sys_stackheap_outer.o(.text) for __user_setup_stackheap
    __rtentry4.o(.ARM.exidx) refers to __rtentry4.o(.ARM.Collect$$rtentry$$00000004) for .ARM.Collect$$rtentry$$00000004
    sys_stackheap_outer.o(.text) refers to libspace.o(.text) for __user_perproc_libspace
    sys_stackheap_outer.o(.text) refers to startup_cmsdk_cm0.o(.text) for __user_initial_stackheap
    sys_stackheap_outer.o(__vectab_stack_and_reset_area) refers to tempstk.o(.text) for __temporary_stack_top
    sys_stackheap_outer.o(__vectab_stack_and_reset_area) refers to __main.o(!!!main) for __main
    exit.o(.text) refers to rtexit.o(.ARM.Collect$$rtexit$$00000000) for __rt_exit
    libinit.o(.ARM.Collect$$libinit$$00000000) refers (Special) to libinit2.o(.ARM.Collect$$libinit$$0000002E) for __rt_lib_init_alloca_1
    libinit.o(.ARM.Collect$$libinit$$00000000) refers (Special) to libinit2.o(.ARM.Collect$$libinit$$0000002C) for __rt_lib_init_argv_1
    libinit.o(.ARM.Collect$$libinit$$00000000) refers (Special) to libinit2.o(.ARM.Collect$$libinit$$0000001B) for __rt_lib_init_atexit_1
    libinit.o(.ARM.Collect$$libinit$$00000000) refers (Special) to libinit2.o(.ARM.Collect$$libinit$$00000021) for __rt_lib_init_clock_1
    libinit.o(.ARM.Collect$$libinit$$00000000) refers (Special) to libinit2.o(.ARM.Collect$$libinit$$00000032) for __rt_lib_init_cpp_1
    libinit.o(.ARM.Collect$$libinit$$00000000) refers (Special) to libinit2.o(.ARM.Collect$$libinit$$00000030) for __rt_lib_init_exceptions_1
    libinit.o(.ARM.Collect$$libinit$$00000000) refers (Special) to libinit2.o(.ARM.Collect$$libinit$$00000002) for __rt_lib_init_fp_1
    libinit.o(.ARM.Collect$$libinit$$00000000) refers (Special) to libinit2.o(.ARM.Collect$$libinit$$0000001F) for __rt_lib_init_fp_trap_1
    libinit.o(.ARM.Collect$$libinit$$00000000) refers (Special) to libinit2.o(.ARM.Collect$$libinit$$00000023) for __rt_lib_init_getenv_1
    libinit.o(.ARM.Collect$$libinit$$00000000) refers (Special) to libinit2.o(.ARM.Collect$$libinit$$0000000A) for __rt_lib_init_heap_1
    libinit.o(.ARM.Collect$$libinit$$00000000) refers (Special) to libinit2.o(.ARM.Collect$$libinit$$00000011) for __rt_lib_init_lc_collate_1
    libinit.o(.ARM.Collect$$libinit$$00000000) refers (Special) to libinit2.o(.ARM.Collect$$libinit$$00000013) for __rt_lib_init_lc_ctype_1
    libinit.o(.ARM.Collect$$libinit$$00000000) refers (Special) to libinit2.o(.ARM.Collect$$libinit$$00000015) for __rt_lib_init_lc_monetary_1
    libinit.o(.ARM.Collect$$libinit$$00000000) refers (Special) to libinit2.o(.ARM.Collect$$libinit$$00000017) for __rt_lib_init_lc_numeric_1
    libinit.o(.ARM.Collect$$libinit$$00000000) refers (Special) to libinit2.o(.ARM.Collect$$libinit$$00000019) for __rt_lib_init_lc_time_1
    libinit.o(.ARM.Collect$$libinit$$00000000) refers (Special) to libinit2.o(.ARM.Collect$$libinit$$00000004) for __rt_lib_init_preinit_1
    libinit.o(.ARM.Collect$$libinit$$00000000) refers (Special) to libinit2.o(.ARM.Collect$$libinit$$0000000E) for __rt_lib_init_rand_1
    libinit.o(.ARM.Collect$$libinit$$00000000) refers (Special) to libinit2.o(.ARM.Collect$$libinit$$00000033) for __rt_lib_init_return
    libinit.o(.ARM.Collect$$libinit$$00000000) refers (Special) to libinit2.o(.ARM.Collect$$libinit$$0000001D) for __rt_lib_init_signal_1
    libinit.o(.ARM.Collect$$libinit$$00000000) refers (Special) to libinit2.o(.ARM.Collect$$libinit$$00000025) for __rt_lib_init_stdio_1
    libinit.o(.ARM.Collect$$libinit$$00000000) refers (Special) to libinit2.o(.ARM.Collect$$libinit$$0000000C) for __rt_lib_init_user_alloc_1
    libspace.o(.text) refers to libspace.o(.bss) for __libspace_start
    rtexit.o(.ARM.Collect$$rtexit$$00000000) refers (Special) to rtexit2.o(.ARM.Collect$$rtexit$$00000004) for __rt_exit_exit
    rtexit.o(.ARM.Collect$$rtexit$$00000000) refers (Special) to rtexit2.o(.ARM.Collect$$rtexit$$00000003) for __rt_exit_ls
    rtexit.o(.ARM.Collect$$rtexit$$00000000) refers (Special) to rtexit2.o(.ARM.Collect$$rtexit$$00000002) for __rt_exit_prels_1
    rtexit.o(.ARM.exidx) refers (Special) to rtexit2.o(.ARM.Collect$$rtexit$$00000004) for __rt_exit_exit
    rtexit.o(.ARM.exidx) refers (Special) to rtexit2.o(.ARM.Collect$$rtexit$$00000003) for __rt_exit_ls
    rtexit.o(.ARM.exidx) refers (Special) to rtexit2.o(.ARM.Collect$$rtexit$$00000002) for __rt_exit_prels_1
    rtexit.o(.ARM.exidx) refers to rtexit.o(.ARM.Collect$$rtexit$$00000000) for .ARM.Collect$$rtexit$$00000000
    libinit2.o(.ARM.Collect$$libinit$$00000010) refers to libinit2.o(.ARM.Collect$$libinit$$0000000F) for .ARM.Collect$$libinit$$0000000F
    libinit2.o(.ARM.Collect$$libinit$$00000012) refers to libinit2.o(.ARM.Collect$$libinit$$0000000F) for .ARM.Collect$$libinit$$0000000F
    libinit2.o(.ARM.Collect$$libinit$$00000014) refers to libinit2.o(.ARM.Collect$$libinit$$0000000F) for .ARM.Collect$$libinit$$0000000F
    libinit2.o(.ARM.Collect$$libinit$$00000016) refers to libinit2.o(.ARM.Collect$$libinit$$0000000F) for .ARM.Collect$$libinit$$0000000F
    libinit2.o(.ARM.Collect$$libinit$$00000018) refers to libinit2.o(.ARM.Collect$$libinit$$0000000F) for .ARM.Collect$$libinit$$0000000F
    libinit2.o(.ARM.Collect$$libinit$$00000026) refers to argv_veneer.o(.text) for __ARM_argv_veneer
    libinit2.o(.ARM.Collect$$libinit$$00000027) refers to argv_veneer.o(.text) for __ARM_argv_veneer
    rtexit2.o(.ARM.Collect$$rtexit$$00000003) refers to libshutdown.o(.ARM.Collect$$libshutdown$$00000000) for __rt_lib_shutdown
    rtexit2.o(.ARM.Collect$$rtexit$$00000004) refers to sys_exit.o(.text) for _sys_exit
    rtexit2.o(.ARM.exidx) refers to rtexit2.o(.ARM.Collect$$rtexit$$00000001) for .ARM.Collect$$rtexit$$00000001
    rtexit2.o(.ARM.exidx) refers to rtexit2.o(.ARM.Collect$$rtexit$$00000003) for .ARM.Collect$$rtexit$$00000003
    rtexit2.o(.ARM.exidx) refers to rtexit2.o(.ARM.Collect$$rtexit$$00000004) for .ARM.Collect$$rtexit$$00000004
    sys_exit.o(.text) refers (Special) to use_no_semi.o(.text) for __I$use$semihosting
    sys_exit.o(.text) refers (Special) to indicate_semi.o(.text) for __semihosting_library_function
    _get_argv_nomalloc.o(.text) refers (Special) to hrguard.o(.text) for __heap_region$guard
    _get_argv_nomalloc.o(.text) refers to defsig_rtmem_outer.o(.text) for __rt_SIGRTMEM
    _get_argv_nomalloc.o(.text) refers to sys_command.o(.text) for _sys_command_string
    libshutdown.o(.ARM.Collect$$libshutdown$$00000000) refers (Special) to libshutdown2.o(.ARM.Collect$$libshutdown$$00000002) for __rt_lib_shutdown_cpp_1
    libshutdown.o(.ARM.Collect$$libshutdown$$00000000) refers (Special) to libshutdown2.o(.ARM.Collect$$libshutdown$$00000007) for __rt_lib_shutdown_fp_trap_1
    libshutdown.o(.ARM.Collect$$libshutdown$$00000000) refers (Special) to libshutdown2.o(.ARM.Collect$$libshutdown$$0000000F) for __rt_lib_shutdown_heap_1
    libshutdown.o(.ARM.Collect$$libshutdown$$00000000) refers (Special) to libshutdown2.o(.ARM.Collect$$libshutdown$$00000010) for __rt_lib_shutdown_return
    libshutdown.o(.ARM.Collect$$libshutdown$$00000000) refers (Special) to libshutdown2.o(.ARM.Collect$$libshutdown$$0000000A) for __rt_lib_shutdown_signal_1
    libshutdown.o(.ARM.Collect$$libshutdown$$00000000) refers (Special) to libshutdown2.o(.ARM.Collect$$libshutdown$$00000004) for __rt_lib_shutdown_stdio_1
    libshutdown.o(.ARM.Collect$$libshutdown$$00000000) refers (Special) to libshutdown2.o(.ARM.Collect$$libshutdown$$0000000C) for __rt_lib_shutdown_user_alloc_1
    sys_command.o(.text) refers (Special) to use_no_semi.o(.text) for __I$use$semihosting
    sys_command.o(.text) refers (Special) to indicate_semi.o(.text) for __semihosting_library_function
    defsig_rtmem_outer.o(.text) refers to defsig_rtmem_inner.o(.text) for __rt_SIGRTMEM_inner
    defsig_rtmem_outer.o(.text) refers to defsig_exit.o(.text) for __sig_exit
    defsig_rtmem_formal.o(.text) refers to rt_raise.o(.text) for __rt_raise
    rt_raise.o(.text) refers to __raise.o(.text) for __raise
    rt_raise.o(.text) refers to sys_exit.o(.text) for _sys_exit
    defsig_exit.o(.text) refers to sys_exit.o(.text) for _sys_exit
    defsig_rtmem_inner.o(.text) refers to defsig_general.o(.text) for __default_signal_display
    __raise.o(.text) refers to defsig.o(CL$$defsig) for __default_signal_handler
    defsig_general.o(.text) refers to sys_wrch.o(.text) for _ttywrch
    sys_wrch.o(.text) refers (Special) to use_no_semi.o(.text) for __I$use$semihosting
    sys_wrch.o(.text) refers (Special) to indicate_semi.o(.text) for __semihosting_library_function
    defsig.o(CL$$defsig) refers to defsig_rtmem_inner.o(.text) for __rt_SIGRTMEM_inner
    defsig_abrt_inner.o(.text) refers to defsig_general.o(.text) for __default_signal_display
    defsig_fpe_inner.o(.text) refers to defsig_general.o(.text) for __default_signal_display
    defsig_rtred_inner.o(.text) refers to defsig_general.o(.text) for __default_signal_display
    defsig_stak_inner.o(.text) refers to defsig_general.o(.text) for __default_signal_display
    defsig_pvfn_inner.o(.text) refers to defsig_general.o(.text) for __default_signal_display
    defsig_cppl_inner.o(.text) refers to defsig_general.o(.text) for __default_signal_display
    defsig_segv_inner.o(.text) refers to defsig_general.o(.text) for __default_signal_display
    defsig_other.o(.text) refers to defsig_general.o(.text) for __default_signal_display


==============================================================================

Removing Unused input sections from the image.

    Removing system_cmsdk.o(i.SystemCoreClockUpdate), (16 bytes).

1 unused section(s) (total 16 bytes) removed from the image.

==============================================================================

Adding Veneers to the image

    Adding TT veneer (12 bytes, Long) for call to '__rt_entry' from __main.o(!!!main).

1 Veneer(s) (total 12 bytes) added to the image.

==============================================================================

Image Symbol Table

    Local Symbols

    Symbol Name                              Value     Ov Type        Size  Object(Section)

    ../clib/angel/boardlib.s                 0x00000000   Number         0  boardinit1.o ABSOLUTE
    ../clib/angel/boardlib.s                 0x00000000   Number         0  boardinit2.o ABSOLUTE
    ../clib/angel/boardlib.s                 0x00000000   Number         0  boardinit3.o ABSOLUTE
    ../clib/angel/boardlib.s                 0x00000000   Number         0  boardshut.o ABSOLUTE
    ../clib/angel/handlers.s                 0x00000000   Number         0  __scatter_zi.o ABSOLUTE
    ../clib/angel/handlers.s                 0x00000000   Number         0  __scatter_copy.o ABSOLUTE
    ../clib/angel/kernel.s                   0x00000000   Number         0  rtexit2.o ABSOLUTE
    ../clib/angel/kernel.s                   0x00000000   Number         0  rtexit.o ABSOLUTE
    ../clib/angel/kernel.s                   0x00000000   Number         0  __rtentry.o ABSOLUTE
    ../clib/angel/kernel.s                   0x00000000   Number         0  __rtentry2.o ABSOLUTE
    ../clib/angel/kernel.s                   0x00000000   Number         0  __rtentry4.o ABSOLUTE
    ../clib/angel/rt.s                       0x00000000   Number         0  rt_raise.o ABSOLUTE
    ../clib/angel/scatterp.s                 0x00000000   Number         0  __scatter.o ABSOLUTE
    ../clib/angel/startup.s                  0x00000000   Number         0  __main.o ABSOLUTE
    ../clib/angel/sys.s                      0x00000000   Number         0  sys_stackheap_outer.o ABSOLUTE
    ../clib/angel/sys.s                      0x00000000   Number         0  indicate_semi.o ABSOLUTE
    ../clib/angel/sys.s                      0x00000000   Number         0  use_no_semi.o ABSOLUTE
    ../clib/angel/sys.s                      0x00000000   Number         0  libspace.o ABSOLUTE
    ../clib/angel/sys.s                      0x00000000   Number         0  tempstk.o ABSOLUTE
    ../clib/angel/sysapp.c                   0x00000000   Number         0  sys_command.o ABSOLUTE
    ../clib/angel/sysapp.c                   0x00000000   Number         0  sys_exit.o ABSOLUTE
    ../clib/angel/sysapp.c                   0x00000000   Number         0  sys_wrch.o ABSOLUTE
    ../clib/armsys.c                         0x00000000   Number         0  no_argv.o ABSOLUTE
    ../clib/armsys.c                         0x00000000   Number         0  _get_argv_nomalloc.o ABSOLUTE
    ../clib/armsys.c                         0x00000000   Number         0  argv_veneer.o ABSOLUTE
    ../clib/heapalloc.c                      0x00000000   Number         0  hrguard.o ABSOLUTE
    ../clib/heapaux.c                        0x00000000   Number         0  heapauxi.o ABSOLUTE
    ../clib/libinit.s                        0x00000000   Number         0  libshutdown.o ABSOLUTE
    ../clib/libinit.s                        0x00000000   Number         0  libshutdown2.o ABSOLUTE
    ../clib/libinit.s                        0x00000000   Number         0  libinit.o ABSOLUTE
    ../clib/libinit.s                        0x00000000   Number         0  libinit2.o ABSOLUTE
    ../clib/signal.c                         0x00000000   Number         0  defsig_stak_inner.o ABSOLUTE
    ../clib/signal.c                         0x00000000   Number         0  defsig_rtmem_formal.o ABSOLUTE
    ../clib/signal.c                         0x00000000   Number         0  defsig_rtmem_outer.o ABSOLUTE
    ../clib/signal.c                         0x00000000   Number         0  defsig_other.o ABSOLUTE
    ../clib/signal.c                         0x00000000   Number         0  defsig_segv_inner.o ABSOLUTE
    ../clib/signal.c                         0x00000000   Number         0  defsig_cppl_inner.o ABSOLUTE
    ../clib/signal.c                         0x00000000   Number         0  defsig_pvfn_inner.o ABSOLUTE
    ../clib/signal.c                         0x00000000   Number         0  defsig_rtred_inner.o ABSOLUTE
    ../clib/signal.c                         0x00000000   Number         0  defsig_fpe_inner.o ABSOLUTE
    ../clib/signal.c                         0x00000000   Number         0  defsig_abrt_inner.o ABSOLUTE
    ../clib/signal.c                         0x00000000   Number         0  defsig_general.o ABSOLUTE
    ../clib/signal.c                         0x00000000   Number         0  __raise.o ABSOLUTE
    ../clib/signal.c                         0x00000000   Number         0  defsig_rtmem_inner.o ABSOLUTE
    ../clib/signal.c                         0x00000000   Number         0  defsig_exit.o ABSOLUTE
    ../clib/signal.s                         0x00000000   Number         0  defsig.o ABSOLUTE
    ../clib/stdlib.c                         0x00000000   Number         0  exit.o ABSOLUTE
    ../fplib/cfplib/fpinit.c                 0x00000000   Number         0  fpinit.o ABSOLUTE
    Source\main.c                            0x00000000   Number         0  main.o ABSOLUTE
    Startup\startup_CMSDK_CM0.s              0x00000000   Number         0  startup_cmsdk_cm0.o ABSOLUTE
    Startup\system_CMSDK.c                   0x00000000   Number         0  system_cmsdk.o ABSOLUTE
    dc.s                                     0x00000000   Number         0  dc.o ABSOLUTE
    .ARM.Collect$$libinit$$00000000          0x00021000   Section        2  libinit.o(.ARM.Collect$$libinit$$00000000)
    .ARM.Collect$$libinit$$00000002          0x00021002   Section        0  libinit2.o(.ARM.Collect$$libinit$$00000002)
    .ARM.Collect$$libinit$$00000004          0x00021002   Section        0  libinit2.o(.ARM.Collect$$libinit$$00000004)
    .ARM.Collect$$libinit$$0000000A          0x00021002   Section        0  libinit2.o(.ARM.Collect$$libinit$$0000000A)
    .ARM.Collect$$libinit$$0000000C          0x00021002   Section        0  libinit2.o(.ARM.Collect$$libinit$$0000000C)
    .ARM.Collect$$libinit$$0000000E          0x00021002   Section        0  libinit2.o(.ARM.Collect$$libinit$$0000000E)
    .ARM.Collect$$libinit$$00000011          0x00021002   Section        0  libinit2.o(.ARM.Collect$$libinit$$00000011)
    .ARM.Collect$$libinit$$00000013          0x00021002   Section        0  libinit2.o(.ARM.Collect$$libinit$$00000013)
    .ARM.Collect$$libinit$$00000015          0x00021002   Section        0  libinit2.o(.ARM.Collect$$libinit$$00000015)
    .ARM.Collect$$libinit$$00000017          0x00021002   Section        0  libinit2.o(.ARM.Collect$$libinit$$00000017)
    .ARM.Collect$$libinit$$00000019          0x00021002   Section        0  libinit2.o(.ARM.Collect$$libinit$$00000019)
    .ARM.Collect$$libinit$$0000001B          0x00021002   Section        0  libinit2.o(.ARM.Collect$$libinit$$0000001B)
    .ARM.Collect$$libinit$$0000001D          0x00021002   Section        0  libinit2.o(.ARM.Collect$$libinit$$0000001D)
    .ARM.Collect$$libinit$$0000001F          0x00021002   Section        0  libinit2.o(.ARM.Collect$$libinit$$0000001F)
    .ARM.Collect$$libinit$$00000021          0x00021002   Section        0  libinit2.o(.ARM.Collect$$libinit$$00000021)
    .ARM.Collect$$libinit$$00000023          0x00021002   Section        0  libinit2.o(.ARM.Collect$$libinit$$00000023)
    .ARM.Collect$$libinit$$00000025          0x00021002   Section        0  libinit2.o(.ARM.Collect$$libinit$$00000025)
    .ARM.Collect$$libinit$$0000002C          0x00021002   Section        0  libinit2.o(.ARM.Collect$$libinit$$0000002C)
    .ARM.Collect$$libinit$$0000002E          0x00021002   Section        0  libinit2.o(.ARM.Collect$$libinit$$0000002E)
    .ARM.Collect$$libinit$$00000030          0x00021002   Section        0  libinit2.o(.ARM.Collect$$libinit$$00000030)
    .ARM.Collect$$libinit$$00000032          0x00021002   Section        0  libinit2.o(.ARM.Collect$$libinit$$00000032)
    .ARM.Collect$$libinit$$00000033          0x00021002   Section        2  libinit2.o(.ARM.Collect$$libinit$$00000033)
    .ARM.Collect$$libshutdown$$00000000      0x00021004   Section        2  libshutdown.o(.ARM.Collect$$libshutdown$$00000000)
    .ARM.Collect$$libshutdown$$00000002      0x00021006   Section        0  libshutdown2.o(.ARM.Collect$$libshutdown$$00000002)
    .ARM.Collect$$libshutdown$$00000004      0x00021006   Section        0  libshutdown2.o(.ARM.Collect$$libshutdown$$00000004)
    .ARM.Collect$$libshutdown$$00000007      0x00021006   Section        0  libshutdown2.o(.ARM.Collect$$libshutdown$$00000007)
    .ARM.Collect$$libshutdown$$0000000A      0x00021006   Section        0  libshutdown2.o(.ARM.Collect$$libshutdown$$0000000A)
    .ARM.Collect$$libshutdown$$0000000C      0x00021006   Section        0  libshutdown2.o(.ARM.Collect$$libshutdown$$0000000C)
    .ARM.Collect$$libshutdown$$0000000F      0x00021006   Section        0  libshutdown2.o(.ARM.Collect$$libshutdown$$0000000F)
    .ARM.Collect$$libshutdown$$00000010      0x00021006   Section        2  libshutdown2.o(.ARM.Collect$$libshutdown$$00000010)
    .ARM.Collect$$rtentry$$00000000          0x00021008   Section        0  __rtentry.o(.ARM.Collect$$rtentry$$00000000)
    .ARM.Collect$$rtentry$$00000002          0x00021008   Section        0  __rtentry2.o(.ARM.Collect$$rtentry$$00000002)
    .ARM.Collect$$rtentry$$00000004          0x00021008   Section        6  __rtentry4.o(.ARM.Collect$$rtentry$$00000004)
    .ARM.Collect$$rtentry$$00000009          0x0002100e   Section        0  __rtentry2.o(.ARM.Collect$$rtentry$$00000009)
    .ARM.Collect$$rtentry$$0000000A          0x0002100e   Section        4  __rtentry2.o(.ARM.Collect$$rtentry$$0000000A)
    .ARM.Collect$$rtentry$$0000000C          0x00021012   Section        0  __rtentry2.o(.ARM.Collect$$rtentry$$0000000C)
    .ARM.Collect$$rtentry$$0000000D          0x00021012   Section        8  __rtentry2.o(.ARM.Collect$$rtentry$$0000000D)
    .ARM.Collect$$rtexit$$00000000           0x0002101a   Section        2  rtexit.o(.ARM.Collect$$rtexit$$00000000)
    .ARM.Collect$$rtexit$$00000002           0x0002101c   Section        0  rtexit2.o(.ARM.Collect$$rtexit$$00000002)
    .ARM.Collect$$rtexit$$00000003           0x0002101c   Section        4  rtexit2.o(.ARM.Collect$$rtexit$$00000003)
    .ARM.Collect$$rtexit$$00000004           0x00021020   Section        6  rtexit2.o(.ARM.Collect$$rtexit$$00000004)
    .text                                    0x00021028   Section       56  startup_cmsdk_cm0.o(.text)
    .text                                    0x00021060   Section        0  heapauxi.o(.text)
    .text                                    0x00021066   Section       62  sys_stackheap_outer.o(.text)
    .text                                    0x000210a4   Section        0  exit.o(.text)
    .text                                    0x000210b4   Section        8  libspace.o(.text)
    .text                                    0x000210bc   Section        0  sys_exit.o(.text)
    .text                                    0x000210c8   Section        2  use_no_semi.o(.text)
    .text                                    0x000210ca   Section        0  indicate_semi.o(.text)
    i.SystemInit                             0x000210cc   Section        0  system_cmsdk.o(i.SystemInit)
    i.main                                   0x000210dc   Section        0  main.o(i.main)
    RESET                                    0x20000000   Section      160  startup_cmsdk_cm0.o(RESET)
    !!!main                                  0x200000a0   Section        8  __main.o(!!!main)
    !!!scatter                               0x200000a8   Section       60  __scatter.o(!!!scatter)
    !!handler_copy                           0x200000e4   Section       26  __scatter_copy.o(!!handler_copy)
    !!handler_zi                             0x20000100   Section       28  __scatter_zi.o(!!handler_zi)
    .data                                    0x20005100   Section        8  system_cmsdk.o(.data)
    .bss                                     0x20005108   Section       96  libspace.o(.bss)
    HEAP                                     0x20005168   Section      256  startup_cmsdk_cm0.o(HEAP)
    Heap_Mem                                 0x20005168   Data         256  startup_cmsdk_cm0.o(HEAP)
    STACK                                    0x20005268   Section      512  startup_cmsdk_cm0.o(STACK)
    Stack_Mem                                0x20005268   Data         512  startup_cmsdk_cm0.o(STACK)
    __initial_sp                             0x20005468   Data           0  startup_cmsdk_cm0.o(STACK)

    Global Symbols

    Symbol Name                              Value     Ov Type        Size  Object(Section)

    BuildAttributes$$THM_ISAv3M$S$PE$A:L22$X:L11$S22$IEEE1$IW$USESV6$~STKCKD$USESV7$~SHL$OSPACE$ROPI$EBA8$UX$STANDARDLIB$REQ8$PRES8$EABIv2 0x00000000   Number         0  anon$$obj.o ABSOLUTE
    __ARM_use_no_argv                        0x00000000   Number         0  main.o ABSOLUTE
    __ARM_exceptions_init                     - Undefined Weak Reference
    __alloca_initialize                       - Undefined Weak Reference
    __arm_preinit_                            - Undefined Weak Reference
    __cpp_initialize__aeabi_                  - Undefined Weak Reference
    __cxa_finalize                            - Undefined Weak Reference
    __rt_locale                               - Undefined Weak Reference
    __sigvec_lookup                           - Undefined Weak Reference
    _atexit_init                              - Undefined Weak Reference
    _call_atexit_fns                          - Undefined Weak Reference
    _clock_init                               - Undefined Weak Reference
    _fp_trap_init                             - Undefined Weak Reference
    _fp_trap_shutdown                         - Undefined Weak Reference
    _get_lc_collate                           - Undefined Weak Reference
    _get_lc_ctype                             - Undefined Weak Reference
    _get_lc_monetary                          - Undefined Weak Reference
    _get_lc_numeric                           - Undefined Weak Reference
    _get_lc_time                              - Undefined Weak Reference
    _getenv_init                              - Undefined Weak Reference
    _handle_redirection                       - Undefined Weak Reference
    _init_alloc                               - Undefined Weak Reference
    _init_user_alloc                          - Undefined Weak Reference
    _initio                                   - Undefined Weak Reference
    _rand_init                                - Undefined Weak Reference
    _signal_finish                            - Undefined Weak Reference
    _signal_init                              - Undefined Weak Reference
    _terminate_alloc                          - Undefined Weak Reference
    _terminate_user_alloc                     - Undefined Weak Reference
    _terminateio                              - Undefined Weak Reference
    __Vectors_Size                           0x000000a0   Number         0  startup_cmsdk_cm0.o ABSOLUTE
    __rt_lib_init                            0x00021001   Thumb Code     0  libinit.o(.ARM.Collect$$libinit$$00000000)
    __rt_lib_init_alloca_1                   0x00021003   Thumb Code     0  libinit2.o(.ARM.Collect$$libinit$$0000002E)
    __rt_lib_init_argv_1                     0x00021003   Thumb Code     0  libinit2.o(.ARM.Collect$$libinit$$0000002C)
    __rt_lib_init_atexit_1                   0x00021003   Thumb Code     0  libinit2.o(.ARM.Collect$$libinit$$0000001B)
    __rt_lib_init_clock_1                    0x00021003   Thumb Code     0  libinit2.o(.ARM.Collect$$libinit$$00000021)
    __rt_lib_init_cpp_1                      0x00021003   Thumb Code     0  libinit2.o(.ARM.Collect$$libinit$$00000032)
    __rt_lib_init_exceptions_1               0x00021003   Thumb Code     0  libinit2.o(.ARM.Collect$$libinit$$00000030)
    __rt_lib_init_fp_1                       0x00021003   Thumb Code     0  libinit2.o(.ARM.Collect$$libinit$$00000002)
    __rt_lib_init_fp_trap_1                  0x00021003   Thumb Code     0  libinit2.o(.ARM.Collect$$libinit$$0000001F)
    __rt_lib_init_getenv_1                   0x00021003   Thumb Code     0  libinit2.o(.ARM.Collect$$libinit$$00000023)
    __rt_lib_init_heap_1                     0x00021003   Thumb Code     0  libinit2.o(.ARM.Collect$$libinit$$0000000A)
    __rt_lib_init_lc_collate_1               0x00021003   Thumb Code     0  libinit2.o(.ARM.Collect$$libinit$$00000011)
    __rt_lib_init_lc_ctype_1                 0x00021003   Thumb Code     0  libinit2.o(.ARM.Collect$$libinit$$00000013)
    __rt_lib_init_lc_monetary_1              0x00021003   Thumb Code     0  libinit2.o(.ARM.Collect$$libinit$$00000015)
    __rt_lib_init_lc_numeric_1               0x00021003   Thumb Code     0  libinit2.o(.ARM.Collect$$libinit$$00000017)
    __rt_lib_init_lc_time_1                  0x00021003   Thumb Code     0  libinit2.o(.ARM.Collect$$libinit$$00000019)
    __rt_lib_init_preinit_1                  0x00021003   Thumb Code     0  libinit2.o(.ARM.Collect$$libinit$$00000004)
    __rt_lib_init_rand_1                     0x00021003   Thumb Code     0  libinit2.o(.ARM.Collect$$libinit$$0000000E)
    __rt_lib_init_return                     0x00021003   Thumb Code     0  libinit2.o(.ARM.Collect$$libinit$$00000033)
    __rt_lib_init_signal_1                   0x00021003   Thumb Code     0  libinit2.o(.ARM.Collect$$libinit$$0000001D)
    __rt_lib_init_stdio_1                    0x00021003   Thumb Code     0  libinit2.o(.ARM.Collect$$libinit$$00000025)
    __rt_lib_init_user_alloc_1               0x00021003   Thumb Code     0  libinit2.o(.ARM.Collect$$libinit$$0000000C)
    __rt_lib_shutdown                        0x00021005   Thumb Code     0  libshutdown.o(.ARM.Collect$$libshutdown$$00000000)
    __rt_lib_shutdown_cpp_1                  0x00021007   Thumb Code     0  libshutdown2.o(.ARM.Collect$$libshutdown$$00000002)
    __rt_lib_shutdown_fp_trap_1              0x00021007   Thumb Code     0  libshutdown2.o(.ARM.Collect$$libshutdown$$00000007)
    __rt_lib_shutdown_heap_1                 0x00021007   Thumb Code     0  libshutdown2.o(.ARM.Collect$$libshutdown$$0000000F)
    __rt_lib_shutdown_return                 0x00021007   Thumb Code     0  libshutdown2.o(.ARM.Collect$$libshutdown$$00000010)
    __rt_lib_shutdown_signal_1               0x00021007   Thumb Code     0  libshutdown2.o(.ARM.Collect$$libshutdown$$0000000A)
    __rt_lib_shutdown_stdio_1                0x00021007   Thumb Code     0  libshutdown2.o(.ARM.Collect$$libshutdown$$00000004)
    __rt_lib_shutdown_user_alloc_1           0x00021007   Thumb Code     0  libshutdown2.o(.ARM.Collect$$libshutdown$$0000000C)
    __rt_entry                               0x00021009   Thumb Code     0  __rtentry.o(.ARM.Collect$$rtentry$$00000000)
    __rt_entry_presh_1                       0x00021009   Thumb Code     0  __rtentry2.o(.ARM.Collect$$rtentry$$00000002)
    __rt_entry_sh                            0x00021009   Thumb Code     0  __rtentry4.o(.ARM.Collect$$rtentry$$00000004)
    __rt_entry_li                            0x0002100f   Thumb Code     0  __rtentry2.o(.ARM.Collect$$rtentry$$0000000A)
    __rt_entry_postsh_1                      0x0002100f   Thumb Code     0  __rtentry2.o(.ARM.Collect$$rtentry$$00000009)
    __rt_entry_main                          0x00021013   Thumb Code     0  __rtentry2.o(.ARM.Collect$$rtentry$$0000000D)
    __rt_entry_postli_1                      0x00021013   Thumb Code     0  __rtentry2.o(.ARM.Collect$$rtentry$$0000000C)
    __rt_exit                                0x0002101b   Thumb Code     0  rtexit.o(.ARM.Collect$$rtexit$$00000000)
    __rt_exit_ls                             0x0002101d   Thumb Code     0  rtexit2.o(.ARM.Collect$$rtexit$$00000003)
    __rt_exit_prels_1                        0x0002101d   Thumb Code     0  rtexit2.o(.ARM.Collect$$rtexit$$00000002)
    __rt_exit_exit                           0x00021021   Thumb Code     0  rtexit2.o(.ARM.Collect$$rtexit$$00000004)
    Reset_Handler                            0x00021029   Thumb Code     8  startup_cmsdk_cm0.o(.text)
    NMI_Handler                              0x00021031   Thumb Code     2  startup_cmsdk_cm0.o(.text)
    HardFault_Handler                        0x00021033   Thumb Code     2  startup_cmsdk_cm0.o(.text)
    SVC_Handler                              0x00021035   Thumb Code     2  startup_cmsdk_cm0.o(.text)
    PendSV_Handler                           0x00021037   Thumb Code     2  startup_cmsdk_cm0.o(.text)
    SysTick_Handler                          0x00021039   Thumb Code     2  startup_cmsdk_cm0.o(.text)
    ADC_Handler                              0x0002103b   Thumb Code     0  startup_cmsdk_cm0.o(.text)
    BLE_CRYPT_Handler                        0x0002103b   Thumb Code     0  startup_cmsdk_cm0.o(.text)
    BLE_CSCNT_Handler                        0x0002103b   Thumb Code     0  startup_cmsdk_cm0.o(.text)
    BLE_ERROR_Handler                        0x0002103b   Thumb Code     0  startup_cmsdk_cm0.o(.text)
    BLE_EVENT_Handler                        0x0002103b   Thumb Code     0  startup_cmsdk_cm0.o(.text)
    BLE_FINETGTIM_Handler                    0x0002103b   Thumb Code     0  startup_cmsdk_cm0.o(.text)
    BLE_GROSSTGTIM_Handler                   0x0002103b   Thumb Code     0  startup_cmsdk_cm0.o(.text)
    BLE_RADIOCNTL_Handler                    0x0002103b   Thumb Code     0  startup_cmsdk_cm0.o(.text)
    BLE_RX_Handler                           0x0002103b   Thumb Code     0  startup_cmsdk_cm0.o(.text)
    BLE_SLP_Handler                          0x0002103b   Thumb Code     0  startup_cmsdk_cm0.o(.text)
    BLE_WAKEUP_LP_Handler                    0x0002103b   Thumb Code     0  startup_cmsdk_cm0.o(.text)
    GPIO0_Handler                            0x0002103b   Thumb Code     0  startup_cmsdk_cm0.o(.text)
    GPIO1_Handler                            0x0002103b   Thumb Code     0  startup_cmsdk_cm0.o(.text)
    GPIO2_Handler                            0x0002103b   Thumb Code     0  startup_cmsdk_cm0.o(.text)
    GPIO3_Handler                            0x0002103b   Thumb Code     0  startup_cmsdk_cm0.o(.text)
    GPIO4_Handler                            0x0002103b   Thumb Code     0  startup_cmsdk_cm0.o(.text)
    I2C_Handler                              0x0002103b   Thumb Code     0  startup_cmsdk_cm0.o(.text)
    KEYBRD_Handler                           0x0002103b   Thumb Code     0  startup_cmsdk_cm0.o(.text)
    RFCAL_Handler                            0x0002103b   Thumb Code     0  startup_cmsdk_cm0.o(.text)
    SPI_Handler                              0x0002103b   Thumb Code     0  startup_cmsdk_cm0.o(.text)
    SWTIM_Handler                            0x0002103b   Thumb Code     0  startup_cmsdk_cm0.o(.text)
    UART2_Handler                            0x0002103b   Thumb Code     0  startup_cmsdk_cm0.o(.text)
    UART_Handler                             0x0002103b   Thumb Code     0  startup_cmsdk_cm0.o(.text)
    WUPCT_Handler                            0x0002103b   Thumb Code     0  startup_cmsdk_cm0.o(.text)
    __user_initial_stackheap                 0x0002103d   Thumb Code     0  startup_cmsdk_cm0.o(.text)
    __use_two_region_memory                  0x00021061   Thumb Code     2  heapauxi.o(.text)
    __rt_heap_escrow$2region                 0x00021063   Thumb Code     2  heapauxi.o(.text)
    __rt_heap_expand$2region                 0x00021065   Thumb Code     2  heapauxi.o(.text)
    __user_setup_stackheap                   0x00021067   Thumb Code    62  sys_stackheap_outer.o(.text)
    exit                                     0x000210a5   Thumb Code    16  exit.o(.text)
    __user_libspace                          0x000210b5   Thumb Code     8  libspace.o(.text)
    __user_perproc_libspace                  0x000210b5   Thumb Code     0  libspace.o(.text)
    __user_perthread_libspace                0x000210b5   Thumb Code     0  libspace.o(.text)
    _sys_exit                                0x000210bd   Thumb Code     8  sys_exit.o(.text)
    __I$use$semihosting                      0x000210c9   Thumb Code     0  use_no_semi.o(.text)
    __use_no_semihosting_swi                 0x000210c9   Thumb Code     2  use_no_semi.o(.text)
    __semihosting_library_function           0x000210cb   Thumb Code     0  indicate_semi.o(.text)
    SystemInit                               0x000210cd   Thumb Code     8  system_cmsdk.o(i.SystemInit)
    main                                     0x000210dd   Thumb Code   166  main.o(i.main)
    __Vectors                                0x20000000   Data           4  startup_cmsdk_cm0.o(RESET)
    __Vectors_End                            0x200000a0   Data           0  startup_cmsdk_cm0.o(RESET)
    __main                                   0x200000a1   Thumb Code     8  __main.o(!!!main)
    __scatterload                            0x200000a9   Thumb Code     0  __scatter.o(!!!scatter)
    __scatterload_rt2                        0x200000a9   Thumb Code    52  __scatter.o(!!!scatter)
    __scatterload_rt2_thumb_only             0x200000a9   Thumb Code     0  __scatter.o(!!!scatter)
    __scatterload_null                       0x200000b9   Thumb Code     0  __scatter.o(!!!scatter)
    __scatterload_copy                       0x200000e5   Thumb Code    26  __scatter_copy.o(!!handler_copy)
    __scatterload_zeroinit                   0x20000101   Thumb Code    28  __scatter_zi.o(!!handler_zi)
    Long Thumb to Thumb Veneer to __rt_entry 0x2000011d   Thumb Code    12  anon$$obj.o(Veneer$$Code)
    Region$$Table$$Base                      0x20000128   Number         0  anon$$obj.o(Region$$Table)
    Region$$Table$$Limit                     0x20000148   Number         0  anon$$obj.o(Region$$Table)
    SystemFrequency                          0x20005100   Data           4  system_cmsdk.o(.data)
    SystemCoreClock                          0x20005104   Data           4  system_cmsdk.o(.data)
    __libspace_start                         0x20005108   Data          96  libspace.o(.bss)
    __temporary_stack_top$libspace           0x20005168   Data           0  libspace.o(.bss)



==============================================================================

Memory Map of the image

  Image Entry point : 0x200000a1

  Load Region LR_IROM1 (Base: 0x20000000, Size: 0x00000150, Max: 0x00005000, ABSOLUTE)

    Execution Region RW_IRAM2 (Base: 0x00008000, Size: 0x00000000, Max: 0x00001000, ABSOLUTE)

    **** No section assigned to this execution region ****


    Execution Region ER_IROM1 (Base: 0x20000000, Size: 0x00000148, Max: 0x00005000, ABSOLUTE)

    Base Addr    Size         Type   Attr      Idx    E Section Name        Object

    0x20000000   0x000000a0   Data   RO           29    RESET               startup_cmsdk_cm0.o
    0x200000a0   0x00000008   Code   RO           63  * !!!main             c_p.l(__main.o)
    0x200000a8   0x0000003c   Code   RO          222    !!!scatter          c_p.l(__scatter.o)
    0x200000e4   0x0000001a   Code   RO          224    !!handler_copy      c_p.l(__scatter_copy.o)
    0x200000fe   0x00000002   PAD
    0x20000100   0x0000001c   Code   RO          226    !!handler_zi        c_p.l(__scatter_zi.o)
    0x2000011c   0x0000000c   Ven    RO          228    Veneer$$Code        anon$$obj.o
    0x20000128   0x00000020   Data   RO          220    Region$$Table       anon$$obj.o


    Execution Region RW_IRAM1 (Base: 0x20005100, Size: 0x00000368, Max: 0x00005600, ABSOLUTE)

    Base Addr    Size         Type   Attr      Idx    E Section Name        Object

    0x20005100   0x00000008   Data   RW            3    .data               system_cmsdk.o
    0x20005108   0x00000060   Zero   RW           93    .bss                c_p.l(libspace.o)
    0x20005168   0x00000100   Zero   RW           28    HEAP                startup_cmsdk_cm0.o
    0x20005268   0x00000200   Zero   RW           27    STACK               startup_cmsdk_cm0.o



  Load Region LR_IROM2 (Base: 0x00021000, Size: 0x00000198, Max: 0x00013f00, ABSOLUTE)

    Execution Region ER_IROM2 (Base: 0x00021000, Size: 0x00000198, Max: 0x00013f00, ABSOLUTE)

    Base Addr    Size         Type   Attr      Idx    E Section Name        Object

    0x00021000   0x00000002   Code   RO           91    .ARM.Collect$$libinit$$00000000  c_p.l(libinit.o)
    0x00021002   0x00000000   Code   RO           99    .ARM.Collect$$libinit$$00000002  c_p.l(libinit2.o)
    0x00021002   0x00000000   Code   RO          101    .ARM.Collect$$libinit$$00000004  c_p.l(libinit2.o)
    0x00021002   0x00000000   Code   RO          104    .ARM.Collect$$libinit$$0000000A  c_p.l(libinit2.o)
    0x00021002   0x00000000   Code   RO          106    .ARM.Collect$$libinit$$0000000C  c_p.l(libinit2.o)
    0x00021002   0x00000000   Code   RO          108    .ARM.Collect$$libinit$$0000000E  c_p.l(libinit2.o)
    0x00021002   0x00000000   Code   RO          111    .ARM.Collect$$libinit$$00000011  c_p.l(libinit2.o)
    0x00021002   0x00000000   Code   RO          113    .ARM.Collect$$libinit$$00000013  c_p.l(libinit2.o)
    0x00021002   0x00000000   Code   RO          115    .ARM.Collect$$libinit$$00000015  c_p.l(libinit2.o)
    0x00021002   0x00000000   Code   RO          117    .ARM.Collect$$libinit$$00000017  c_p.l(libinit2.o)
    0x00021002   0x00000000   Code   RO          119    .ARM.Collect$$libinit$$00000019  c_p.l(libinit2.o)
    0x00021002   0x00000000   Code   RO          121    .ARM.Collect$$libinit$$0000001B  c_p.l(libinit2.o)
    0x00021002   0x00000000   Code   RO          123    .ARM.Collect$$libinit$$0000001D  c_p.l(libinit2.o)
    0x00021002   0x00000000   Code   RO          125    .ARM.Collect$$libinit$$0000001F  c_p.l(libinit2.o)
    0x00021002   0x00000000   Code   RO          127    .ARM.Collect$$libinit$$00000021  c_p.l(libinit2.o)
    0x00021002   0x00000000   Code   RO          129    .ARM.Collect$$libinit$$00000023  c_p.l(libinit2.o)
    0x00021002   0x00000000   Code   RO          131    .ARM.Collect$$libinit$$00000025  c_p.l(libinit2.o)
    0x00021002   0x00000000   Code   RO          135    .ARM.Collect$$libinit$$0000002C  c_p.l(libinit2.o)
    0x00021002   0x00000000   Code   RO          137    .ARM.Collect$$libinit$$0000002E  c_p.l(libinit2.o)
    0x00021002   0x00000000   Code   RO          139    .ARM.Collect$$libinit$$00000030  c_p.l(libinit2.o)
    0x00021002   0x00000000   Code   RO          141    .ARM.Collect$$libinit$$00000032  c_p.l(libinit2.o)
    0x00021002   0x00000002   Code   RO          142    .ARM.Collect$$libinit$$00000033  c_p.l(libinit2.o)
    0x00021004   0x00000002   Code   RO          162    .ARM.Collect$$libshutdown$$00000000  c_p.l(libshutdown.o)
    0x00021006   0x00000000   Code   RO          175    .ARM.Collect$$libshutdown$$00000002  c_p.l(libshutdown2.o)
    0x00021006   0x00000000   Code   RO          177    .ARM.Collect$$libshutdown$$00000004  c_p.l(libshutdown2.o)
    0x00021006   0x00000000   Code   RO          180    .ARM.Collect$$libshutdown$$00000007  c_p.l(libshutdown2.o)
    0x00021006   0x00000000   Code   RO          183    .ARM.Collect$$libshutdown$$0000000A  c_p.l(libshutdown2.o)
    0x00021006   0x00000000   Code   RO          185    .ARM.Collect$$libshutdown$$0000000C  c_p.l(libshutdown2.o)
    0x00021006   0x00000000   Code   RO          188    .ARM.Collect$$libshutdown$$0000000F  c_p.l(libshutdown2.o)
    0x00021006   0x00000002   Code   RO          189    .ARM.Collect$$libshutdown$$00000010  c_p.l(libshutdown2.o)
    0x00021008   0x00000000   Code   RO           65    .ARM.Collect$$rtentry$$00000000  c_p.l(__rtentry.o)
    0x00021008   0x00000000   Code   RO           67    .ARM.Collect$$rtentry$$00000002  c_p.l(__rtentry2.o)
    0x00021008   0x00000006   Code   RO           79    .ARM.Collect$$rtentry$$00000004  c_p.l(__rtentry4.o)
    0x0002100e   0x00000000   Code   RO           69    .ARM.Collect$$rtentry$$00000009  c_p.l(__rtentry2.o)
    0x0002100e   0x00000004   Code   RO           70    .ARM.Collect$$rtentry$$0000000A  c_p.l(__rtentry2.o)
    0x00021012   0x00000000   Code   RO           72    .ARM.Collect$$rtentry$$0000000C  c_p.l(__rtentry2.o)
    0x00021012   0x00000008   Code   RO           73    .ARM.Collect$$rtentry$$0000000D  c_p.l(__rtentry2.o)
    0x0002101a   0x00000002   Code   RO           96    .ARM.Collect$$rtexit$$00000000  c_p.l(rtexit.o)
    0x0002101c   0x00000000   Code   RO          144    .ARM.Collect$$rtexit$$00000002  c_p.l(rtexit2.o)
    0x0002101c   0x00000004   Code   RO          145    .ARM.Collect$$rtexit$$00000003  c_p.l(rtexit2.o)
    0x00021020   0x00000006   Code   RO          146    .ARM.Collect$$rtexit$$00000004  c_p.l(rtexit2.o)
    0x00021026   0x00000002   PAD
    0x00021028   0x00000038   Code   RO           30    .text               startup_cmsdk_cm0.o
    0x00021060   0x00000006   Code   RO           61    .text               c_p.l(heapauxi.o)
    0x00021066   0x0000003e   Code   RO           81    .text               c_p.l(sys_stackheap_outer.o)
    0x000210a4   0x00000010   Code   RO           84    .text               c_p.l(exit.o)
    0x000210b4   0x00000008   Code   RO           92    .text               c_p.l(libspace.o)
    0x000210bc   0x0000000c   Code   RO          154    .text               c_p.l(sys_exit.o)
    0x000210c8   0x00000002   Code   RO          165    .text               c_p.l(use_no_semi.o)
    0x000210ca   0x00000000   Code   RO          167    .text               c_p.l(indicate_semi.o)
    0x000210ca   0x00000002   PAD
    0x000210cc   0x00000010   Code   RO            2    i.SystemInit        system_cmsdk.o
    0x000210dc   0x000000bc   Code   RO           35    i.main              main.o


==============================================================================

Image component sizes


      Code (inc. data)   RO Data    RW Data    ZI Data      Debug   Object Name

       188         22          0          0          0        495   main.o
        56         26        160          0        768        656   startup_cmsdk_cm0.o
        16          8          0          8          0       5007   system_cmsdk.o

    ----------------------------------------------------------------------
       272         60        192          8        768       6158   Object Totals
        12          4         32          0          0          0   (incl. Generated)
         0          0          0          0          0          0   (incl. Padding)

    ----------------------------------------------------------------------

      Code (inc. data)   RO Data    RW Data    ZI Data      Debug   Library Member Name

         8          0          0          0          0         68   __main.o
         0          0          0          0          0          0   __rtentry.o
        12          0          0          0          0          0   __rtentry2.o
         6          0          0          0          0          0   __rtentry4.o
        60          8          0          0          0          0   __scatter.o
        26          0          0          0          0          0   __scatter_copy.o
        28          0          0          0          0          0   __scatter_zi.o
        16          0          0          0          0         68   exit.o
         6          0          0          0          0        136   heapauxi.o
         0          0          0          0          0          0   indicate_semi.o
         2          0          0          0          0          0   libinit.o
         2          0          0          0          0          0   libinit2.o
         2          0          0          0          0          0   libshutdown.o
         2          0          0          0          0          0   libshutdown2.o
         8          4          0          0         96         68   libspace.o
         2          0          0          0          0          0   rtexit.o
        10          0          0          0          0          0   rtexit2.o
        12          4          0          0          0         60   sys_exit.o
        62          0          0          0          0         80   sys_stackheap_outer.o
         2          0          0          0          0         68   use_no_semi.o

    ----------------------------------------------------------------------
       272         16          0          0         96        548   Library Totals
         6          0          0          0          0          0   (incl. Padding)

    ----------------------------------------------------------------------

      Code (inc. data)   RO Data    RW Data    ZI Data      Debug   Library Name

       266         16          0          0         96        548   c_p.l

    ----------------------------------------------------------------------
       272         16          0          0         96        548   Library Totals

    ----------------------------------------------------------------------

==============================================================================


      Code (inc. data)   RO Data    RW Data    ZI Data      Debug   

       544         76        192          8        864       6614   Grand Totals
       544         76        192          8        864       6614   ELF Image Totals
       544         76        192          8          0          0   ROM Totals

==============================================================================

    Total RO  Size (Code + RO Data)                  736 (   0.72kB)
    Total RW  Size (RW Data + ZI Data)               872 (   0.85kB)
    Total ROM Size (Code + RO Data + RW Data)        744 (   0.73kB)

==============================================================================

