<html>
<body>
<pre>
<h1>µVision Build Log</h1>
<h2>Tool Versions:</h2>
IDE-Version: ¦ÌVision V5.22.0.0
Copyright (C) 2016 ARM Ltd and ARM Germany GmbH. All rights reserved.
License Information: Nin Feion, SZU, LIC=50DUH-WTYSH-ZCZJY-IACAW-U8XH3-EVFM3
 
Tool Versions:
Toolchain:       MDK-ARM Professional  Version: 5.22
Toolchain Path:  C:\Keil_v5\ARM\ARMCC\Bin
C Compiler:      Armcc.exe V5.06 update 4 (build 422)
Assembler:       Armasm.exe V5.06 update 4 (build 422)
Linker/Locator:  ArmLink.exe V5.06 update 4 (build 422)
Library Manager: ArmAr.exe V5.06 update 4 (build 422)
Hex Converter:   FromElf.exe V5.06 update 4 (build 422)
CPU DLL:         SARMCM3.DLL V5.22
Dialog DLL:      DARMCM1.DLL V1.15.0.0
Target DLL:      Segger\JL2CM3.dll V2.99.23.0
Dialog DLL:      TARMCM1.DLL V1.11.0.0
 
<h2>Project:</h2>
C:\Ninfeion_Git\BBPrisonGod\hardware\firmware\KEIL_V5\Template\da1458x_template.uvproj
Project File Date:  01/07/2017

<h2>Output:</h2>
*** Using Compiler 'V5.06 update 4 (build 422)', folder: 'C:\Keil_v5\ARM\ARMCC\Bin'
Rebuild target 'Cortex-M0 SDK - Simulator'
*** Scatter Error: no default 'Read/Write' range selected
assembling startup_CMSDK_CM0.s...
compiling system_CMSDK.c...
compiling demo.c...
compiling peripherals.c...
linking...
Program Size: Code=540 RO-data=192 RW-data=8 ZI-data=864  
FromELF: creating hex file...
".\hex\da1458x_template.axf" - 0 Error(s), 0 Warning(s).
Build Time Elapsed:  00:00:01
</pre>
</body>
</html>
